Component: ARM Compiler 5.05 update 1 (build 106) Tool: armlink [4d0efa]

==============================================================================

Section Cross References

    main.o(i.main) refers to main.o(i.system_init) for system_init
    main.o(i.main) refers to os_core.o(i.OSInit) for OSInit
    main.o(i.main) refers to os_task.o(i.OSTaskCreate) for OSTaskCreate
    main.o(i.main) refers to os_core.o(i.OSStart) for OSStart
    main.o(i.main) refers to main.o(.bss) for .bss
    main.o(i.main) refers to main.o(i.start_task) for start_task
    main.o(i.main_task) refers to lcd.o(i.LCD_Clear) for LCD_Clear
    main.o(i.main_task) refers to settings.o(i.sysset_play) for sysset_play
    main.o(i.main_task) refers to key.o(i.KEY_Scan) for KEY_Scan
    main.o(i.main_task) refers to calendar.o(i.calendar_play) for calendar_play
    main.o(i.main_task) refers to delay.o(i.delay_ms) for delay_ms
    main.o(i.main_task) refers to main.o(.data) for .data
    main.o(i.start_task) refers to os_core.o(i.OSStatInit) for OSStatInit
    main.o(i.start_task) refers to common.o(i.app_srand) for app_srand
    main.o(i.start_task) refers to gui.o(i.gui_init) for gui_init
    main.o(i.start_task) refers to piclib.o(i.piclib_init) for piclib_init
    main.o(i.start_task) refers to os_cpu_a.o(.text) for OS_CPU_SR_Save
    main.o(i.start_task) refers to os_task.o(i.OSTaskCreate) for OSTaskCreate
    main.o(i.start_task) refers to os_task.o(i.OSTaskSuspend) for OSTaskSuspend
    main.o(i.start_task) refers to os_core.o(.data) for OSTime
    main.o(i.start_task) refers to main.o(.bss) for .bss
    main.o(i.start_task) refers to main.o(i.main_task) for main_task
    main.o(i.start_task) refers to main.o(i.usart_task) for usart_task
    main.o(i.start_task) refers to main.o(i.watch_task) for watch_task
    main.o(i.system_error_show) refers to lcd.o(i.LCD_ShowString) for LCD_ShowString
    main.o(i.system_error_show) refers to delay.o(i.delay_ms) for delay_ms
    main.o(i.system_error_show) refers to lcd.o(i.LCD_Fill) for LCD_Fill
    main.o(i.system_error_show) refers to lcd.o(.data) for POINT_COLOR
    main.o(i.system_error_show) refers to lcd.o(.bss) for lcddev
    main.o(i.system_files_erase) refers to lcd.o(i.LCD_ShowString) for LCD_ShowString
    main.o(i.system_files_erase) refers to gui.o(i.gui_fill_rectangle) for gui_fill_rectangle
    main.o(i.system_files_erase) refers to key.o(i.KEY_Scan) for KEY_Scan
    main.o(i.system_files_erase) refers to delay.o(i.delay_ms) for delay_ms
    main.o(i.system_files_erase) refers to flash.o(i.SPI_Flash_Erase_Chip) for SPI_Flash_Erase_Chip
    main.o(i.system_files_erase) refers to lcd.o(.data) for POINT_COLOR
    main.o(i.system_files_erase) refers to lcd.o(.bss) for lcddev
    main.o(i.system_font_update_confirm) refers to lcd.o(i.LCD_ShowString) for LCD_ShowString
    main.o(i.system_font_update_confirm) refers to gui.o(i.gui_fill_rectangle) for gui_fill_rectangle
    main.o(i.system_font_update_confirm) refers to key.o(i.KEY_Scan) for KEY_Scan
    main.o(i.system_font_update_confirm) refers to delay.o(i.delay_ms) for delay_ms
    main.o(i.system_font_update_confirm) refers to lcd.o(.data) for POINT_COLOR
    main.o(i.system_font_update_confirm) refers to lcd.o(.bss) for lcddev
    main.o(i.system_init) refers to _printf_pad.o(.text) for _printf_pre_padding
    main.o(i.system_init) refers to _printf_percent.o(.ARM.Collect$$_printf_percent$$00000000) for _printf_percent
    main.o(i.system_init) refers to _printf_x.o(.ARM.Collect$$_printf_percent$$0000000C) for _printf_x
    main.o(i.system_init) refers to _printf_hex_int.o(.text) for _printf_longlong_hex
    main.o(i.system_init) refers to misc.o(i.NVIC_PriorityGroupConfig) for NVIC_PriorityGroupConfig
    main.o(i.system_init) refers to delay.o(i.delay_init) for delay_init
    main.o(i.system_init) refers to usart.o(i.uart_init) for uart_init
    main.o(i.system_init) refers to lcd.o(i.LCD_Init) for LCD_Init
    main.o(i.system_init) refers to led.o(i.LED_Init) for LED_Init
    main.o(i.system_init) refers to key.o(i.KEY_Init) for KEY_Init
    main.o(i.system_init) refers to gui.o(i.gui_init) for gui_init
    main.o(i.system_init) refers to adc.o(i.Adc_Init) for Adc_Init
    main.o(i.system_init) refers to 24cxx.o(i.AT24CXX_Init) for AT24CXX_Init
    main.o(i.system_init) refers to flash.o(i.SPI_Flash_Init) for SPI_Flash_Init
    main.o(i.system_init) refers to malloc.o(i.mem_init) for mem_init
    main.o(i.system_init) refers to malloc.o(i.mymalloc) for mymalloc
    main.o(i.system_init) refers to exfuns.o(i.exfuns_init) for exfuns_init
    main.o(i.system_init) refers to lcd.o(i.LCD_Clear) for LCD_Clear
    main.o(i.system_init) refers to common.o(i.app_show_mono_icos) for app_show_mono_icos
    main.o(i.system_init) refers to lcd.o(i.LCD_ShowString) for LCD_ShowString
    main.o(i.system_init) refers to common.o(i.app_get_version) for app_get_version
    main.o(i.system_init) refers to strcpy.o(.text) for strcpy
[...]
    OSPrioCur                                0x200000d8   Data           1  os_core.o(.data)
    OSPrioHighRdy                            0x200000d9   Data           1  os_core.o(.data)
    OSRdyGrp                                 0x200000da   Data           1  os_core.o(.data)
    OSRunning                                0x200000db   Data           1  os_core.o(.data)
    OSTaskCtr                                0x200000dc   Data           1  os_core.o(.data)
    OSTickStepState                          0x200000dd   Data           1  os_core.o(.data)
    OSCtxSwCtr                               0x200000e0   Data           4  os_core.o(.data)
    OSEventFreeList                          0x200000e4   Data           4  os_core.o(.data)
    OSIdleCtrMax                             0x200000e8   Data           4  os_core.o(.data)
    OSIdleCtrRun                             0x200000ec   Data           4  os_core.o(.data)
    OSIdleCtr                                0x200000f0   Data           4  os_core.o(.data)
    OSTCBCur                                 0x200000f4   Data           4  os_core.o(.data)
    OSTCBFreeList                            0x200000f8   Data           4  os_core.o(.data)
    OSTCBHighRdy                             0x200000fc   Data           4  os_core.o(.data)
    OSTCBList                                0x20000100   Data           4  os_core.o(.data)
    OSTime                                   0x20000104   Data           4  os_core.o(.data)
    OSRdyTbl                                 0x20000108   Data           8  os_core.o(.data)
    OSFlagFreeList                           0x20000110   Data           4  os_core.o(.data)
    OSQFreeList                              0x20000114   Data           4  os_core.o(.data)
    in_obj                                   0x20000118   Data          14  gui.o(.data)
    asc2_s6030                               0x20000128   Data           4  common.o(.data)
    asc2_5427                                0x2000012c   Data           4  common.o(.data)
    asc2_3618                                0x20000130   Data           4  common.o(.data)
    asc2_2814                                0x20000134   Data           4  common.o(.data)
    random_seed                              0x20000140   Data           4  common.o(.data)
    alarm                                    0x2000014c   Data           5  calendar.o(.data)
    cpymsg_x                                 0x20000152   Data           2  settings.o(.data)
    cpymsg_y                                 0x20000154   Data           2  settings.o(.data)
    systemset                                0x20000156   Data           6  settings.o(.data)
    Data_Mul_MaxPacketSize                   0x2000015c   Data           1  usb_core.o(.data)
    StatusInfo                               0x2000015e   Data           2  usb_core.o(.data)
    EPindex                                  0x20000160   Data           1  usb_init.o(.data)
    pInformation                             0x20000164   Data           4  usb_init.o(.data)
    pProperty                                0x20000168   Data           4  usb_init.o(.data)
    pUser_Standard_Requests                  0x2000016c   Data           4  usb_init.o(.data)
    wInterrupt_Mask                          0x20000170   Data           2  usb_init.o(.data)
    SaveRState                               0x20000172   Data           2  usb_int.o(.data)
    SaveTState                               0x20000174   Data           2  usb_int.o(.data)
    Mass_Block_Size                          0x20000178   Data           8  mass_mal.o(.data)
    Mass_Block_Count                         0x20000180   Data           8  mass_mal.o(.data)
    TransferState                            0x20000188   Data           1  memory.o(.data)
    USB_STATUS_REG                           0x20000189   Data           1  memory.o(.data)
    Block_Read_count                         0x2000018c   Data           4  memory.o(.data)
    Counter                                  0x20000190   Data           4  memory.o(.data)
    Block_offset                             0x20000194   Data           4  memory.o(.data)
    Idx                                      0x20000198   Data           4  memory.o(.data)
    Data_Buffer                              0x2000019c   Data           4  memory.o(.data)
    Page00_Inquiry_Data                      0x200001c0   Data           5  scsi_data.o(.data)
    Standard_Inquiry_Data                    0x200001c5   Data          37  scsi_data.o(.data)
    Standard_Inquiry_Data2                   0x200001ea   Data          36  scsi_data.o(.data)
    Mode_Sense6_data                         0x2000020e   Data           4  scsi_data.o(.data)
    Mode_Sense10_data                        0x20000212   Data           8  scsi_data.o(.data)
    Scsi_Sense_Data                          0x2000021a   Data          18  scsi_data.o(.data)
    ReadCapacity10_Data                      0x2000022c   Data           8  scsi_data.o(.data)
    ReadFormatCapacity_Data                  0x20000234   Data          12  scsi_data.o(.data)
    Bot_State                                0x20000240   Data           1  usb_bot.o(.data)
    Data_Len                                 0x20000242   Data           2  usb_bot.o(.data)
    Bulk_Data_Buff                           0x20000244   Data           4  usb_bot.o(.data)
    SCSI_LBA                                 0x20000248   Data           4  usb_bot.o(.data)
    SCSI_BlkLen                              0x2000024c   Data           4  usb_bot.o(.data)
    MASS_StringSerial                        0x20000250   Data          26  usb_desc.o(.data)
    bIntPackSOF                              0x2000026a   Data           1  usb_istr.o(.data)
    wIstr                                    0x2000026c   Data           2  usb_istr.o(.data)
    pEpInt_IN                                0x20000270   Data          28  usb_istr.o(.data)
    pEpInt_OUT                               0x2000028c   Data          28  usb_istr.o(.data)
    Max_Lun                                  0x200002a8   Data           4  usb_prop.o(.data)
    Device_Descriptor                        0x200002ac   Data           8  usb_prop.o(.data)
    Config_Descriptor                        0x200002b4   Data           8  usb_prop.o(.data)
    Device_Property                          0x200002bc   Data          48  usb_prop.o(.data)
    String_Descriptor                        0x200002ec   Data          40  usb_prop.o(.data)
    Device_Table                             0x20000314   Data           2  usb_prop.o(.data)
    User_Standard_Requests                   0x20000318   Data          36  usb_prop.o(.data)
    bDeviceState                             0x2000033c   Data           4  usb_pwr.o(.data)
    fSuspendEnabled                          0x20000340   Data           1  usb_pwr.o(.data)
    ResumeS                                  0x20000344   Data           2  usb_pwr.o(.data)
    remotewakeupon                           0x20000348   Data           4  usb_pwr.o(.data)
    USART_RX_BUF                             0x20000b50   Data         200  usart.o(.bss)
    lcddev                                   0x20000c18   Data          14  lcd.o(.bss)
    SPI_InitStructure                        0x20000c26   Data          18  spi.o(.bss)
    membase                                  0x20000c38   Data       35840  malloc.o(.bss)
    memmapbase                               0x20009838   Data        2240  malloc.o(.bss)
    ftinfo                                   0x2000a0f8   Data          33  fontupd.o(.bss)
    picinfo                                  0x2000a11c   Data          40  piclib.o(.bss)
    pic_phy                                  0x2000a144   Data          20  piclib.o(.bss)
    OSEventTbl                               0x2000a158   Data         200  os_core.o(.bss)
    OSTaskStatStk                            0x2000a220   Data         256  os_core.o(.bss)
    OSTaskIdleStk                            0x2000a320   Data         256  os_core.o(.bss)
    OSTCBPrioTbl                             0x2000a420   Data         256  os_core.o(.bss)
    OSTCBTbl                                 0x2000a520   Data        1008  os_core.o(.bss)
    OSFlagTbl                                0x2000a910   Data          80  os_core.o(.bss)
    OSQTbl                                   0x2000a960   Data         120  os_core.o(.bss)
    gui_phy                                  0x2000a9d8   Data          29  gui.o(.bss)
    calendar                                 0x2000a9f6   Data          10  calendar.o(.bss)
    Device_Info                              0x2000aa00   Data          28  usb_init.o(.bss)
    Mass_Memory_Size                         0x2000aa20   Data          16  mass_mal.o(.bss)
    CBW                                      0x2000aa30   Data          32  usb_bot.o(.bss)
    CSW                                      0x2000aa50   Data          16  usb_bot.o(.bss)
    __libspace_start                         0x2000aa60   Data          96  libspace.o(.bss)
    __temporary_stack_top$libspace           0x2000aac0   Data           0  libspace.o(.bss)



==============================================================================

Memory Map of the image

  Image Entry point : 0x08000131

  Load Region LR_IROM1 (Base: 0x08000000, Size: 0x000183ec, Max: 0x00040000, ABSOLUTE, COMPRESSED[0x000181b0])

    Execution Region ER_IROM1 (Base: 0x08000000, Size: 0x000180a0, Max: 0x00040000, ABSOLUTE)

    Base Addr    Size         Type   Attr      Idx    E Section Name        Object

    0x08000000   0x00000130   Data   RO          471    RESET               startup_stm32f10x_hd.o
    0x08000130   0x00000008   Code   RO         8841  * !!!main             c_w.l(__main.o)
    0x08000138   0x00000034   Code   RO         9206    !!!scatter          c_w.l(__scatter.o)
    0x0800016c   0x0000005a   Code   RO         9204    !!dczerorl2         c_w.l(__dczerorl2.o)
    0x080001c6   0x00000002   PAD
    0x080001c8   0x0000001c   Code   RO         9208    !!handler_zi        c_w.l(__scatter_zi.o)
    0x080001e4   0x00000000   Code   RO         8826    .ARM.Collect$$_printf_percent$$00000000  c_w.l(_printf_percent.o)
    0x080001e4   0x00000006   Code   RO         8825    .ARM.Collect$$_printf_percent$$00000009  c_w.l(_printf_d.o)
    0x080001ea   0x00000006   Code   RO         8824    .ARM.Collect$$_printf_percent$$0000000C  c_w.l(_printf_x.o)
    0x080001f0   0x00000006   Code   RO         8823    .ARM.Collect$$_printf_percent$$00000014  c_w.l(_printf_s.o)
    0x080001f6   0x00000004   Code   RO         8960    .ARM.Collect$$_printf_percent$$00000017  c_w.l(_printf_percent_end.o)
    0x080001fa   0x00000002   Code   RO         9078    .ARM.Collect$$libinit$$00000000  c_w.l(libinit.o)
    0x080001fc   0x00000000   Code   RO         9092    .ARM.Collect$$libinit$$00000002  c_w.l(libinit2.o)
    0x080001fc   0x00000000   Code   RO         9094    .ARM.Collect$$libinit$$00000004  c_w.l(libinit2.o)
    0x080001fc   0x00000000   Code   RO         9097    .ARM.Collect$$libinit$$0000000A  c_w.l(libinit2.o)
    0x080001fc   0x00000000   Code   RO         9099    .ARM.Collect$$libinit$$0000000C  c_w.l(libinit2.o)
    0x080001fc   0x00000000   Code   RO         9101    .ARM.Collect$$libinit$$0000000E  c_w.l(libinit2.o)
    0x080001fc   0x00000000   Code   RO         9104    .ARM.Collect$$libinit$$00000011  c_w.l(libinit2.o)
    0x080001fc   0x00000000   Code   RO         9106    .ARM.Collect$$libinit$$00000013  c_w.l(libinit2.o)
    0x080001fc   0x00000000   Code   RO         9108    .ARM.Collect$$libinit$$00000015  c_w.l(libinit2.o)
    0x080001fc   0x00000000   Code   RO         9110    .ARM.Collect$$libinit$$00000017  c_w.l(libinit2.o)
    0x080001fc   0x00000000   Code   RO         9112    .ARM.Collect$$libinit$$00000019  c_w.l(libinit2.o)
    0x080001fc   0x00000000   Code   RO         9114    .ARM.Collect$$libinit$$0000001B  c_w.l(libinit2.o)
    0x080001fc   0x00000000   Code   RO         9116    .ARM.Collect$$libinit$$0000001D  c_w.l(libinit2.o)
    0x080001fc   0x00000000   Code   RO         9118    .ARM.Collect$$libinit$$0000001F  c_w.l(libinit2.o)
    0x080001fc   0x00000000   Code   RO         9120    .ARM.Collect$$libinit$$00000021  c_w.l(libinit2.o)
    0x080001fc   0x00000000   Code   RO         9122    .ARM.Collect$$libinit$$00000023  c_w.l(libinit2.o)
    0x080001fc   0x00000000   Code   RO         9124    .ARM.Collect$$libinit$$00000025  c_w.l(libinit2.o)
    0x080001fc   0x00000000   Code   RO         9128    .ARM.Collect$$libinit$$0000002C  c_w.l(libinit2.o)
    0x080001fc   0x00000000   Code   RO         9130    .ARM.Collect$$libinit$$0000002E  c_w.l(libinit2.o)
    0x080001fc   0x00000000   Code   RO         9132    .ARM.Collect$$libinit$$00000030  c_w.l(libinit2.o)
    0x080001fc   0x00000000   Code   RO         9134    .ARM.Collect$$libinit$$00000032  c_w.l(libinit2.o)
    0x080001fc   0x00000002   Code   RO         9135    .ARM.Collect$$libinit$$00000033  c_w.l(libinit2.o)
    0x080001fe   0x00000002   Code   RO         9161    .ARM.Collect$$libshutdown$$00000000  c_w.l(libshutdown.o)
    0x08000200   0x00000000   Code   RO         9189    .ARM.Collect$$libshutdown$$00000003  c_w.l(libshutdown2.o)
    0x08000200   0x00000000   Code   RO         9192    .ARM.Collect$$libshutdown$$00000006  c_w.l(libshutdown2.o)
    0x08000200   0x00000000   Code   RO         9195    .ARM.Collect$$libshutdown$$00000009  c_w.l(libshutdown2.o)
    0x08000200   0x00000000   Code   RO         9197    .ARM.Collect$$libshutdown$$0000000B  c_w.l(libshutdown2.o)
    0x08000200   0x00000000   Code   RO         9200    .ARM.Collect$$libshutdown$$0000000E  c_w.l(libshutdown2.o)
    0x08000200   0x00000002   Code   RO         9201    .ARM.Collect$$libshutdown$$0000000F  c_w.l(libshutdown2.o)
    0x08000202   0x00000000   Code   RO         8943    .ARM.Collect$$rtentry$$00000000  c_w.l(__rtentry.o)
    0x08000202   0x00000000   Code   RO         9027    .ARM.Collect$$rtentry$$00000002  c_w.l(__rtentry2.o)
    0x08000202   0x00000006   Code   RO         9039    .ARM.Collect$$rtentry$$00000004  c_w.l(__rtentry4.o)
    0x08000208   0x00000000   Code   RO         9029    .ARM.Collect$$rtentry$$00000009  c_w.l(__rtentry2.o)
    0x08000208   0x00000004   Code   RO         9030    .ARM.Collect$$rtentry$$0000000A  c_w.l(__rtentry2.o)
    0x0800020c   0x00000000   Code   RO         9032    .ARM.Collect$$rtentry$$0000000C  c_w.l(__rtentry2.o)
    0x0800020c   0x00000008   Code   RO         9033    .ARM.Collect$$rtentry$$0000000D  c_w.l(__rtentry2.o)
    0x08000214   0x00000002   Code   RO         9083    .ARM.Collect$$rtexit$$00000000  c_w.l(rtexit.o)
    0x08000216   0x00000000   Code   RO         9137    .ARM.Collect$$rtexit$$00000002  c_w.l(rtexit2.o)
    0x08000216   0x00000004   Code   RO         9138    .ARM.Collect$$rtexit$$00000003  c_w.l(rtexit2.o)
    0x0800021a   0x00000006   Code   RO         9139    .ARM.Collect$$rtexit$$00000004  c_w.l(rtexit2.o)
    0x08000220   0x00000040   Code   RO          472    .text               startup_stm32f10x_hd.o
    0x08000260   0x000000b4   Code   RO         5608    .text               os_cpu_a.o
    0x08000314   0x00000002   Code   RO         8759    .text               c_w.l(use_no_semi_2.o)
    0x08000316   0x000000ee   Code   RO         8761    .text               c_w.l(lludivv7m.o)
    0x08000404   0x00000048   Code   RO         8763    .text               c_w.l(llsdiv.o)
    0x0800044c   0x00000018   Code   RO         8769    .text               c_w.l(noretval__2printf.o)
    0x08000464   0x00000028   Code   RO         8771    .text               c_w.l(noretval__2sprintf.o)
    0x0800048c   0x0000004e   Code   RO         8775    .text               c_w.l(_printf_pad.o)
    0x080004da   0x00000052   Code   RO         8777    .text               c_w.l(_printf_str.o)
    0x0800052c   0x00000078   Code   RO         8779    .text               c_w.l(_printf_dec.o)
    0x080005a4   0x00000058   Code   RO         8784    .text               c_w.l(_printf_hex_int.o)
    0x080005fc   0x00000138   Code   RO         8814    .text               c_w.l(__printf_flags_wp.o)
    0x08000734   0x00000048   Code   RO         8829    .text               c_w.l(strcpy.o)
    0x0800077c   0x0000003e   Code   RO         8831    .text               c_w.l(strlen.o)
    0x080007ba   0x00000018   Code   RO         8833    .text               c_w.l(strcat.o)
    0x080007d2   0x00000002   PAD
    0x080007d4   0x00000080   Code   RO         8837    .text               c_w.l(strcmpv7m.o)
    0x08000854   0x00000006   Code   RO         8839    .text               c_w.l(heapauxi.o)
    0x0800085a   0x00000002   Code   RO         8941    .text               c_w.l(use_no_semi.o)
    0x0800085c   0x00000016   Code   RO         8948    .text               c_w.l(_rserrno.o)
    0x08000872   0x000000b2   Code   RO         8950    .text               c_w.l(_printf_intcommon.o)
    0x08000924   0x00000030   Code   RO         8952    .text               c_w.l(_printf_char_common.o)
    0x08000954   0x0000000a   Code   RO         8954    .text               c_w.l(_sputc.o)
    0x0800095e   0x0000002c   Code   RO         8956    .text               c_w.l(_printf_char.o)
    0x0800098a   0x00000002   PAD
    0x0800098c   0x00000024   Code   RO         8958    .text               c_w.l(_printf_char_file.o)
    0x080009b0   0x00000008   Code   RO         9046    .text               c_w.l(rt_errno_addr_intlibspace.o)
    0x080009b8   0x00000008   Code   RO         9050    .text               c_w.l(ferror.o)
    0x080009c0   0x00000008   Code   RO         9062    .text               c_w.l(libspace.o)
    0x080009c8   0x0000004a   Code   RO         9065    .text               c_w.l(sys_stackheap_outer.o)
    0x08000a12   0x0000000c   Code   RO         9067    .text               c_w.l(exit.o)
    0x08000a1e   0x00000014   Code   RO          518    i.ADC_Cmd           stm32f10x_adc.o
    0x08000a32   0x00000002   PAD
    0x08000a34   0x00000044   Code   RO          520    i.ADC_DeInit        stm32f10x_adc.o
    0x08000a78   0x0000000e   Code   RO          526    i.ADC_GetCalibrationStatus  stm32f10x_adc.o
    0x08000a86   0x00000006   Code   RO          527    i.ADC_GetConversionValue  stm32f10x_adc.o
    0x08000a8c   0x0000000e   Code   RO          529    i.ADC_GetFlagStatus  stm32f10x_adc.o
    0x08000a9a   0x0000000e   Code   RO          532    i.ADC_GetResetCalibrationStatus  stm32f10x_adc.o
    0x08000aa8   0x00000048   Code   RO          536    i.ADC_Init          stm32f10x_adc.o
    0x08000af0   0x00000074   Code   RO          540    i.ADC_RegularChannelConfig  stm32f10x_adc.o
    0x08000b64   0x0000000a   Code   RO          541    i.ADC_ResetCalibration  stm32f10x_adc.o
    0x08000b6e   0x00000014   Code   RO          543    i.ADC_SoftwareStartConvCmd  stm32f10x_adc.o
    0x08000b82   0x0000000a   Code   RO          545    i.ADC_StartCalibration  stm32f10x_adc.o
    0x08000b8c   0x00000026   Code   RO         3021    i.AT24CXX_Check     24cxx.o
    0x08000bb2   0x00000004   Code   RO         3022    i.AT24CXX_Init      24cxx.o
    0x08000bb6   0x00000022   Code   RO         3023    i.AT24CXX_Read      24cxx.o
    0x08000bd8   0x0000002a   Code   RO         3024    i.AT24CXX_ReadLenByte  24cxx.o
    0x08000c02   0x00000042   Code   RO         3025    i.AT24CXX_ReadOneByte  24cxx.o
    0x08000c44   0x00000020   Code   RO         3026    i.AT24CXX_Write     24cxx.o
    0x08000c64   0x0000002a   Code   RO         3027    i.AT24CXX_WriteLenByte  24cxx.o
    0x08000c8e   0x00000040   Code   RO         3028    i.AT24CXX_WriteOneByte  24cxx.o
    0x08000cce   0x00000002   PAD
    0x08000cd0   0x00000088   Code   RO         2991    i.Adc_Init          adc.o
    0x08000d58   0x00000012   Code   RO          736    i.BKP_DeInit        stm32f10x_bkp.o
    0x08000d6a   0x00000002   PAD
    0x08000d6c   0x00000010   Code   RO          741    i.BKP_ReadBackupRegister  stm32f10x_bkp.o
    0x08000d7c   0x00000010   Code   RO          745    i.BKP_WriteBackupRegister  stm32f10x_bkp.o
    0x08000d8c   0x00000032   Code   RO         8350    i.Bot_Abort         usb_bot.o
    0x08000dbe   0x0000000a   Code   RO         7788    i.ByteSwap          usb_regs.o
    0x08000dc8   0x00000194   Code   RO         8351    i.CBW_Decode        usb_bot.o
    0x08000f5c   0x00000158   Code   RO         7741    i.CTR_LP            usb_int.o
    0x080010b4   0x00000040   Code   RO         3363    i.CT_IIC_Ack        ctiic.o
    0x080010f4   0x0000003c   Code   RO         3364    i.CT_IIC_Init       ctiic.o
    0x08001130   0x00000040   Code   RO         3365    i.CT_IIC_NAck       ctiic.o
    0x08001170   0x00000068   Code   RO         3366    i.CT_IIC_Read_Byte  ctiic.o
    0x080011d8   0x00000058   Code   RO         3367    i.CT_IIC_Send_Byte  ctiic.o
    0x08001230   0x00000040   Code   RO         3368    i.CT_IIC_Start      ctiic.o
    0x08001270   0x00000040   Code   RO         3369    i.CT_IIC_Stop       ctiic.o
    0x080012b0   0x00000058   Code   RO         3370    i.CT_IIC_Wait_Ack   ctiic.o
    0x08001308   0x00000028   Code   RO         7789    i.ClearDTOG_RX      usb_regs.o
    0x08001330   0x00000028   Code   RO         7790    i.ClearDTOG_TX      usb_regs.o
    0x08001358   0x00000020   Code   RO         7795    i.Clear_Status_Out  usb_regs.o
    0x08001378   0x00000064   Code   RO         3567    i.DS18B20_Check     ds18b20.o
    0x080013dc   0x0000005c   Code   RO         3568    i.DS18B20_Get_Temp  ds18b20.o
    0x08001438   0x0000003c   Code   RO         3569    i.DS18B20_Init      ds18b20.o
    0x08001474   0x00000060   Code   RO         3570    i.DS18B20_Read_Bit  ds18b20.o
    0x080014d4   0x0000001e   Code   RO         3571    i.DS18B20_Read_Byte  ds18b20.o
    0x080014f2   0x00000002   PAD
    0x080014f4   0x00000040   Code   RO         3572    i.DS18B20_Rst       ds18b20.o
    0x08001534   0x0000001a   Code   RO         3573    i.DS18B20_Start     ds18b20.o
    0x0800154e   0x00000002   PAD
    0x08001550   0x00000060   Code   RO         3574    i.DS18B20_Write_Byte  ds18b20.o
    0x080015b0   0x000000b4   Code   RO         7592    i.DataStageIn       usb_core.o
    0x08001664   0x000000a4   Code   RO         7593    i.DataStageOut      usb_core.o
    0x08001708   0x0000019c   Code   RO         7594    i.Data_Setup0       usb_core.o
    0x080018a4   0x00000004   Code   RO         8419    i.EP1_IN_Callback   usb_endp.o
    0x080018a8   0x00000004   Code   RO         8420    i.EP2_OUT_Callback  usb_endp.o
    0x080018ac   0x0000000c   Code   RO          891    i.EXTI_ClearITPendingBit  stm32f10x_exti.o
    0x080018b8   0x00000070   Code   RO          896    i.EXTI_Init         stm32f10x_exti.o
    0x08001928   0x00000030   Code   RO         8172    i.Enter_LowPowerMode  hw_config.o
    0x08001958   0x000000e4   Code   RO         3773    i.FT5206_Init       ft5206.o
    0x08001a3c   0x00000056   Code   RO         3774    i.FT5206_RD_Reg     ft5206.o
    0x08001a92   0x00000002   PAD
    0x08001a94   0x00000134   Code   RO         3775    i.FT5206_Scan       ft5206.o
    0x08001bc8   0x00000048   Code   RO         3776    i.FT5206_WR_Reg     ft5206.o
    0x08001c10   0x0000009c   Code   RO         1122    i.GPIO_Init         stm32f10x_gpio.o
    0x08001cac   0x00000058   Code   RO         1124    i.GPIO_PinRemapConfig  stm32f10x_gpio.o
    0x08001d04   0x00000004   Code   RO         1129    i.GPIO_ResetBits    stm32f10x_gpio.o
    0x08001d08   0x00000004   Code   RO         1130    i.GPIO_SetBits      stm32f10x_gpio.o
    0x08001d0c   0x00000118   Code   RO         3733    i.GT9147_Init       gt9147.o
    0x08001e24   0x00000060   Code   RO         3734    i.GT9147_RD_Reg     gt9147.o
    0x08001e84   0x00000138   Code   RO         3735    i.GT9147_Scan       gt9147.o
    0x08001fbc   0x0000004c   Code   RO         3736    i.GT9147_Send_Cfg   gt9147.o
    0x08002008   0x00000052   Code   RO         3737    i.GT9147_WR_Reg     gt9147.o
    0x0800205a   0x00000002   PAD
    0x0800205c   0x00000020   Code   RO         7807    i.GetEPRxAddr       usb_regs.o
    0x0800207c   0x00000020   Code   RO         7808    i.GetEPRxCount      usb_regs.o
    0x0800209c   0x00000018   Code   RO         7809    i.GetEPRxStatus     usb_regs.o
    0x080020b4   0x0000001c   Code   RO         7810    i.GetEPTxAddr       usb_regs.o
    0x080020d0   0x00000034   Code   RO         2992    i.Get_Adc           adc.o
    0x08002104   0x000000a8   Code   RO         4563    i.Get_HzMat         text.o
    0x080021ac   0x0000001c   Code   RO         8457    i.Get_Max_Lun       usb_prop.o
    0x080021c8   0x00000034   Code   RO         8173    i.Get_SerialNum     hw_config.o
    0x080021fc   0x00000080   Code   RO         2994    i.Get_Temp          adc.o
    0x0800227c   0x00000040   Code   RO         3075    i.IIC_Ack           myiic.o
    0x080022bc   0x0000003c   Code   RO         3076    i.IIC_Init          myiic.o
    0x080022f8   0x00000040   Code   RO         3077    i.IIC_NAck          myiic.o
    0x08002338   0x0000006c   Code   RO         3078    i.IIC_Read_Byte     myiic.o
    0x080023a4   0x00000060   Code   RO         3079    i.IIC_Send_Byte     myiic.o
    0x08002404   0x00000040   Code   RO         3080    i.IIC_Start         myiic.o
    0x08002444   0x00000044   Code   RO         3081    i.IIC_Stop          myiic.o
    0x08002488   0x00000058   Code   RO         3082    i.IIC_Wait_Ack      myiic.o
    0x080024e0   0x0000005c   Code   RO         7595    i.In0_Process       usb_core.o
    0x0800253c   0x00000036   Code   RO         8174    i.IntToUnicode      hw_config.o
    0x08002572   0x00000026   Code   RO         2931    i.Is_Leap_Year      rtc.o
    0x08002598   0x00000060   Code   RO         2647    i.KEY_Init          key.o
    0x080025f8   0x00000080   Code   RO         2648    i.KEY_Scan          key.o
    0x08002678   0x00000012   Code   RO         2723    i.LCD_BGR2RGB       lcd.o
    0x0800268a   0x00000002   PAD
    0x0800268c   0x00000084   Code   RO         2724    i.LCD_Clear         lcd.o
    0x08002710   0x00000074   Code   RO         2725    i.LCD_Color_Fill    lcd.o
    0x08002784   0x00000134   Code   RO         2728    i.LCD_Display_Dir   lcd.o
    0x080028b8   0x00000096   Code   RO         2729    i.LCD_DrawLine      lcd.o
    0x0800294e   0x00000002   PAD
    0x08002950   0x00000034   Code   RO         2730    i.LCD_DrawPoint     lcd.o
    0x08002984   0x000000b0   Code   RO         2732    i.LCD_Draw_Circle   lcd.o
    0x08002a34   0x00000250   Code   RO         2733    i.LCD_Fast_DrawPoint  lcd.o
    0x08002c84   0x000000ac   Code   RO         2734    i.LCD_Fill          lcd.o
    0x08002d30   0x000037e0   Code   RO         2735    i.LCD_Init          lcd.o
    0x08006510   0x00000010   Code   RO         2736    i.LCD_Pow           lcd.o
    0x08006520   0x00000070   Code   RO         2737    i.LCD_RD_DATA       lcd.o
    0x08006590   0x00000190   Code   RO         2738    i.LCD_ReadPoint     lcd.o
    0x08006720   0x0000000e   Code   RO         2739    i.LCD_ReadReg       lcd.o
    0x0800672e   0x00000002   PAD
    0x08006730   0x0000009c   Code   RO         2740    i.LCD_SSD_BackLightSet  lcd.o
    0x080067cc   0x000002f4   Code   RO         2741    i.LCD_Scan_Dir      lcd.o
    0x08006ac0   0x00000354   Code   RO         2742    i.LCD_SetCursor     lcd.o
    0x08006e14   0x000000cc   Code   RO         2744    i.LCD_ShowChar      lcd.o
    0x08006ee0   0x00000076   Code   RO         2745    i.LCD_ShowNum       lcd.o
    0x08006f56   0x00000054   Code   RO         2746    i.LCD_ShowString    lcd.o
    0x08006faa   0x00000086   Code   RO         2747    i.LCD_ShowxNum      lcd.o
    0x08007030   0x00000024   Code   RO         2748    i.LCD_WR_DATAX      lcd.o
    0x08007054   0x00000024   Code   RO         2749    i.LCD_WR_REG        lcd.o
    0x08007078   0x0000000c   Code   RO         2751    i.LCD_WriteRAM_Prepare  lcd.o
    0x08007084   0x0000002c   Code   RO         2752    i.LCD_WriteReg      lcd.o
    0x080070b0   0x00000054   Code   RO         2671    i.LED_Init          led.o
    0x08007104   0x0000003c   Code   RO         8175    i.Leave_LowPowerMode  hw_config.o
    0x08007140   0x00000010   Code   RO         8176    i.Led_RW_OFF        hw_config.o
    0x08007150   0x00000010   Code   RO         8177    i.Led_RW_ON         hw_config.o
    0x08007160   0x00000010   Code   RO         8263    i.MAL_GetStatus     mass_mal.o
    0x08007170   0x00000030   Code   RO         8265    i.MAL_Read          mass_mal.o
    0x080071a0   0x00000030   Code   RO         8266    i.MAL_Write         mass_mal.o
    0x080071d0   0x00000040   Code   RO         8458    i.MASS_Data_Setup   usb_prop.o
    0x08007210   0x0000000c   Code   RO         8459    i.MASS_GetConfigDescriptor  usb_prop.o
    0x0800721c   0x0000000c   Code   RO         8460    i.MASS_GetDeviceDescriptor  usb_prop.o
    0x08007228   0x00000020   Code   RO         8461    i.MASS_GetStringDescriptor  usb_prop.o
    0x08007248   0x0000000a   Code   RO         8462    i.MASS_Get_Interface_Setting  usb_prop.o
    0x08007252   0x00000002   PAD
    0x08007254   0x00000050   Code   RO         8463    i.MASS_NoData_Setup  usb_prop.o
    0x080072a4   0x000000e8   Code   RO         8464    i.MASS_Reset        usb_prop.o
    0x0800738c   0x00000002   Code   RO         8465    i.MASS_Status_In    usb_prop.o
    0x0800738e   0x00000002   Code   RO         8466    i.MASS_Status_Out   usb_prop.o
    0x08007390   0x00000024   Code   RO         8467    i.MASS_init         usb_prop.o
    0x080073b4   0x0000001c   Code   RO         8468    i.Mass_Storage_ClearFeature  usb_prop.o
    0x080073d0   0x0000007c   Code   RO         8352    i.Mass_Storage_In   usb_bot.o
    0x0800744c   0x00000074   Code   RO         8353    i.Mass_Storage_Out  usb_bot.o
    0x080074c0   0x00000034   Code   RO         8469    i.Mass_Storage_SetConfiguration  usb_prop.o
    0x080074f4   0x0000000c   Code   RO         8470    i.Mass_Storage_SetDeviceAddress  usb_prop.o
    0x08007500   0x00000002   Code   RO         7596    i.NOP_Process       usb_core.o
    0x08007502   0x00000002   PAD
    0x08007504   0x00000064   Code   RO          476    i.NVIC_Init         misc.o
    0x08007568   0x00000014   Code   RO          477    i.NVIC_PriorityGroupConfig  misc.o
    0x0800757c   0x000000d4   Code   RO         7597    i.NoData_Setup0     usb_core.o
    0x08007650   0x00000114   Code   RO         4914    i.OSInit            os_core.o
    0x08007764   0x00000002   Code   RO         5526    i.OSInitHookBegin   os_cpu_c.o
    0x08007766   0x00000002   Code   RO         5527    i.OSInitHookEnd     os_cpu_c.o
    0x08007768   0x00000018   Code   RO         4915    i.OSIntEnter        os_core.o
    0x08007780   0x0000005c   Code   RO         4916    i.OSIntExit         os_core.o
    0x080077dc   0x0000002c   Code   RO         4917    i.OSSchedLock       os_core.o
    0x08007808   0x0000003c   Code   RO         4918    i.OSSchedUnlock     os_core.o
    0x08007844   0x00000030   Code   RO         4919    i.OSStart           os_core.o
    0x08007874   0x00000034   Code   RO         4920    i.OSStatInit        os_core.o
    0x080078a8   0x00000002   Code   RO         5528    i.OSTCBInitHook     os_cpu_c.o
    0x080078aa   0x00000002   PAD
    0x080078ac   0x00000088   Code   RO         5389    i.OSTaskCreate      os_task.o
    0x08007934   0x0000009c   Code   RO         5390    i.OSTaskCreateExt   os_task.o
    0x080079d0   0x00000002   Code   RO         5529    i.OSTaskCreateHook  os_cpu_c.o
    0x080079d2   0x00000002   Code   RO         5531    i.OSTaskIdleHook    os_cpu_c.o
    0x080079d4   0x00000054   Code   RO         5394    i.OSTaskNameSet     os_task.o
    0x08007a28   0x00000088   Code   RO         5398    i.OSTaskResume      os_task.o
    0x08007ab0   0x00000002   Code   RO         5533    i.OSTaskStatHook    os_cpu_c.o
    0x08007ab2   0x00000002   PAD
    0x08007ab4   0x0000006c   Code   RO         5399    i.OSTaskStkChk      os_task.o
    0x08007b20   0x00000072   Code   RO         5534    i.OSTaskStkInit     os_cpu_c.o
    0x08007b92   0x00000002   PAD
    0x08007b94   0x00000090   Code   RO         5400    i.OSTaskSuspend     os_task.o
    0x08007c24   0x00000002   Code   RO         5535    i.OSTaskSwHook      os_cpu_c.o
    0x08007c26   0x00000002   PAD
    0x08007c28   0x00000068   Code   RO         5484    i.OSTimeDly         os_time.o
    0x08007c90   0x000000a0   Code   RO         4921    i.OSTimeTick        os_core.o
    0x08007d30   0x00000002   Code   RO         5536    i.OSTimeTickHook    os_cpu_c.o
    0x08007d32   0x00000002   PAD
    0x08007d34   0x00000048   Code   RO         5083    i.OS_FlagInit       os_flag.o
    0x08007d7c   0x00000070   Code   RO         4928    i.OS_InitTCBList    os_core.o
    0x08007dec   0x00000012   Code   RO         4929    i.OS_MemClr         os_core.o
    0x08007dfe   0x00000002   PAD
    0x08007e00   0x00000044   Code   RO         5272    i.OS_QInit          os_q.o
    0x08007e44   0x00000048   Code   RO         4931    i.OS_Sched          os_core.o
    0x08007e8c   0x00000020   Code   RO         4932    i.OS_SchedNew       os_core.o
    0x08007eac   0x000000e8   Code   RO         4934    i.OS_TCBInit        os_core.o
    0x08007f94   0x0000001c   Code   RO         4935    i.OS_TaskIdle       os_core.o
    0x08007fb0   0x00000058   Code   RO         4936    i.OS_TaskStat       os_core.o
    0x08008008   0x00000038   Code   RO         4937    i.OS_TaskStatStkChk  os_core.o
    0x08008040   0x00000016   Code   RO         5402    i.OS_TaskStkClr     os_task.o
    0x08008056   0x00000002   PAD
    0x08008058   0x000000b0   Code   RO         3425    i.OTT2001A_Init     ott2001a.o
    0x08008108   0x00000060   Code   RO         3426    i.OTT2001A_RD_Reg   ott2001a.o
    0x08008168   0x00000164   Code   RO         3427    i.OTT2001A_Scan     ott2001a.o
    0x080082cc   0x0000001e   Code   RO         3428    i.OTT2001A_SensorControl  ott2001a.o
    0x080082ea   0x00000052   Code   RO         3429    i.OTT2001A_WR_Reg   ott2001a.o
    0x0800833c   0x00000048   Code   RO         7598    i.Out0_Process      usb_core.o
    0x08008384   0x00000020   Code   RO         7770    i.PMAToUserBufferCopy  usb_mem.o
    0x080083a4   0x0000000c   Code   RO         1230    i.PWR_BackupAccessCmd  stm32f10x_pwr.o
    0x080083b0   0x00000044   Code   RO         7599    i.Post0_Process     usb_core.o
    0x080083f4   0x00000024   Code   RO         8565    i.PowerOn           usb_pwr.o
    0x08008418   0x00000014   Code   RO         1290    i.RCC_ADCCLKConfig  stm32f10x_rcc.o
    0x0800842c   0x00000018   Code   RO         1292    i.RCC_APB1PeriphClockCmd  stm32f10x_rcc.o
    0x08008444   0x00000018   Code   RO         1294    i.RCC_APB2PeriphClockCmd  stm32f10x_rcc.o
    0x0800845c   0x00000018   Code   RO         1295    i.RCC_APB2PeriphResetCmd  stm32f10x_rcc.o
    0x08008474   0x0000000c   Code   RO         1297    i.RCC_BackupResetCmd  stm32f10x_rcc.o
    0x08008480   0x00000094   Code   RO         1302    i.RCC_GetClocksFreq  stm32f10x_rcc.o
    0x08008514   0x00000030   Code   RO         1303    i.RCC_GetFlagStatus  stm32f10x_rcc.o
    0x08008544   0x00000020   Code   RO         1310    i.RCC_LSEConfig     stm32f10x_rcc.o
    0x08008564   0x0000000c   Code   RO         1317    i.RCC_RTCCLKCmd     stm32f10x_rcc.o
    0x08008570   0x00000010   Code   RO         1318    i.RCC_RTCCLKConfig  stm32f10x_rcc.o
    0x08008580   0x000000fc   Code   RO         2932    i.RTC_Alarm_Set     rtc.o
    0x0800867c   0x00000010   Code   RO         1491    i.RTC_ClearITPendingBit  stm32f10x_rtc.o
    0x0800868c   0x00000010   Code   RO         1492    i.RTC_EnterConfigMode  stm32f10x_rtc.o
    0x0800869c   0x00000010   Code   RO         1493    i.RTC_ExitConfigMode  stm32f10x_rtc.o
    0x080086ac   0x000000dc   Code   RO         2933    i.RTC_Get           rtc.o
    0x08008788   0x00000014   Code   RO         1494    i.RTC_GetCounter    stm32f10x_rtc.o
    0x0800879c   0x00000020   Code   RO         1497    i.RTC_GetITStatus   stm32f10x_rtc.o
    0x080087bc   0x00000050   Code   RO         2934    i.RTC_Get_Week      rtc.o
    0x0800880c   0x0000002a   Code   RO         2935    i.RTC_IRQHandler    rtc.o
    0x08008836   0x00000002   PAD
    0x08008838   0x00000018   Code   RO         1498    i.RTC_ITConfig      stm32f10x_rtc.o
    0x08008850   0x000000d2   Code   RO         2936    i.RTC_Init          rtc.o
    0x08008922   0x00000002   PAD
    0x08008924   0x000000cc   Code   RO         2937    i.RTC_Set           rtc.o
    0x080089f0   0x00000020   Code   RO         1500    i.RTC_SetCounter    stm32f10x_rtc.o
    0x08008a10   0x00000020   Code   RO         1501    i.RTC_SetPrescaler  stm32f10x_rtc.o
    0x08008a30   0x00000010   Code   RO         1502    i.RTC_WaitForLastTask  stm32f10x_rtc.o
    0x08008a40   0x00000018   Code   RO         1503    i.RTC_WaitForSynchro  stm32f10x_rtc.o
    0x08008a58   0x000000f0   Code   RO         8301    i.Read_Memory       memory.o
    0x08008b48   0x00000094   Code   RO         8566    i.Resume            usb_pwr.o
    0x08008bdc   0x00000020   Code   RO         8567    i.Resume_Init       usb_pwr.o
    0x08008bfc   0x00000074   Code   RO         8609    i.SCSI_Address_Management  usb_scsi.o
    0x08008c70   0x00000030   Code   RO         8610    i.SCSI_Format_Cmd   usb_scsi.o
    0x08008ca0   0x00000034   Code   RO         8611    i.SCSI_Inquiry_Cmd  usb_scsi.o
    0x08008cd4   0x00000034   Code   RO         8612    i.SCSI_Invalid_Cmd  usb_scsi.o
    0x08008d08   0x0000000c   Code   RO         8613    i.SCSI_ModeSense10_Cmd  usb_scsi.o
    0x08008d14   0x0000000c   Code   RO         8614    i.SCSI_ModeSense6_Cmd  usb_scsi.o
    0x08008d20   0x00000068   Code   RO         8615    i.SCSI_Read10_Cmd   usb_scsi.o
    0x08008d88   0x00000070   Code   RO         8616    i.SCSI_ReadCapacity10_Cmd  usb_scsi.o
    0x08008df8   0x0000006c   Code   RO         8617    i.SCSI_ReadFormatCapacity_Cmd  usb_scsi.o
    0x08008e64   0x00000018   Code   RO         8618    i.SCSI_RequestSense_Cmd  usb_scsi.o
    0x08008e7c   0x00000008   Code   RO         8619    i.SCSI_Start_Stop_Unit_Cmd  usb_scsi.o
    0x08008e84   0x00000038   Code   RO         8620    i.SCSI_TestUnitReady_Cmd  usb_scsi.o
    0x08008ebc   0x00000034   Code   RO         8622    i.SCSI_Verify10_Cmd  usb_scsi.o
    0x08008ef0   0x00000068   Code   RO         8623    i.SCSI_Write10_Cmd  usb_scsi.o
    0x08008f58   0x00000014   Code   RO         3620    i.SD_DisSelect      mmc_sd.o
    0x08008f6c   0x0000002a   Code   RO         3622    i.SD_GetCSD         mmc_sd.o
    0x08008f96   0x00000028   Code   RO         3623    i.SD_GetResponse    mmc_sd.o
    0x08008fbe   0x0000006e   Code   RO         3624    i.SD_GetSectorCount  mmc_sd.o
    0x0800902c   0x00000158   Code   RO         3626    i.SD_Initialize     mmc_sd.o
    0x08009184   0x0000006c   Code   RO         3627    i.SD_ReadDisk       mmc_sd.o
    0x080091f0   0x00000032   Code   RO         3628    i.SD_RecvData       mmc_sd.o
    0x08009222   0x00000002   PAD
    0x08009224   0x00000044   Code   RO         3629    i.SD_SPI_Init       mmc_sd.o
    0x08009268   0x00000004   Code   RO         3630    i.SD_SPI_ReadWriteByte  mmc_sd.o
    0x0800926c   0x00000006   Code   RO         3631    i.SD_SPI_SpeedHigh  mmc_sd.o
    0x08009272   0x00000006   Code   RO         3632    i.SD_SPI_SpeedLow   mmc_sd.o
    0x08009278   0x00000020   Code   RO         3633    i.SD_Select         mmc_sd.o
    0x08009298   0x00000050   Code   RO         3634    i.SD_SendBlock      mmc_sd.o
    0x080092e8   0x0000005e   Code   RO         3635    i.SD_SendCmd        mmc_sd.o
    0x08009346   0x00000020   Code   RO         3636    i.SD_WaitReady      mmc_sd.o
    0x08009366   0x00000002   PAD
    0x08009368   0x00000080   Code   RO         3637    i.SD_WriteDisk      mmc_sd.o
    0x080093e8   0x0000007c   Code   RO         3129    i.SPI1_Init         spi.o
    0x08009464   0x00000050   Code   RO         3130    i.SPI1_ReadWriteByte  spi.o
    0x080094b4   0x00000024   Code   RO         3131    i.SPI1_SetSpeed     spi.o
    0x080094d8   0x00000014   Code   RO         1584    i.SPI_Cmd           stm32f10x_spi.o
    0x080094ec   0x00000020   Code   RO         3160    i.SPI_FLASH_Write_Enable  flash.o
    0x0800950c   0x0000002c   Code   RO         3162    i.SPI_Flash_Erase_Chip  flash.o
    0x08009538   0x00000058   Code   RO         3163    i.SPI_Flash_Erase_Sector  flash.o
    0x08009590   0x0000004c   Code   RO         3164    i.SPI_Flash_Init    flash.o
    0x080095dc   0x00000050   Code   RO         3166    i.SPI_Flash_Read    flash.o
    0x0800962c   0x00000044   Code   RO         3167    i.SPI_Flash_ReadID  flash.o
    0x08009670   0x00000024   Code   RO         3168    i.SPI_Flash_ReadSR  flash.o
    0x08009694   0x0000000c   Code   RO         3170    i.SPI_Flash_Wait_Busy  flash.o
    0x080096a0   0x000000a8   Code   RO         3171    i.SPI_Flash_Write   flash.o
    0x08009748   0x0000003e   Code   RO         3172    i.SPI_Flash_Write_NoCheck  flash.o
    0x08009786   0x00000002   PAD
    0x08009788   0x00000058   Code   RO         3173    i.SPI_Flash_Write_Page  flash.o
    0x080097e0   0x0000000e   Code   RO         1592    i.SPI_I2S_GetFlagStatus  stm32f10x_spi.o
    0x080097ee   0x00000004   Code   RO         1595    i.SPI_I2S_ReceiveData  stm32f10x_spi.o
    0x080097f2   0x00000004   Code   RO         1596    i.SPI_I2S_SendData  stm32f10x_spi.o
    0x080097f6   0x00000038   Code   RO         1597    i.SPI_Init          stm32f10x_spi.o
    0x0800982e   0x00000002   PAD
    0x08009830   0x00000010   Code   RO         7818    i.SetBTABLE         usb_regs.o
    0x08009840   0x00000048   Code   RO         7600    i.SetDeviceAddress  usb_core.o
    0x08009888   0x00000020   Code   RO         7832    i.SetEPRxAddr       usb_regs.o
    0x080098a8   0x00000040   Code   RO         7833    i.SetEPRxCount      usb_regs.o
    0x080098e8   0x00000030   Code   RO         7834    i.SetEPRxStatus     usb_regs.o
    0x08009918   0x00000024   Code   RO         7835    i.SetEPRxValid      usb_regs.o
    0x0800993c   0x00000020   Code   RO         7836    i.SetEPTxAddr       usb_regs.o
    0x0800995c   0x0000001c   Code   RO         7837    i.SetEPTxCount      usb_regs.o
    0x08009978   0x00000030   Code   RO         7838    i.SetEPTxStatus     usb_regs.o
    0x080099a8   0x0000001c   Code   RO         7840    i.SetEPType         usb_regs.o
    0x080099c4   0x000000a8   Code   RO          410    i.SetSysClockTo72   system_stm32f10x.o
    0x08009a6c   0x00000040   Code   RO         8354    i.Set_CSW           usb_bot.o
    0x08009aac   0x0000000c   Code   RO         8624    i.Set_Scsi_Sense_Data  usb_scsi.o
    0x08009ab8   0x00000018   Code   RO         8178    i.Set_USBClock      hw_config.o
    0x08009ad0   0x00000068   Code   RO         7601    i.Setup0_Process    usb_core.o
    0x08009b38   0x000000a4   Code   RO         4564    i.Show_Font         text.o
    0x08009bdc   0x000000ae   Code   RO         4565    i.Show_Str          text.o
    0x08009c8a   0x00000002   PAD
    0x08009c8c   0x000000fc   Code   RO         7602    i.Standard_ClearFeature  usb_core.o
    0x08009d88   0x00000028   Code   RO         7603    i.Standard_GetConfiguration  usb_core.o
    0x08009db0   0x0000001c   Code   RO         7604    i.Standard_GetDescriptorData  usb_core.o
    0x08009dcc   0x00000028   Code   RO         7605    i.Standard_GetInterface  usb_core.o
    0x08009df4   0x00000094   Code   RO         7606    i.Standard_GetStatus  usb_core.o
    0x08009e88   0x00000038   Code   RO         7607    i.Standard_SetConfiguration  usb_core.o
    0x08009ec0   0x00000024   Code   RO         7608    i.Standard_SetDeviceFeature  usb_core.o
    0x08009ee4   0x00000088   Code   RO         7609    i.Standard_SetEndPointFeature  usb_core.o
    0x08009f6c   0x00000048   Code   RO         7610    i.Standard_SetInterface  usb_core.o
    0x08009fb4   0x00000020   Code   RO         8568    i.Suspend           usb_pwr.o
    0x08009fd4   0x00000018   Code   RO          480    i.SysTick_CLKSourceConfig  misc.o
    0x08009fec   0x00000020   Code   RO         2508    i.SysTick_Handler   delay.o
    0x0800a00c   0x00000050   Code   RO          412    i.SystemInit        system_stm32f10x.o
    0x0800a05c   0x00000088   Code   RO         2685    i.TIM2_IRQHandler   timer.o
    0x0800a0e4   0x00000034   Code   RO         2686    i.TIM3_IRQHandler   timer.o
    0x0800a118   0x000000f8   Code   RO         3539    i.TIM5_IRQHandler   remote.o
    0x0800a210   0x00000006   Code   RO         1731    i.TIM_ClearFlag     stm32f10x_tim.o
    0x0800a216   0x00000006   Code   RO         1732    i.TIM_ClearITPendingBit  stm32f10x_tim.o
    0x0800a21c   0x00000004   Code   RO         1752    i.TIM_GetCapture1   stm32f10x_tim.o
    0x0800a220   0x00000004   Code   RO         1753    i.TIM_GetCapture2   stm32f10x_tim.o
    0x0800a224   0x00000018   Code   RO         1758    i.TIM_GetITStatus   stm32f10x_tim.o
    0x0800a23c   0x0000000c   Code   RO         1768    i.TIM_OC1PolarityConfig  stm32f10x_tim.o
    0x0800a248   0x00000014   Code   RO         1773    i.TIM_OC2PolarityConfig  stm32f10x_tim.o
    0x0800a25c   0x00000004   Code   RO         1802    i.TIM_SetCounter    stm32f10x_tim.o
    0x0800a260   0x00000178   Code   RO         3262    i.TP_Adj_Info_Show  touch.o
    0x0800a3d8   0x000003e8   Code   RO         3263    i.TP_Adjust         touch.o
    0x0800a7c0   0x00000070   Code   RO         3265    i.TP_Drow_Touch_Point  touch.o
    0x0800a830   0x0000007c   Code   RO         3266    i.TP_Get_Adjdata    touch.o
    0x0800a8ac   0x000000e0   Code   RO         3267    i.TP_Init           touch.o
    0x0800a98c   0x00000068   Code   RO         3268    i.TP_Read_AD        touch.o
    0x0800a9f4   0x00000060   Code   RO         3269    i.TP_Read_XOY       touch.o
    0x0800aa54   0x00000028   Code   RO         3270    i.TP_Read_XY        touch.o
    0x0800aa7c   0x0000007c   Code   RO         3271    i.TP_Read_XY2       touch.o
    0x0800aaf8   0x00000068   Code   RO         3272    i.TP_Save_Adjdata   touch.o
    0x0800ab60   0x000000b4   Code   RO         3273    i.TP_Scan           touch.o
    0x0800ac14   0x00000034   Code   RO         3274    i.TP_Write_Byte     touch.o
    0x0800ac48   0x00000034   Code   RO         8355    i.Transfer_Data_Request  usb_bot.o
    0x0800ac7c   0x0000006c   Code   RO         2604    i.USART1_IRQHandler  usart.o
    0x0800ace8   0x00000014   Code   RO         2260    i.USART_Cmd         stm32f10x_usart.o
    0x0800acfc   0x0000003e   Code   RO         2264    i.USART_GetITStatus  stm32f10x_usart.o
    0x0800ad3a   0x00000030   Code   RO         2266    i.USART_ITConfig    stm32f10x_usart.o
    0x0800ad6a   0x00000002   PAD
    0x0800ad6c   0x000000ac   Code   RO         2267    i.USART_Init        stm32f10x_usart.o
    0x0800ae18   0x00000008   Code   RO         2274    i.USART_ReceiveData  stm32f10x_usart.o
    0x0800ae20   0x00000010   Code   RO         8179    i.USBWakeUp_IRQHandler  hw_config.o
    0x0800ae30   0x00000028   Code   RO         7714    i.USB_Init          usb_init.o
    0x0800ae58   0x00000056   Code   RO         8181    i.USB_Interrupts_Config  hw_config.o
    0x0800aeae   0x00000002   PAD
    0x0800aeb0   0x000000bc   Code   RO         8437    i.USB_Istr          usb_istr.o
    0x0800af6c   0x00000004   Code   RO         8182    i.USB_LP_CAN1_RX0_IRQHandler  hw_config.o
    0x0800af70   0x0000001c   Code   RO         8183    i.USB_NotConfigured_LED  hw_config.o
    0x0800af8c   0x00000050   Code   RO         8184    i.USB_Port_Set      hw_config.o
    0x0800afdc   0x00000020   Code   RO         8148    i.USB_SIL_Init      usb_sil.o
    0x0800affc   0x00000024   Code   RO         8149    i.USB_SIL_Read      usb_sil.o
    0x0800b020   0x00000026   Code   RO         8150    i.USB_SIL_Write     usb_sil.o
    0x0800b046   0x00000002   PAD
    0x0800b048   0x00000028   Code   RO         7771    i.UserToPMABufferCopy  usb_mem.o
    0x0800b070   0x0000011c   Code   RO         8302    i.Write_Memory      memory.o
    0x0800b18c   0x00000028   Code   RO         9058    i.__ARM_fpclassify  m_ws.l(fpclassify.o)
    0x0800b1b4   0x00000388   Code   RO         9015    i.__ieee754_rem_pio2  m_ws.l(rred.o)
    0x0800b53c   0x000000fc   Code   RO         8982    i.__kernel_cos      m_ws.l(cos_i.o)
    0x0800b638   0x000000aa   Code   RO         9060    i.__kernel_poly     m_ws.l(poly.o)
    0x0800b6e2   0x00000002   PAD
    0x0800b6e4   0x000000ec   Code   RO         9020    i.__kernel_sin      m_ws.l(sin_i.o)
    0x0800b7d0   0x00000006   Code   RO         8986    i.__mathlib_dbl_infnan  m_ws.l(dunder.o)
    0x0800b7d6   0x0000000c   Code   RO         8988    i.__mathlib_dbl_invalid  m_ws.l(dunder.o)
    0x0800b7e2   0x00000002   PAD
    0x0800b7e4   0x00000010   Code   RO         8991    i.__mathlib_dbl_underflow  m_ws.l(dunder.o)
    0x0800b7f4   0x0000000e   Code   RO         8812    i._is_digit         c_w.l(__printf_wp.o)
    0x0800b802   0x00000002   Code   RO         2605    i._sys_exit         usart.o
    0x0800b804   0x00000034   Code   RO         7202    i.app_draw_smooth_line  common.o
    0x0800b838   0x0000005c   Code   RO         7203    i.app_filebrower    common.o
    0x0800b894   0x0000001c   Code   RO         7204    i.app_get_icopath   common.o
    0x0800b8b0   0x0000007c   Code   RO         7207    i.app_get_version   common.o
    0x0800b92c   0x0000008a   Code   RO         7209    i.app_gui_tcbar     common.o
    0x0800b9b6   0x00000002   PAD
    0x0800b9b8   0x000003ec   Code   RO         7210    i.app_items_sel     common.o
    0x0800bda4   0x0000020c   Code   RO         7211    i.app_listbox_select  common.o
    0x0800bfb0   0x00000048   Code   RO         7212    i.app_read_bkcolor  common.o
    0x0800bff8   0x00000048   Code   RO         7213    i.app_recover_bkcolor  common.o
    0x0800c040   0x00000080   Code   RO         7216    i.app_show_items    common.o
    0x0800c0c0   0x00000080   Code   RO         7217    i.app_show_mono_icos  common.o
    0x0800c140   0x0000005c   Code   RO         7218    i.app_show_nummid   common.o
    0x0800c19c   0x0000000c   Code   RO         7219    i.app_srand         common.o
    0x0800c1a8   0x00000084   Code   RO         7222    i.app_system_parameter_init  common.o
    0x0800c22c   0x00000024   Code   RO         7224    i.app_tp_is_in_area  common.o
    0x0800c250   0x000000ae   Code   RO         5611    i.btn_check         button.o
    0x0800c2fe   0x000000dc   Code   RO         5612    i.btn_creat         button.o
    0x0800c3da   0x0000002a   Code   RO         5613    i.btn_delete        button.o
    0x0800c404   0x00000042   Code   RO         5614    i.btn_draw          button.o
    0x0800c446   0x000000ee   Code   RO         5615    i.btn_draw_arcbtn   button.o
    0x0800c534   0x00000080   Code   RO         5616    i.btn_draw_picbtn   button.o
    0x0800c5b4   0x0000018e   Code   RO         5617    i.btn_draw_stdbtn   button.o
    0x0800c742   0x00000058   Code   RO         5618    i.btn_draw_textabtn  button.o
    0x0800c79a   0x00000074   Code   RO         5619    i.btn_draw_textbbtn  button.o
    0x0800c80e   0x00000002   PAD
    0x0800c810   0x00000050   Code   RO         5621    i.btn_read_backcolor  button.o
    0x0800c860   0x00000050   Code   RO         5622    i.btn_recover_backcolor  button.o
    0x0800c8b0   0x00000064   Code   RO         7417    i.calendar_alarm_init  calendar.o
    0x0800c914   0x00000158   Code   RO         7418    i.calendar_alarm_msg  calendar.o
    0x0800ca6c   0x00000038   Code   RO         7419    i.calendar_alarm_ring  calendar.o
    0x0800caa4   0x000002fc   Code   RO         7420    i.calendar_circle_clock_drawpanel  calendar.o
    0x0800cda0   0x000005ca   Code   RO         7421    i.calendar_circle_clock_showtime  calendar.o
    0x0800d36a   0x00000002   PAD
    0x0800d36c   0x00000138   Code   RO         7422    i.calendar_date_refresh  calendar.o
    0x0800d4a4   0x00000454   Code   RO         7423    i.calendar_play     calendar.o
    0x0800d8f8   0x0000000a   Code   RO         7424    i.calendar_read_para  calendar.o
    0x0800d902   0x00000026   Code   RO         7425    i.calendar_save_para  calendar.o
    0x0800d928   0x0000005c   Code   RO         3960    i.check_fs          ff.o
    0x0800d984   0x00000010   Code   RO         3961    i.chk_chr           ff.o
    0x0800d994   0x00000024   Code   RO         3962    i.clmt_clust        ff.o
    0x0800d9b8   0x00000018   Code   RO         3963    i.clust2sect        ff.o
    0x0800d9d0   0x0000009c   Code   RO         8908    i.cos               m_ws.l(cos.o)
    0x0800da6c   0x0000009e   Code   RO         3964    i.create_chain      ff.o
    0x0800db0a   0x00000002   PAD
    0x0800db0c   0x00000218   Code   RO         3965    i.create_name       ff.o
    0x0800dd24   0x0000004c   Code   RO         2509    i.delay_init        delay.o
    0x0800dd70   0x00000044   Code   RO         2510    i.delay_ms          delay.o
    0x0800ddb4   0x00000044   Code   RO         2514    i.delay_us          delay.o
    0x0800ddf8   0x00000042   Code   RO         3966    i.dir_alloc         ff.o
    0x0800de3a   0x00000002   PAD
    0x0800de3c   0x0000012c   Code   RO         3967    i.dir_find          ff.o
    0x0800df68   0x000000e6   Code   RO         3968    i.dir_next          ff.o
    0x0800e04e   0x00000002   PAD
    0x0800e050   0x00000100   Code   RO         3969    i.dir_read          ff.o
    0x0800e150   0x00000164   Code   RO         3970    i.dir_register      ff.o
    0x0800e2b4   0x0000007c   Code   RO         3972    i.dir_sdi           ff.o
    0x0800e330   0x0000004c   Code   RO         3876    i.disk_initialize   diskio.o
    0x0800e37c   0x00000068   Code   RO         3877    i.disk_ioctl        diskio.o
    0x0800e3e4   0x00000056   Code   RO         3878    i.disk_read         diskio.o
    0x0800e43a   0x00000004   Code   RO         3879    i.disk_status       diskio.o
    0x0800e43e   0x00000048   Code   RO         3880    i.disk_write        diskio.o
    0x0800e486   0x0000002e   Code   RO         4289    i.exf_getfree       exfuns.o
    0x0800e4b4   0x00000058   Code   RO         4290    i.exfuns_init       exfuns.o
    0x0800e50c   0x00000026   Code   RO         3974    i.f_close           ff.o
    0x0800e532   0x000000c6   Code   RO         3976    i.f_getfree         ff.o
    0x0800e5f8   0x00000218   Code   RO         3979    i.f_lseek           ff.o
    0x0800e810   0x0000018c   Code   RO         3980    i.f_mkdir           ff.o
    0x0800e99c   0x00000536   Code   RO         3981    i.f_mkfs            ff.o
    0x0800eed2   0x00000002   PAD
    0x0800eed4   0x00000058   Code   RO         3982    i.f_mount           ff.o
    0x0800ef2c   0x00000164   Code   RO         3983    i.f_open            ff.o
    0x0800f090   0x00000174   Code   RO         3988    i.f_read            ff.o
    0x0800f204   0x0000018c   Code   RO         3991    i.f_setlabel        ff.o
    0x0800f390   0x000000a6   Code   RO         3993    i.f_sync            ff.o
    0x0800f436   0x00000002   PAD
    0x0800f438   0x00000070   Code   RO         4502    i.ff_convert        mycc936.o
    0x0800f4a8   0x00000034   Code   RO         3881    i.ff_enter          diskio.o
    0x0800f4dc   0x0000001c   Code   RO         3882    i.ff_leave          diskio.o
    0x0800f4f8   0x00000004   Code   RO         3883    i.ff_memalloc       diskio.o
    0x0800f4fc   0x00000004   Code   RO         3884    i.ff_memfree        diskio.o
    0x0800f500   0x00000024   Code   RO         4503    i.ff_wtoupper       mycc936.o
    0x0800f524   0x00000240   Code   RO         3998    i.find_volume       ff.o
    0x0800f764   0x00000066   Code   RO         3999    i.follow_path       ff.o
    0x0800f7ca   0x00000002   PAD
    0x0800f7cc   0x00000040   Code   RO         4521    i.font_init         fontupd.o
    0x0800f80c   0x00000018   Code   RO         2606    i.fputc             usart.o
    0x0800f824   0x0000007c   Code   RO         4522    i.fupd_prog         fontupd.o
    0x0800f8a0   0x0000008c   Code   RO         4000    i.gen_numname       ff.o
    0x0800f92c   0x000000be   Code   RO         4001    i.get_fat           ff.o
    0x0800f9ea   0x00000002   PAD
    0x0800f9ec   0x00000040   Code   RO         3885    i.get_fattime       diskio.o
    0x0800fa2c   0x0000003c   Code   RO         4003    i.get_ldnumber      ff.o
    0x0800fa68   0x00000024   Code   RO         5938    i.gui_alpha_blend565  gui.o
    0x0800fa8c   0x0000000c   Code   RO         5941    i.gui_disabs        gui.o
    0x0800fa98   0x00000078   Code   RO         5942    i.gui_draw_arc      gui.o
    0x0800fb10   0x000001b6   Code   RO         5943    i.gui_draw_arcrectangle  gui.o
    0x0800fcc6   0x00000002   PAD
    0x0800fcc8   0x00000050   Code   RO         5944    i.gui_draw_bigpoint  gui.o
    0x0800fd18   0x00000156   Code   RO         5946    i.gui_draw_bline1   gui.o
    0x0800fe6e   0x000000d2   Code   RO         5947    i.gui_draw_circle8  gui.o
    0x0800ff40   0x00000030   Code   RO         5949    i.gui_draw_expoint  gui.o
    0x0800ff70   0x00000030   Code   RO         5950    i.gui_draw_hline    gui.o
    0x0800ffa0   0x00000046   Code   RO         5954    i.gui_draw_rectangle  gui.o
    0x0800ffe6   0x00000002   PAD
    0x0800ffe8   0x0000006c   Code   RO         5955    i.gui_draw_smooth_rectangle  gui.o
    0x08010054   0x00000030   Code   RO         5956    i.gui_draw_vline    gui.o
    0x08010084   0x000000b6   Code   RO         5957    i.gui_fill_circle   gui.o
    0x0801013a   0x00000002   PAD
    0x0801013c   0x00000028   Code   RO         5960    i.gui_fill_rectangle  gui.o
    0x08010164   0x00000050   Code   RO         5961    i.gui_get_key       gui.o
    0x080101b4   0x00000080   Code   RO         5963    i.gui_init          gui.o
    0x08010234   0x0000000a   Code   RO         5964    i.gui_memex_free    gui.o
    0x0801023e   0x00000004   Code   RO         5965    i.gui_memex_malloc  gui.o
    0x08010242   0x0000000a   Code   RO         5966    i.gui_memin_free    gui.o
    0x0801024c   0x00000004   Code   RO         5967    i.gui_memin_malloc  gui.o
    0x08010250   0x0000000e   Code   RO         5969    i.gui_memset        gui.o
    0x0801025e   0x00000024   Code   RO         5972    i.gui_pow           gui.o
    0x08010282   0x00000002   PAD
    0x08010284   0x000000ac   Code   RO         5974    i.gui_show_num      gui.o
    0x08010330   0x00000140   Code   RO         5975    i.gui_show_ptchar   gui.o
    0x08010470   0x000000dc   Code   RO         5976    i.gui_show_ptfont   gui.o
    0x0801054c   0x000000f8   Code   RO         5977    i.gui_show_ptstr    gui.o
    0x08010644   0x00000078   Code   RO         5980    i.gui_show_strmid   gui.o
    0x080106bc   0x00000068   Code   RO         5981    i.gui_smooth_color  gui.o
    0x08010724   0x00000012   Code   RO         4004    i.ld_clust          ff.o
    0x08010736   0x0000001e   Code   RO         6235    i.list_search       listbox.o
    0x08010754   0x00000060   Code   RO         6237    i.listbox_addlist   listbox.o
    0x080107b4   0x000003bc   Code   RO         6238    i.listbox_check     listbox.o
    0x08010b70   0x000000ac   Code   RO         6239    i.listbox_creat     listbox.o
    0x08010c1c   0x00000030   Code   RO         6240    i.listbox_delete    listbox.o
    0x08010c4c   0x00000100   Code   RO         6241    i.listbox_draw_list  listbox.o
    0x08010d4c   0x00000026   Code   RO         6242    i.listbox_draw_listbox  listbox.o
    0x08010d72   0x00000002   PAD
    0x08010d74   0x00000028   Code   RO            1    i.main              main.o
    0x08010d9c   0x00000048   Code   RO            2    i.main_task         main.o
    0x08010de4   0x00000010   Code   RO         4005    i.mem_cpy           ff.o
    0x08010df4   0x00000040   Code   RO         3807    i.mem_free          malloc.o
    0x08010e34   0x00000028   Code   RO         3808    i.mem_init          malloc.o
    0x08010e5c   0x0000005c   Code   RO         3809    i.mem_malloc        malloc.o
    0x08010eb8   0x0000002c   Code   RO         3810    i.mem_perused       malloc.o
    0x08010ee4   0x0000000e   Code   RO         4006    i.mem_set           ff.o
    0x08010ef2   0x00000002   PAD
    0x08010ef4   0x000002d4   Code   RO         4602    i.minibmp_decode    bmp.o
    0x080111c8   0x00000032   Code   RO         4007    i.move_window       ff.o
    0x080111fa   0x00000002   PAD
    0x080111fc   0x00000014   Code   RO         3811    i.myfree            malloc.o
    0x08011210   0x0000001c   Code   RO         3812    i.mymalloc          malloc.o
    0x0801122c   0x0000000c   Code   RO         3814    i.mymemset          malloc.o
    0x08011238   0x00000024   Code   RO         4754    i.piclib_alpha_blend  piclib.o
    0x0801125c   0x0000002c   Code   RO         4755    i.piclib_draw_hline  piclib.o
    0x08011288   0x00000018   Code   RO         4756    i.piclib_fill_color  piclib.o
    0x080112a0   0x00000054   Code   RO         4757    i.piclib_init       piclib.o
    0x080112f4   0x000000f4   Code   RO         4008    i.put_fat           ff.o
    0x080113e8   0x00000062   Code   RO         4010    i.remove_chain      ff.o
    0x0801144a   0x00000286   Code   RO         6458    i.scrollbar_check   scrollbar.o
    0x080116d0   0x00000072   Code   RO         6459    i.scrollbar_creat   scrollbar.o
    0x08011742   0x0000005a   Code   RO         6461    i.scrollbar_draw_btn  scrollbar.o
    0x0801179c   0x000000f8   Code   RO         6462    i.scrollbar_draw_scrollbar  scrollbar.o
    0x08011894   0x00000054   Code   RO         6463    i.scrollbar_draw_sign  scrollbar.o
    0x080118e8   0x000000d8   Code   RO         6465    i.scrollbar_setpos  scrollbar.o
    0x080119c0   0x0000000a   Code   RO         7502    i.set_search_caption  settings.o
    0x080119ca   0x00000002   PAD
    0x080119cc   0x000000a0   Code   RO         8926    i.sin               m_ws.l(sin.o)
    0x08011a6c   0x0000004c   Code   RO         8934    i.sqrt              m_ws.l(sqrt.o)
    0x08011ab8   0x00000010   Code   RO         4011    i.st_clust          ff.o
    0x08011ac8   0x0000006c   Code   RO            3    i.start_task        main.o
    0x08011b34   0x0000001a   Code   RO         4012    i.sum_sfn           ff.o
    0x08011b4e   0x000000b0   Code   RO         4013    i.sync_fs           ff.o
    0x08011bfe   0x00000052   Code   RO         4014    i.sync_window       ff.o
    0x08011c50   0x00000444   Code   RO         7503    i.sysset_date_set   settings.o
    0x08012094   0x00000026   Code   RO         7504    i.sysset_is_leap_year  settings.o
    0x080120ba   0x00000002   PAD
    0x080120bc   0x00000340   Code   RO         7505    i.sysset_play       settings.o
    0x080123fc   0x0000000a   Code   RO         7506    i.sysset_read_para  settings.o
    0x08012406   0x0000001e   Code   RO         7507    i.sysset_save_para  settings.o
    0x08012424   0x00000370   Code   RO         7513    i.sysset_time_set   settings.o
    0x08012794   0x00000074   Code   RO            4    i.system_error_show  main.o
    0x08012808   0x00000158   Code   RO            5    i.system_files_erase  main.o
    0x08012960   0x000000ec   Code   RO            6    i.system_font_update_confirm  main.o
    0x08012a4c   0x00000888   Code   RO            7    i.system_init       main.o
    0x080132d4   0x00000438   Code   RO            8    i.system_usb_update_confirm  main.o
    0x0801370c   0x000000a0   Code   RO         2607    i.uart_init         usart.o
    0x080137ac   0x000000e8   Code   RO         4523    i.updata_fontx      fontupd.o
    0x08013894   0x000002fc   Code   RO         4524    i.update_font       fontupd.o
    0x08013b90   0x0000004c   Code   RO            9    i.usart_task        main.o
    0x08013bdc   0x0000002e   Code   RO         4015    i.validate          ff.o
    0x08013c0a   0x00000002   PAD
    0x08013c0c   0x00000074   Code   RO           10    i.watch_task        main.o
    0x08013c80   0x0000011c   Code   RO         6521    i.window_creat      window.o
    0x08013d9c   0x0000002a   Code   RO         6522    i.window_delete     window.o
    0x08013dc6   0x000001f4   Code   RO         6523    i.window_draw       window.o
    0x08013fba   0x00000002   PAD
    0x08013fbc   0x00000050   Code   RO         6525    i.window_read_backcolor  window.o
    0x0801400c   0x00000050   Code   RO         6526    i.window_recover_backcolor  window.o
    0x0801405c   0x00000062   Code   RO         8843    x$fpl$d2f           fz_ws.l(d2f.o)
    0x080140be   0x00000002   PAD
    0x080140c0   0x00000150   Code   RO         8845    x$fpl$dadd          fz_ws.l(daddsub_clz.o)
    0x08014210   0x00000010   Code   RO         9079    x$fpl$dcheck1       fz_ws.l(dcheck1.o)
    0x08014220   0x000002b0   Code   RO         8852    x$fpl$ddiv          fz_ws.l(ddiv.o)
    0x080144d0   0x0000005e   Code   RO         8855    x$fpl$dfix          fz_ws.l(dfix.o)
    0x0801452e   0x00000002   PAD
    0x08014530   0x0000005a   Code   RO         8859    x$fpl$dfixu         fz_ws.l(dfixu.o)
    0x0801458a   0x0000002e   Code   RO         8864    x$fpl$dflt          fz_ws.l(dflt_clz.o)
    0x080145b8   0x00000026   Code   RO         8863    x$fpl$dfltu         fz_ws.l(dflt_clz.o)
    0x080145de   0x00000002   PAD
    0x080145e0   0x00000154   Code   RO         8871    x$fpl$dmul          fz_ws.l(dmul.o)
    0x08014734   0x0000009c   Code   RO         8965    x$fpl$dnaninf       fz_ws.l(dnaninf.o)
    0x080147d0   0x0000000c   Code   RO         8967    x$fpl$dretinf       fz_ws.l(dretinf.o)
    0x080147dc   0x00000016   Code   RO         8846    x$fpl$drsb          fz_ws.l(daddsub_clz.o)
    0x080147f2   0x00000002   PAD
    0x080147f4   0x000001cc   Code   RO         8969    x$fpl$dsqrt         fz_ws.l(dsqrt_noumaal.o)
    0x080149c0   0x000001d4   Code   RO         8847    x$fpl$dsub          fz_ws.l(daddsub_clz.o)
    0x08014b94   0x00000056   Code   RO         8873    x$fpl$f2d           fz_ws.l(f2d.o)
    0x08014bea   0x00000002   PAD
    0x08014bec   0x000000c4   Code   RO         8875    x$fpl$fadd          fz_ws.l(faddsub_clz.o)
    0x08014cb0   0x0000000c   Code   RO         8971    x$fpl$fcheck1       fz_ws.l(fcheck1.o)
    0x08014cbc   0x00000018   Code   RO         8973    x$fpl$fcmpinf       fz_ws.l(fcmpi.o)
    0x08014cd4   0x00000184   Code   RO         8882    x$fpl$fdiv          fz_ws.l(fdiv.o)
    0x08014e58   0x00000068   Code   RO         8885    x$fpl$feqf          fz_ws.l(feqf.o)
    0x08014ec0   0x00000036   Code   RO         8887    x$fpl$ffix          fz_ws.l(ffix.o)
    0x08014ef6   0x00000002   PAD
    0x08014ef8   0x0000003e   Code   RO         8891    x$fpl$ffixu         fz_ws.l(ffixu.o)
    0x08014f36   0x00000002   PAD
    0x08014f38   0x00000030   Code   RO         8896    x$fpl$fflt          fz_ws.l(fflt_clz.o)
    0x08014f68   0x00000026   Code   RO         8895    x$fpl$ffltu         fz_ws.l(fflt_clz.o)
    0x08014f8e   0x00000002   PAD
    0x08014f90   0x00000102   Code   RO         8903    x$fpl$fmul          fz_ws.l(fmul.o)
    0x08015092   0x0000008c   Code   RO         8975    x$fpl$fnaninf       fz_ws.l(fnaninf.o)
    0x0801511e   0x0000000a   Code   RO         8977    x$fpl$fretinf       fz_ws.l(fretinf.o)
    0x08015128   0x000000ea   Code   RO         8877    x$fpl$fsub          fz_ws.l(faddsub_clz.o)
    0x08015212   0x00000064   Code   RO         9054    x$fpl$retnan        fz_ws.l(retnan.o)
    0x08015276   0x0000005c   Code   RO         9056    x$fpl$scalbn        fz_ws.l(scalbn.o)
    0x080152d2   0x0000004c   Code   RO         8905    x$fpl$scalbnf       fz_ws.l(scalbnf.o)
    0x0801531e   0x00000030   Code   RO         9081    x$fpl$trapveneer    fz_ws.l(trapv.o)
    0x0801534e   0x00000000   Code   RO         8981    x$fpl$usenofp       fz_ws.l(usenofp.o)
    0x0801534e   0x000017c0   Data   RO         2755    .constdata          lcd.o
    0x08016b0e   0x00000018   Data   RO         2938    .constdata          rtc.o
    0x08016b26   0x0000000c   Data   RO         3275    .constdata          touch.o
    0x08016b32   0x0000000a   Data   RO         3430    .constdata          ott2001a.o
    0x08016b3c   0x000000c2   Data   RO         3738    .constdata          gt9147.o
    0x08016bfe   0x0000000a   Data   RO         3777    .constdata          ft5206.o
    0x08016c08   0x0000003a   Data   RO         4016    .constdata          ff.o
    0x08016c42   0x000003c0   Data   RO         4504    .constdata          mycc936.o
    0x08017002   0x00000002   PAD
    0x08017004   0x00000010   Data   RO         4526    .constdata          fontupd.o
    0x08017014   0x00000100   Data   RO         4941    .constdata          os_core.o
    0x08017114   0x0000000c   Data   RO         5985    .constdata          gui.o
    0x08017120   0x0000000c   Data   RO         5987    .constdata          gui.o
    0x0801712c   0x0000000c   Data   RO         5988    .constdata          gui.o
    0x08017138   0x00000030   Data   RO         6467    .constdata          scrollbar.o
    0x08017168   0x0000006c   Data   RO         7230    .constdata          common.o
    0x080171d4   0x00000030   Data   RO         7231    .constdata          common.o
    0x08017204   0x00000048   Data   RO         7232    .constdata          common.o
    0x0801724c   0x00000060   Data   RO         7233    .constdata          common.o
    0x080172ac   0x000000f0   Data   RO         7234    .constdata          common.o
    0x0801739c   0x00000078   Data   RO         7427    .constdata          calendar.o
    0x08017414   0x0000018c   Data   RO         7514    .constdata          settings.o
    0x080175a0   0x00000012   Data   RO         8401    .constdata          usb_desc.o
    0x080175b2   0x00000020   Data   RO         8402    .constdata          usb_desc.o
    0x080175d2   0x00000004   Data   RO         8403    .constdata          usb_desc.o
    0x080175d6   0x0000001a   Data   RO         8404    .constdata          usb_desc.o
    0x080175f0   0x00000020   Data   RO         8405    .constdata          usb_desc.o
    0x08017610   0x00000010   Data   RO         8406    .constdata          usb_desc.o
    0x08017620   0x00000028   Data   RO         8785    .constdata          c_w.l(_printf_hex_int.o)
    0x08017648   0x00000011   Data   RO         8815    .constdata          c_w.l(__printf_flags_wp.o)
    0x08017659   0x00000007   PAD
    0x08017660   0x00000030   Data   RO         8983    .constdata          m_ws.l(cos_i.o)
    0x08017690   0x000000c8   Data   RO         9017    .constdata          m_ws.l(rred.o)
    0x08017758   0x00000028   Data   RO         9021    .constdata          m_ws.l(sin_i.o)
    0x08017780   0x00000079   Data   RO         3276    .conststring        touch.o
    0x080177f9   0x00000003   PAD
    0x080177fc   0x0000005f   Data   RO         4527    .conststring        fontupd.o
    0x0801785b   0x00000001   PAD
    0x0801785c   0x00000011   Data   RO         5990    .conststring        gui.o
    0x0801786d   0x00000003   PAD
    0x08017870   0x0000000d   Data   RO         5992    .conststring        gui.o
    0x0801787d   0x00000003   PAD
    0x08017880   0x0000000d   Data   RO         5993    .conststring        gui.o
    0x0801788d   0x00000003   PAD
    0x08017890   0x000000dd   Data   RO         7239    .conststring        common.o
    0x0801796d   0x00000003   PAD
    0x08017970   0x00000142   Data   RO         7240    .conststring        common.o
    0x08017ab2   0x00000002   PAD
    0x08017ab4   0x000000fb   Data   RO         7430    .conststring        calendar.o
    0x08017baf   0x00000001   PAD
    0x08017bb0   0x000004ce   Data   RO         7518    .conststring        settings.o
    0x0801807e   0x00000002   PAD
    0x08018080   0x00000020   Data   RO         9202    Region$$Table       anon$$obj.o


    Execution Region RW_IRAM1 (Base: 0x20000000, Size: 0x0000b0c0, Max: 0x0000c000, ABSOLUTE, COMPRESSED[0x00000110])

    Base Addr    Size         Type   Attr      Idx    E Section Name        Object

    0x20000000   0x00000002   Data   RW           13    .data               main.o
    0x20000002   0x00000002   PAD
    0x20000004   0x00000014   Data   RW          413    .data               system_stm32f10x.o
    0x20000018   0x00000014   Data   RW         1322    .data               stm32f10x_rcc.o
    0x2000002c   0x00000004   Data   RW         2515    .data               delay.o
    0x20000030   0x00000002   Data   RW         2609    .data               usart.o
    0x20000032   0x00000002   PAD
    0x20000034   0x00000004   Data   RW         2610    .data               usart.o
    0x20000038   0x00000002   Data   RW         2649    .data               key.o
    0x2000003a   0x00000004   Data   RW         2689    .data               timer.o
    0x2000003e   0x00000004   Data   RW         2756    .data               lcd.o
    0x20000042   0x00000002   Data   RW         2939    .data               rtc.o
    0x20000044   0x00000002   Data   RW         3174    .data               flash.o
    0x20000046   0x00000002   PAD
    0x20000048   0x0000003c   Data   RW         3277    .data               touch.o
    0x20000084   0x00000001   Data   RW         3431    .data               ott2001a.o
    0x20000085   0x00000003   PAD
    0x20000088   0x00000008   Data   RW         3540    .data               remote.o
    0x20000090   0x00000001   Data   RW         3638    .data               mmc_sd.o
    0x20000091   0x00000001   Data   RW         3739    .data               gt9147.o
    0x20000092   0x00000001   Data   RW         3778    .data               ft5206.o
    0x20000093   0x00000001   PAD
    0x20000094   0x00000014   Data   RW         3821    .data               malloc.o
    0x200000a8   0x00000008   Data   RW         3886    .data               diskio.o
    0x200000b0   0x0000000c   Data   RW         4017    .data               ff.o
    0x200000bc   0x00000014   Data   RW         4296    .data               exfuns.o
    0x200000d0   0x00000004   Data   RW         4297    .data               exfuns.o
    0x200000d4   0x0000003c   Data   RW         4942    .data               os_core.o
    0x20000110   0x00000004   Data   RW         4943    .data               os_core.o
    0x20000114   0x00000004   Data   RW         4944    .data               os_core.o
    0x20000118   0x0000000e   Data   RW         5995    .data               gui.o
    0x20000126   0x00000001   Data   RW         6243    .data               listbox.o
    0x20000127   0x00000001   PAD
    0x20000128   0x00000004   Data   RW         7241    .data               common.o
    0x2000012c   0x00000004   Data   RW         7242    .data               common.o
    0x20000130   0x00000004   Data   RW         7243    .data               common.o
    0x20000134   0x00000004   Data   RW         7244    .data               common.o
    0x20000138   0x0000000c   Data   RW         7245    .data               common.o
    0x20000144   0x0000000d   Data   RW         7433    .data               calendar.o
    0x20000151   0x00000001   PAD
    0x20000152   0x0000000a   Data   RW         7522    .data               settings.o
    0x2000015c   0x00000004   Data   RW         7611    .data               usb_core.o
    0x20000160   0x00000001   Data   RW         7716    .data               usb_init.o
    0x20000161   0x00000003   PAD
    0x20000164   0x0000000c   Data   RW         7717    .data               usb_init.o
    0x20000170   0x00000002   Data   RW         7719    .data               usb_init.o
    0x20000172   0x00000004   Data   RW         7742    .data               usb_int.o
    0x20000176   0x00000002   PAD
    0x20000178   0x00000008   Data   RW         8268    .data               mass_mal.o
    0x20000180   0x00000008   Data   RW         8269    .data               mass_mal.o
    0x20000188   0x00000038   Data   RW         8303    .data               memory.o
    0x200001c0   0x00000005   Data   RW         8331    .data               scsi_data.o
    0x200001c5   0x00000025   Data   RW         8332    .data               scsi_data.o
    0x200001ea   0x00000024   Data   RW         8333    .data               scsi_data.o
    0x2000020e   0x00000004   Data   RW         8334    .data               scsi_data.o
    0x20000212   0x00000008   Data   RW         8335    .data               scsi_data.o
    0x2000021a   0x00000012   Data   RW         8336    .data               scsi_data.o
    0x2000022c   0x00000008   Data   RW         8337    .data               scsi_data.o
    0x20000234   0x0000000c   Data   RW         8338    .data               scsi_data.o
    0x20000240   0x00000010   Data   RW         8357    .data               usb_bot.o
    0x20000250   0x0000001a   Data   RW         8407    .data               usb_desc.o
    0x2000026a   0x00000004   Data   RW         8438    .data               usb_istr.o
    0x2000026e   0x00000002   PAD
    0x20000270   0x0000001c   Data   RW         8439    .data               usb_istr.o
    0x2000028c   0x0000001c   Data   RW         8440    .data               usb_istr.o
    0x200002a8   0x0000006c   Data   RW         8471    .data               usb_prop.o
    0x20000314   0x00000002   Data   RW         8472    .data               usb_prop.o
    0x20000316   0x00000002   PAD
    0x20000318   0x00000024   Data   RW         8473    .data               usb_prop.o
    0x2000033c   0x00000004   Data   RW         8570    .data               usb_pwr.o
    0x20000340   0x00000001   Data   RW         8571    .data               usb_pwr.o
    0x20000341   0x00000003   PAD
    0x20000344   0x00000008   Data   RW         8572    .data               usb_pwr.o
    0x2000034c   0x00000004   PAD
    0x20000350   0x00000800   Zero   RW           11    .bss                main.o
    0x20000b50   0x000000c8   Zero   RW         2608    .bss                usart.o
    0x20000c18   0x0000000e   Zero   RW         2754    .bss                lcd.o
    0x20000c26   0x00000012   Zero   RW         3132    .bss                spi.o
    0x20000c38   0x00008c00   Zero   RW         3816    .bss                malloc.o
    0x20009838   0x000008c0   Zero   RW         3817    .bss                malloc.o
    0x2000a0f8   0x00000021   Zero   RW         4525    .bss                fontupd.o
    0x2000a119   0x00000003   PAD
    0x2000a11c   0x0000003c   Zero   RW         4758    .bss                piclib.o
    0x2000a158   0x000007b8   Zero   RW         4938    .bss                os_core.o
    0x2000a910   0x00000050   Zero   RW         4939    .bss                os_core.o
    0x2000a960   0x00000078   Zero   RW         4940    .bss                os_core.o
    0x2000a9d8   0x0000001d   Zero   RW         5983    .bss                gui.o
    0x2000a9f5   0x00000001   PAD
    0x2000a9f6   0x0000000a   Zero   RW         7426    .bss                calendar.o
    0x2000aa00   0x0000001c   Zero   RW         7715    .bss                usb_init.o
    0x2000aa1c   0x00000004   PAD
    0x2000aa20   0x00000010   Zero   RW         8267    .bss                mass_mal.o
    0x2000aa30   0x00000030   Zero   RW         8356    .bss                usb_bot.o
    0x2000aa60   0x00000060   Zero   RW         9063    .bss                c_w.l(libspace.o)
    0x2000aac0   0x00000200   Zero   RW          470    HEAP                startup_stm32f10x_hd.o
    0x2000acc0   0x00000400   Zero   RW          469    STACK               startup_stm32f10x_hd.o


==============================================================================

Image component sizes


      Code (inc. data)   RO Data    RW Data    ZI Data      Debug   Object Name

       322          0          0          0          0       4840   24cxx.o
       316         44          0          0          0       1736   adc.o
       724         10          0          0          0       3069   bmp.o
      1630         18          0          0          0       9826   button.o
      4214        184        371         13         10       8726   calendar.o
      2634        134       1107         28          0      12929   common.o
         0          0          0          0          0         32   core_cm3.o
       596         70          0          0          0       5017   ctiic.o
       244         36          0          4          0     217057   delay.o
       494         50          0          8          0       7218   diskio.o
       564         46          0          0          0       5082   ds18b20.o
       134          4          0         24          0       2365   exfuns.o
      7928        150         58         12          0      34524   ff.o
         0          0          0          0          0       1080   filelistbox.o
       754         54          0          2          0       7205   flash.o
      1184        156        111          0         33       4786   fontupd.o
       694         34         10          1          0       3585   ft5206.o
       846         64        194          1          0       4322   gt9147.o
      3252        108         79         14         29      21023   gui.o
       484        132          0          0          0       6556   hw_config.o
       224         28          0          2          0       1758   key.o
     18994        250       6080          4         14      28138   lcd.o
        84         10          0          0          0        531   led.o
      1596         22          0          1          0       6434   listbox.o
      4372       1092          0          2       2048     295051   main.o
       300         30          0         20      38080       5289   malloc.o
       112          0          0         16         16       2635   mass_mal.o
       524         42          0         56          0       2631   memory.o
       144         16          0          0          0       2029   misc.o
      1164         32          0          1          0      10776   mmc_sd.o
       148         14        960          0          0       1735   mycc936.o
       612         70          0          0          0       4394   myiic.o
      1394        160        256         68       2176      17847   os_core.o
       180         36          0          0          0        356   os_cpu_a.o
       130          0          0          0          0      12931   os_cpu_c.o
        72         12          0          0          0        586   os_flag.o
        68         10          0          0          0        559   os_q.o
       786         78          0          0          0       5335   os_task.o
       104         22          0          0          0        604   os_time.o
       740         56         10          1          0       4880   ott2001a.o
       188         38          0          0         60       3769   piclib.o
         0          0          0          0          0        908   progressbar.o
       248         12          0          8          0       1038   remote.o
      1046         68         24          2          0       5569   rtc.o
      1398         10         48          0          0       5448   scrollbar.o
         0          0          0        128          0       1090   scsi_data.o
      2892        154       1626         10          0       8142   settings.o
       240         28          0          0         18       1969   spi.o
        64         26        304          0       1536        824   startup_stm32f10x_hd.o
       364         22          0          0          0       8322   stm32f10x_adc.o
        50          8          0          0          0       2668   stm32f10x_bkp.o
       124         10          0          0          0       1533   stm32f10x_exti.o
       252          6          0          0          0       3546   stm32f10x_gpio.o
        12          6          0          0          0        506   stm32f10x_pwr.o
       360         68          0         20          0       8210   stm32f10x_rcc.o
       228         50          0          0          0       5666   stm32f10x_rtc.o
        98          0          0          0          0       3730   stm32f10x_spi.o
        80          0          0          0          0       5670   stm32f10x_tim.o
       310          6          0          0          0       4730   stm32f10x_usart.o
       248         24          0         20          0       1809   system_stm32f10x.o
       506         16          0          0          0       2815   text.o
       188         14          0          4          0       1507   timer.o
      2536        194        133         60          0       9855   touch.o
       294         28          0          6        200       4196   usart.o
       810         74          0         16         48       5075   usb_bot.o
      2186        284          0          4          0      13659   usb_core.o
         0          0        128         26          0       1000   usb_desc.o
         8          0          0          0          0        905   usb_endp.o
        40         18          0         15         28       4026   usb_init.o
       344         30          0          4          0       1556   usb_int.o
       188         22          0         60          0       1496   usb_istr.o
        72         10          0          0          0       1508   usb_mem.o
       602        126          0        146          0      11202   usb_prop.o
       248         34          0         13          0       3640   usb_pwr.o
       570        102          0          0          0       8670   usb_regs.o
       872        130          0          0          0       9088   usb_scsi.o
       106          8          0          0          0       1902   usb_sil.o
       986         16          0          0          0       4707   window.o

    ----------------------------------------------------------------------
     77620       4916      11554        844      44308     927431   Object Totals
         0          0         32          0          0          0   (incl. Generated)
       100          0         23         24         12          0   (incl. Padding)

    ----------------------------------------------------------------------

      Code (inc. data)   RO Data    RW Data    ZI Data      Debug   Library Member Name

        90          0          0          0          0          0   __dczerorl2.o
         8          0          0          0          0         68   __main.o
       312          4         17          0          0         92   __printf_flags_wp.o
        14          0          0          0          0         68   __printf_wp.o
         0          0          0          0          0          0   __rtentry.o
        12          0          0          0          0          0   __rtentry2.o
         6          0          0          0          0          0   __rtentry4.o
        52          8          0          0          0          0   __scatter.o
        28          0          0          0          0          0   __scatter_zi.o
        44          0          0          0          0        108   _printf_char.o
        48          6          0          0          0         96   _printf_char_common.o
        36          4          0          0          0         80   _printf_char_file.o
         6          0          0          0          0          0   _printf_d.o
       120         16          0          0          0         92   _printf_dec.o
        88          4         40          0          0         88   _printf_hex_int.o
       178          0          0          0          0         88   _printf_intcommon.o
        78          0          0          0          0        108   _printf_pad.o
         0          0          0          0          0          0   _printf_percent.o
         4          0          0          0          0          0   _printf_percent_end.o
         6          0          0          0          0          0   _printf_s.o
        82          0          0          0          0         80   _printf_str.o
         6          0          0          0          0          0   _printf_x.o
        22          0          0          0          0        100   _rserrno.o
        10          0          0          0          0         68   _sputc.o
        12          0          0          0          0         72   exit.o
         8          0          0          0          0         68   ferror.o
         6          0          0          0          0        152   heapauxi.o
         2          0          0          0          0          0   libinit.o
         2          0          0          0          0          0   libinit2.o
         2          0          0          0          0          0   libshutdown.o
         2          0          0          0          0          0   libshutdown2.o
         8          4          0          0         96         68   libspace.o
        72          0          0          0          0         76   llsdiv.o
       238          0          0          0          0        100   lludivv7m.o
        24          4          0          0          0         84   noretval__2printf.o
        40          6          0          0          0         84   noretval__2sprintf.o
         8          4          0          0          0         68   rt_errno_addr_intlibspace.o
         2          0          0          0          0          0   rtexit.o
        10          0          0          0          0          0   rtexit2.o
        24          0          0          0          0         68   strcat.o
       128          0          0          0          0         68   strcmpv7m.o
        72          0          0          0          0         80   strcpy.o
        62          0          0          0          0         76   strlen.o
        74          0          0          0          0         80   sys_stackheap_outer.o
         2          0          0          0          0         68   use_no_semi.o
         2          0          0          0          0         68   use_no_semi_2.o
        98          4          0          0          0         92   d2f.o
       826         16          0          0          0        348   daddsub_clz.o
        16          4          0          0          0         68   dcheck1.o
       688        140          0          0          0        208   ddiv.o
        94          4          0          0          0         92   dfix.o
        90          4          0          0          0         92   dfixu.o
        84          0          0          0          0        136   dflt_clz.o
       340         12          0          0          0        104   dmul.o
       156          4          0          0          0         92   dnaninf.o
        12          0          0          0          0         68   dretinf.o
       460         56          0          0          0        120   dsqrt_noumaal.o
        86          4          0          0          0         84   f2d.o
       430          8          0          0          0        168   faddsub_clz.o
        12          4          0          0          0         68   fcheck1.o
        24          0          0          0          0         68   fcmpi.o
       388         76          0          0          0         96   fdiv.o
       104          4          0          0          0         84   feqf.o
        54          4          0          0          0         84   ffix.o
        62          4          0          0          0         84   ffixu.o
        86          0          0          0          0        136   fflt_clz.o
       258          4          0          0          0         84   fmul.o
       140          4          0          0          0         84   fnaninf.o
        10          0          0          0          0         68   fretinf.o
       100          0          0          0          0         68   retnan.o
        92          0          0          0          0         68   scalbn.o
        76          0          0          0          0         68   scalbnf.o
        48          0          0          0          0         68   trapv.o
         0          0          0          0          0          0   usenofp.o
       156          8          0          0          0        104   cos.o
       252         22         48          0          0        124   cos_i.o
        34          6          0          0          0        204   dunder.o
        40          0          0          0          0         68   fpclassify.o
       170          0          0          0          0         96   poly.o
       904         76        200          0          0        140   rred.o
       160         10          0          0          0        108   sin.o
       236         12         40          0          0        128   sin_i.o
        76          0          0          0          0         84   sqrt.o

    ----------------------------------------------------------------------
      8938        550        352          0         96       6272   Library Totals
        26          0          7          0          0          0   (incl. Padding)

    ----------------------------------------------------------------------

      Code (inc. data)   RO Data    RW Data    ZI Data      Debug   Library Name

      2050         60         57          0         96       2416   c_w.l
      4834        356          0          0          0       2800   fz_ws.l
      2028        134        288          0          0       1056   m_ws.l

    ----------------------------------------------------------------------
      8938        550        352          0         96       6272   Library Totals

    ----------------------------------------------------------------------

==============================================================================


      Code (inc. data)   RO Data    RW Data    ZI Data      Debug   

     86558       5466      11906        844      44404     904163   Grand Totals
     86558       5466      11906        272      44404     904163   ELF Image Totals (compressed)
     86558       5466      11906        272          0          0   ROM Totals

==============================================================================

    Total RO  Size (Code + RO Data)                98464 (  96.16kB)
    Total RW  Size (RW Data + ZI Data)             45248 (  44.19kB)
    Total ROM Size (Code + RO Data + RW Data)      98736 (  96.42kB)

==============================================================================

