Component: ARM Compiler 5.05 update 1 (build 106) Tool: armlink [4d0efa]

==============================================================================

Section Cross References

    main.o(i.main) refers to main.o(i.system_init) for system_init
    main.o(i.main) refers to os_core.o(i.OSInit) for OSInit
    main.o(i.main) refers to os_task.o(i.OSTaskCreate) for OSTaskCreate
    main.o(i.main) refers to os_core.o(i.OSStart) for OSStart
    main.o(i.main) refers to main.o(.bss) for .bss
    main.o(i.main) refers to main.o(i.start_task) for start_task
    main.o(i.main_task) refers to lcd.o(i.LCD_Clear) for LCD_Clear
    main.o(i.main_task) refers to settings.o(i.sysset_play) for sysset_play
    main.o(i.main_task) refers to key.o(i.KEY_Scan) for KEY_Scan
    main.o(i.main_task) refers to calendar.o(i.calendar_play) for calendar_play
    main.o(i.main_task) refers to delay.o(i.delay_ms) for delay_ms
    main.o(i.main_task) refers to main.o(.data) for .data
    main.o(i.set_calendar) refers to main.o(i.str_to_int) for str_to_int
    main.o(i.set_calendar) refers to rtc.o(i.RTC_Set) for RTC_Set
    main.o(i.set_time) refers to _printf_percent.o(.ARM.Collect$$_printf_percent$$00000000) for _printf_percent
    main.o(i.set_time) refers to _printf_d.o(.ARM.Collect$$_printf_percent$$00000009) for _printf_d
    main.o(i.set_time) refers to _printf_dec.o(.text) for _printf_int_dec
    main.o(i.set_time) refers to rt_memclr_w.o(.text) for __aeabi_memclr4
    main.o(i.set_time) refers to main.o(i.start_with) for start_with
    main.o(i.set_time) refers to main.o(i.str_to_int) for str_to_int
    main.o(i.set_time) refers to rtc.o(i.RTC_Set) for RTC_Set
    main.o(i.set_time) refers to main.o(i.set_calendar) for set_calendar
    main.o(i.set_time) refers to delay.o(i.delay_ms) for delay_ms
    main.o(i.set_time) refers to noretval__2printf.o(.text) for __2printf
    main.o(i.set_time) refers to calendar.o(.bss) for calendar
    main.o(i.start_task) refers to os_core.o(i.OSStatInit) for OSStatInit
    main.o(i.start_task) refers to common.o(i.app_srand) for app_srand
    main.o(i.start_task) refers to gui.o(i.gui_init) for gui_init
    main.o(i.start_task) refers to piclib.o(i.piclib_init) for piclib_init
    main.o(i.start_task) refers to os_cpu_a.o(.text) for OS_CPU_SR_Save
    main.o(i.start_task) refers to os_task.o(i.OSTaskCreate) for OSTaskCreate
    main.o(i.start_task) refers to os_task.o(i.OSTaskSuspend) for OSTaskSuspend
    main.o(i.start_task) refers to os_core.o(.data) for OSTime
    main.o(i.start_task) refers to main.o(.bss) for .bss
    main.o(i.start_task) refers to main.o(i.main_task) for main_task
    main.o(i.start_task) refers to main.o(i.usart_task) for usart_task
    main.o(i.start_task) refers to main.o(i.watch_task) for watch_task
    main.o(i.start_with) refers to strlen.o(.text) for strlen
    main.o(i.start_with) refers to memcmp.o(.text) for memcmp
    main.o(i.str_to_int) refers to _scanf_int.o(.text) for _scanf_int
    main.o(i.str_to_int) refers to __0sscanf.o(.text) for __0sscanf
    main.o(i.system_error_show) refers to lcd.o(i.LCD_ShowString) for LCD_ShowString
    main.o(i.system_error_show) refers to delay.o(i.delay_ms) for delay_ms
    main.o(i.system_error_show) refers to lcd.o(i.LCD_Fill) for LCD_Fill
    main.o(i.system_error_show) refers to lcd.o(.data) for POINT_COLOR
    main.o(i.system_error_show) refers to lcd.o(.bss) for lcddev
    main.o(i.system_files_erase) refers to lcd.o(i.LCD_ShowString) for LCD_ShowString
    main.o(i.system_files_erase) refers to gui.o(i.gui_fill_rectangle) for gui_fill_rectangle
    main.o(i.system_files_erase) refers to key.o(i.KEY_Scan) for KEY_Scan
    main.o(i.system_files_erase) refers to delay.o(i.delay_ms) for delay_ms
    main.o(i.system_files_erase) refers to flash.o(i.SPI_Flash_Erase_Chip) for SPI_Flash_Erase_Chip
    main.o(i.system_files_erase) refers to lcd.o(.data) for POINT_COLOR
    main.o(i.system_files_erase) refers to lcd.o(.bss) for lcddev
    main.o(i.system_font_update_confirm) refers to lcd.o(i.LCD_ShowString) for LCD_ShowString
    main.o(i.system_font_update_confirm) refers to gui.o(i.gui_fill_rectangle) for gui_fill_rectangle
    main.o(i.system_font_update_confirm) refers to key.o(i.KEY_Scan) for KEY_Scan
    main.o(i.system_font_update_confirm) refers to delay.o(i.delay_ms) for delay_ms
    main.o(i.system_font_update_confirm) refers to lcd.o(.data) for POINT_COLOR
    main.o(i.system_font_update_confirm) refers to lcd.o(.bss) for lcddev
    main.o(i.system_init) refers to _printf_pad.o(.text) for _printf_pre_padding
    main.o(i.system_init) refers to _printf_percent.o(.ARM.Collect$$_printf_percent$$00000000) for _printf_percent
    main.o(i.system_init) refers to _printf_x.o(.ARM.Collect$$_printf_percent$$0000000C) for _printf_x
    main.o(i.system_init) refers to _printf_hex_int.o(.text) for _printf_longlong_hex
    main.o(i.system_init) refers to misc.o(i.NVIC_PriorityGroupConfig) for NVIC_PriorityGroupConfig
[...]
    cpymsg_y                                 0x20000138   Data           2  settings.o(.data)
    systemset                                0x2000013a   Data           6  settings.o(.data)
    asc2_s6030                               0x20000140   Data           4  common.o(.data)
    asc2_5427                                0x20000144   Data           4  common.o(.data)
    asc2_3618                                0x20000148   Data           4  common.o(.data)
    asc2_2814                                0x2000014c   Data           4  common.o(.data)
    random_seed                              0x20000158   Data           4  common.o(.data)
    Data_Mul_MaxPacketSize                   0x2000015c   Data           1  usb_core.o(.data)
    StatusInfo                               0x2000015e   Data           2  usb_core.o(.data)
    EPindex                                  0x20000160   Data           1  usb_init.o(.data)
    pInformation                             0x20000164   Data           4  usb_init.o(.data)
    pProperty                                0x20000168   Data           4  usb_init.o(.data)
    pUser_Standard_Requests                  0x2000016c   Data           4  usb_init.o(.data)
    wInterrupt_Mask                          0x20000170   Data           2  usb_init.o(.data)
    SaveRState                               0x20000172   Data           2  usb_int.o(.data)
    SaveTState                               0x20000174   Data           2  usb_int.o(.data)
    Mass_Block_Size                          0x20000178   Data           8  mass_mal.o(.data)
    Mass_Block_Count                         0x20000180   Data           8  mass_mal.o(.data)
    TransferState                            0x20000188   Data           1  memory.o(.data)
    USB_STATUS_REG                           0x20000189   Data           1  memory.o(.data)
    Block_Read_count                         0x2000018c   Data           4  memory.o(.data)
    Counter                                  0x20000190   Data           4  memory.o(.data)
    Block_offset                             0x20000194   Data           4  memory.o(.data)
    Idx                                      0x20000198   Data           4  memory.o(.data)
    Data_Buffer                              0x2000019c   Data           4  memory.o(.data)
    Page00_Inquiry_Data                      0x200001c0   Data           5  scsi_data.o(.data)
    Standard_Inquiry_Data                    0x200001c5   Data          37  scsi_data.o(.data)
    Standard_Inquiry_Data2                   0x200001ea   Data          36  scsi_data.o(.data)
    Mode_Sense6_data                         0x2000020e   Data           4  scsi_data.o(.data)
    Mode_Sense10_data                        0x20000212   Data           8  scsi_data.o(.data)
    Scsi_Sense_Data                          0x2000021a   Data          18  scsi_data.o(.data)
    ReadCapacity10_Data                      0x2000022c   Data           8  scsi_data.o(.data)
    ReadFormatCapacity_Data                  0x20000234   Data          12  scsi_data.o(.data)
    Bot_State                                0x20000240   Data           1  usb_bot.o(.data)
    Data_Len                                 0x20000242   Data           2  usb_bot.o(.data)
    Bulk_Data_Buff                           0x20000244   Data           4  usb_bot.o(.data)
    SCSI_LBA                                 0x20000248   Data           4  usb_bot.o(.data)
    SCSI_BlkLen                              0x2000024c   Data           4  usb_bot.o(.data)
    MASS_StringSerial                        0x20000250   Data          26  usb_desc.o(.data)
    bIntPackSOF                              0x2000026a   Data           1  usb_istr.o(.data)
    wIstr                                    0x2000026c   Data           2  usb_istr.o(.data)
    pEpInt_IN                                0x20000270   Data          28  usb_istr.o(.data)
    pEpInt_OUT                               0x2000028c   Data          28  usb_istr.o(.data)
    Max_Lun                                  0x200002a8   Data           4  usb_prop.o(.data)
    Device_Descriptor                        0x200002ac   Data           8  usb_prop.o(.data)
    Config_Descriptor                        0x200002b4   Data           8  usb_prop.o(.data)
    Device_Property                          0x200002bc   Data          48  usb_prop.o(.data)
    String_Descriptor                        0x200002ec   Data          40  usb_prop.o(.data)
    Device_Table                             0x20000314   Data           2  usb_prop.o(.data)
    User_Standard_Requests                   0x20000318   Data          36  usb_prop.o(.data)
    bDeviceState                             0x2000033c   Data           4  usb_pwr.o(.data)
    fSuspendEnabled                          0x20000340   Data           1  usb_pwr.o(.data)
    ResumeS                                  0x20000344   Data           2  usb_pwr.o(.data)
    remotewakeupon                           0x20000348   Data           4  usb_pwr.o(.data)
    USART_RX_BUF                             0x20000b50   Data         200  usart.o(.bss)
    lcddev                                   0x20000c18   Data          14  lcd.o(.bss)
    SPI_InitStructure                        0x20000c26   Data          18  spi.o(.bss)
    membase                                  0x20000c38   Data       35840  malloc.o(.bss)
    memmapbase                               0x20009838   Data        2240  malloc.o(.bss)
    ftinfo                                   0x2000a0f8   Data          33  fontupd.o(.bss)
    picinfo                                  0x2000a11c   Data          40  piclib.o(.bss)
    pic_phy                                  0x2000a144   Data          20  piclib.o(.bss)
    OSEventTbl                               0x2000a158   Data         200  os_core.o(.bss)
    OSTaskStatStk                            0x2000a220   Data         256  os_core.o(.bss)
    OSTaskIdleStk                            0x2000a320   Data         256  os_core.o(.bss)
    OSTCBPrioTbl                             0x2000a420   Data         256  os_core.o(.bss)
    OSTCBTbl                                 0x2000a520   Data        1008  os_core.o(.bss)
    OSFlagTbl                                0x2000a910   Data          80  os_core.o(.bss)
    OSQTbl                                   0x2000a960   Data         120  os_core.o(.bss)
    gui_phy                                  0x2000a9d8   Data          29  gui.o(.bss)
    calendar                                 0x2000a9f6   Data          10  calendar.o(.bss)
    Device_Info                              0x2000aa00   Data          28  usb_init.o(.bss)
    Mass_Memory_Size                         0x2000aa20   Data          16  mass_mal.o(.bss)
    CBW                                      0x2000aa30   Data          32  usb_bot.o(.bss)
    CSW                                      0x2000aa50   Data          16  usb_bot.o(.bss)
    __libspace_start                         0x2000aa60   Data          96  libspace.o(.bss)
    __temporary_stack_top$libspace           0x2000aac0   Data           0  libspace.o(.bss)



==============================================================================

Memory Map of the image

  Image Entry point : 0x08000131

  Load Region LR_IROM1 (Base: 0x08000000, Size: 0x00018c48, Max: 0x00040000, ABSOLUTE, COMPRESSED[0x00018a08])

    Execution Region ER_IROM1 (Base: 0x08000000, Size: 0x000188fc, Max: 0x00040000, ABSOLUTE)

    Base Addr    Size         Type   Attr      Idx    E Section Name        Object

    0x08000000   0x00000130   Data   RO          494    RESET               startup_stm32f10x_hd.o
    0x08000130   0x00000008   Code   RO         8872  * !!!main             c_w.l(__main.o)
    0x08000138   0x00000034   Code   RO         9257    !!!scatter          c_w.l(__scatter.o)
    0x0800016c   0x0000005a   Code   RO         9255    !!dczerorl2         c_w.l(__dczerorl2.o)
    0x080001c6   0x00000002   PAD
    0x080001c8   0x0000001c   Code   RO         9259    !!handler_zi        c_w.l(__scatter_zi.o)
    0x080001e4   0x00000000   Code   RO         8849    .ARM.Collect$$_printf_percent$$00000000  c_w.l(_printf_percent.o)
    0x080001e4   0x00000006   Code   RO         8848    .ARM.Collect$$_printf_percent$$00000009  c_w.l(_printf_d.o)
    0x080001ea   0x00000006   Code   RO         8847    .ARM.Collect$$_printf_percent$$0000000C  c_w.l(_printf_x.o)
    0x080001f0   0x00000006   Code   RO         8846    .ARM.Collect$$_printf_percent$$00000014  c_w.l(_printf_s.o)
    0x080001f6   0x00000004   Code   RO         8991    .ARM.Collect$$_printf_percent$$00000017  c_w.l(_printf_percent_end.o)
    0x080001fa   0x00000002   Code   RO         9121    .ARM.Collect$$libinit$$00000000  c_w.l(libinit.o)
    0x080001fc   0x00000000   Code   RO         9143    .ARM.Collect$$libinit$$00000002  c_w.l(libinit2.o)
    0x080001fc   0x00000000   Code   RO         9145    .ARM.Collect$$libinit$$00000004  c_w.l(libinit2.o)
    0x080001fc   0x00000000   Code   RO         9148    .ARM.Collect$$libinit$$0000000A  c_w.l(libinit2.o)
    0x080001fc   0x00000000   Code   RO         9150    .ARM.Collect$$libinit$$0000000C  c_w.l(libinit2.o)
    0x080001fc   0x00000000   Code   RO         9152    .ARM.Collect$$libinit$$0000000E  c_w.l(libinit2.o)
    0x080001fc   0x00000006   Code   RO         9153    .ARM.Collect$$libinit$$0000000F  c_w.l(libinit2.o)
    0x08000202   0x00000000   Code   RO         9155    .ARM.Collect$$libinit$$00000011  c_w.l(libinit2.o)
    0x08000202   0x0000000c   Code   RO         9156    .ARM.Collect$$libinit$$00000012  c_w.l(libinit2.o)
    0x0800020e   0x00000000   Code   RO         9157    .ARM.Collect$$libinit$$00000013  c_w.l(libinit2.o)
    0x0800020e   0x00000000   Code   RO         9159    .ARM.Collect$$libinit$$00000015  c_w.l(libinit2.o)
    0x0800020e   0x00000000   Code   RO         9161    .ARM.Collect$$libinit$$00000017  c_w.l(libinit2.o)
    0x0800020e   0x00000000   Code   RO         9163    .ARM.Collect$$libinit$$00000019  c_w.l(libinit2.o)
    0x0800020e   0x00000000   Code   RO         9165    .ARM.Collect$$libinit$$0000001B  c_w.l(libinit2.o)
    0x0800020e   0x00000000   Code   RO         9167    .ARM.Collect$$libinit$$0000001D  c_w.l(libinit2.o)
    0x0800020e   0x00000000   Code   RO         9169    .ARM.Collect$$libinit$$0000001F  c_w.l(libinit2.o)
    0x0800020e   0x00000000   Code   RO         9171    .ARM.Collect$$libinit$$00000021  c_w.l(libinit2.o)
    0x0800020e   0x00000000   Code   RO         9173    .ARM.Collect$$libinit$$00000023  c_w.l(libinit2.o)
    0x0800020e   0x00000000   Code   RO         9175    .ARM.Collect$$libinit$$00000025  c_w.l(libinit2.o)
    0x0800020e   0x00000000   Code   RO         9179    .ARM.Collect$$libinit$$0000002C  c_w.l(libinit2.o)
    0x0800020e   0x00000000   Code   RO         9181    .ARM.Collect$$libinit$$0000002E  c_w.l(libinit2.o)
    0x0800020e   0x00000000   Code   RO         9183    .ARM.Collect$$libinit$$00000030  c_w.l(libinit2.o)
    0x0800020e   0x00000000   Code   RO         9185    .ARM.Collect$$libinit$$00000032  c_w.l(libinit2.o)
    0x0800020e   0x00000002   Code   RO         9186    .ARM.Collect$$libinit$$00000033  c_w.l(libinit2.o)
    0x08000210   0x00000002   Code   RO         9212    .ARM.Collect$$libshutdown$$00000000  c_w.l(libshutdown.o)
    0x08000212   0x00000000   Code   RO         9240    .ARM.Collect$$libshutdown$$00000003  c_w.l(libshutdown2.o)
    0x08000212   0x00000000   Code   RO         9243    .ARM.Collect$$libshutdown$$00000006  c_w.l(libshutdown2.o)
    0x08000212   0x00000000   Code   RO         9246    .ARM.Collect$$libshutdown$$00000009  c_w.l(libshutdown2.o)
    0x08000212   0x00000000   Code   RO         9248    .ARM.Collect$$libshutdown$$0000000B  c_w.l(libshutdown2.o)
    0x08000212   0x00000000   Code   RO         9251    .ARM.Collect$$libshutdown$$0000000E  c_w.l(libshutdown2.o)
    0x08000212   0x00000002   Code   RO         9252    .ARM.Collect$$libshutdown$$0000000F  c_w.l(libshutdown2.o)
    0x08000214   0x00000000   Code   RO         8974    .ARM.Collect$$rtentry$$00000000  c_w.l(__rtentry.o)
    0x08000214   0x00000000   Code   RO         9064    .ARM.Collect$$rtentry$$00000002  c_w.l(__rtentry2.o)
    0x08000214   0x00000006   Code   RO         9076    .ARM.Collect$$rtentry$$00000004  c_w.l(__rtentry4.o)
    0x0800021a   0x00000000   Code   RO         9066    .ARM.Collect$$rtentry$$00000009  c_w.l(__rtentry2.o)
    0x0800021a   0x00000004   Code   RO         9067    .ARM.Collect$$rtentry$$0000000A  c_w.l(__rtentry2.o)
    0x0800021e   0x00000000   Code   RO         9069    .ARM.Collect$$rtentry$$0000000C  c_w.l(__rtentry2.o)
    0x0800021e   0x00000008   Code   RO         9070    .ARM.Collect$$rtentry$$0000000D  c_w.l(__rtentry2.o)
    0x08000226   0x00000002   Code   RO         9126    .ARM.Collect$$rtexit$$00000000  c_w.l(rtexit.o)
    0x08000228   0x00000000   Code   RO         9188    .ARM.Collect$$rtexit$$00000002  c_w.l(rtexit2.o)
    0x08000228   0x00000004   Code   RO         9189    .ARM.Collect$$rtexit$$00000003  c_w.l(rtexit2.o)
    0x0800022c   0x00000006   Code   RO         9190    .ARM.Collect$$rtexit$$00000004  c_w.l(rtexit2.o)
    0x08000232   0x00000002   PAD
    0x08000234   0x00000040   Code   RO          495    .text               startup_stm32f10x_hd.o
    0x08000274   0x000000b4   Code   RO         5631    .text               os_cpu_a.o
    0x08000328   0x00000002   Code   RO         8782    .text               c_w.l(use_no_semi_2.o)
    0x0800032a   0x000000ee   Code   RO         8784    .text               c_w.l(lludivv7m.o)
    0x08000418   0x00000048   Code   RO         8786    .text               c_w.l(llsdiv.o)
    0x08000460   0x00000018   Code   RO         8792    .text               c_w.l(noretval__2printf.o)
    0x08000478   0x00000028   Code   RO         8794    .text               c_w.l(noretval__2sprintf.o)
    0x080004a0   0x0000004e   Code   RO         8798    .text               c_w.l(_printf_pad.o)
    0x080004ee   0x00000052   Code   RO         8800    .text               c_w.l(_printf_str.o)
    0x08000540   0x00000078   Code   RO         8802    .text               c_w.l(_printf_dec.o)
    0x080005b8   0x00000058   Code   RO         8807    .text               c_w.l(_printf_hex_int.o)
    0x08000610   0x00000138   Code   RO         8837    .text               c_w.l(__printf_flags_wp.o)
    0x08000748   0x0000003c   Code   RO         8850    .text               c_w.l(__0sscanf.o)
    0x08000784   0x0000014c   Code   RO         8852    .text               c_w.l(_scanf_int.o)
    0x080008d0   0x00000058   Code   RO         8856    .text               c_w.l(memcmp.o)
    0x08000928   0x00000048   Code   RO         8858    .text               c_w.l(strcpy.o)
    0x08000970   0x0000003e   Code   RO         8860    .text               c_w.l(strlen.o)
    0x080009ae   0x00000018   Code   RO         8862    .text               c_w.l(strcat.o)
    0x080009c6   0x0000008a   Code   RO         8864    .text               c_w.l(rt_memcpy_v6.o)
    0x08000a50   0x0000004e   Code   RO         8866    .text               c_w.l(rt_memclr_w.o)
    0x08000a9e   0x00000002   PAD
    0x08000aa0   0x00000080   Code   RO         8868    .text               c_w.l(strcmpv7m.o)
    0x08000b20   0x00000006   Code   RO         8870    .text               c_w.l(heapauxi.o)
    0x08000b26   0x00000002   Code   RO         8972    .text               c_w.l(use_no_semi.o)
    0x08000b28   0x00000016   Code   RO         8979    .text               c_w.l(_rserrno.o)
    0x08000b3e   0x000000b2   Code   RO         8981    .text               c_w.l(_printf_intcommon.o)
    0x08000bf0   0x00000030   Code   RO         8983    .text               c_w.l(_printf_char_common.o)
    0x08000c20   0x0000000a   Code   RO         8985    .text               c_w.l(_sputc.o)
    0x08000c2a   0x0000002c   Code   RO         8987    .text               c_w.l(_printf_char.o)
    0x08000c56   0x00000002   PAD
    0x08000c58   0x00000024   Code   RO         8989    .text               c_w.l(_printf_char_file.o)
    0x08000c7c   0x0000001c   Code   RO         8992    .text               c_w.l(_chval.o)
    0x08000c98   0x0000002c   Code   RO         8994    .text               c_w.l(scanf_char.o)
    0x08000cc4   0x00000040   Code   RO         8996    .text               c_w.l(_sgetc.o)
    0x08000d04   0x00000064   Code   RO         8998    .text               c_w.l(rt_memcpy_w.o)
    0x08000d68   0x00000008   Code   RO         9083    .text               c_w.l(rt_errno_addr_intlibspace.o)
    0x08000d70   0x00000012   Code   RO         9085    .text               c_w.l(isspace.o)
    0x08000d82   0x00000002   PAD
    0x08000d84   0x00000374   Code   RO         9089    .text               c_w.l(_scanf.o)
    0x080010f8   0x00000008   Code   RO         9091    .text               c_w.l(ferror.o)
    0x08001100   0x00000008   Code   RO         9103    .text               c_w.l(libspace.o)
    0x08001108   0x0000004a   Code   RO         9106    .text               c_w.l(sys_stackheap_outer.o)
    0x08001152   0x00000002   PAD
    0x08001154   0x00000010   Code   RO         9108    .text               c_w.l(rt_ctype_table.o)
    0x08001164   0x0000000c   Code   RO         9110    .text               c_w.l(exit.o)
    0x08001170   0x00000008   Code   RO         9133    .text               c_w.l(rt_locale_intlibspace.o)
    0x08001178   0x00000014   Code   RO          541    i.ADC_Cmd           stm32f10x_adc.o
    0x0800118c   0x00000044   Code   RO          543    i.ADC_DeInit        stm32f10x_adc.o
    0x080011d0   0x0000000e   Code   RO          549    i.ADC_GetCalibrationStatus  stm32f10x_adc.o
    0x080011de   0x0000000e   Code   RO          555    i.ADC_GetResetCalibrationStatus  stm32f10x_adc.o
    0x080011ec   0x00000048   Code   RO          559    i.ADC_Init          stm32f10x_adc.o
    0x08001234   0x0000000a   Code   RO          564    i.ADC_ResetCalibration  stm32f10x_adc.o
    0x0800123e   0x0000000a   Code   RO          568    i.ADC_StartCalibration  stm32f10x_adc.o
    0x08001248   0x00000026   Code   RO         3044    i.AT24CXX_Check     24cxx.o
    0x0800126e   0x00000004   Code   RO         3045    i.AT24CXX_Init      24cxx.o
    0x08001272   0x00000022   Code   RO         3046    i.AT24CXX_Read      24cxx.o
    0x08001294   0x0000002a   Code   RO         3047    i.AT24CXX_ReadLenByte  24cxx.o
    0x080012be   0x00000042   Code   RO         3048    i.AT24CXX_ReadOneByte  24cxx.o
    0x08001300   0x00000020   Code   RO         3049    i.AT24CXX_Write     24cxx.o
    0x08001320   0x0000002a   Code   RO         3050    i.AT24CXX_WriteLenByte  24cxx.o
    0x0800134a   0x00000040   Code   RO         3051    i.AT24CXX_WriteOneByte  24cxx.o
    0x0800138a   0x00000002   PAD
    0x0800138c   0x00000088   Code   RO         3014    i.Adc_Init          adc.o
    0x08001414   0x00000012   Code   RO          759    i.BKP_DeInit        stm32f10x_bkp.o
    0x08001426   0x00000002   PAD
    0x08001428   0x00000010   Code   RO          764    i.BKP_ReadBackupRegister  stm32f10x_bkp.o
    0x08001438   0x00000010   Code   RO          768    i.BKP_WriteBackupRegister  stm32f10x_bkp.o
    0x08001448   0x00000032   Code   RO         8373    i.Bot_Abort         usb_bot.o
    0x0800147a   0x0000000a   Code   RO         7811    i.ByteSwap          usb_regs.o
    0x08001484   0x00000194   Code   RO         8374    i.CBW_Decode        usb_bot.o
    0x08001618   0x00000158   Code   RO         7764    i.CTR_LP            usb_int.o
    0x08001770   0x00000040   Code   RO         3386    i.CT_IIC_Ack        ctiic.o
    0x080017b0   0x0000003c   Code   RO         3387    i.CT_IIC_Init       ctiic.o
    0x080017ec   0x00000040   Code   RO         3388    i.CT_IIC_NAck       ctiic.o
    0x0800182c   0x00000068   Code   RO         3389    i.CT_IIC_Read_Byte  ctiic.o
    0x08001894   0x00000058   Code   RO         3390    i.CT_IIC_Send_Byte  ctiic.o
    0x080018ec   0x00000040   Code   RO         3391    i.CT_IIC_Start      ctiic.o
    0x0800192c   0x00000040   Code   RO         3392    i.CT_IIC_Stop       ctiic.o
    0x0800196c   0x00000058   Code   RO         3393    i.CT_IIC_Wait_Ack   ctiic.o
    0x080019c4   0x00000028   Code   RO         7812    i.ClearDTOG_RX      usb_regs.o
    0x080019ec   0x00000028   Code   RO         7813    i.ClearDTOG_TX      usb_regs.o
    0x08001a14   0x00000020   Code   RO         7818    i.Clear_Status_Out  usb_regs.o
    0x08001a34   0x00000064   Code   RO         3590    i.DS18B20_Check     ds18b20.o
    0x08001a98   0x0000003c   Code   RO         3592    i.DS18B20_Init      ds18b20.o
    0x08001ad4   0x00000040   Code   RO         3595    i.DS18B20_Rst       ds18b20.o
    0x08001b14   0x000000b4   Code   RO         7615    i.DataStageIn       usb_core.o
    0x08001bc8   0x000000a4   Code   RO         7616    i.DataStageOut      usb_core.o
    0x08001c6c   0x0000019c   Code   RO         7617    i.Data_Setup0       usb_core.o
    0x08001e08   0x00000004   Code   RO         8442    i.EP1_IN_Callback   usb_endp.o
    0x08001e0c   0x00000004   Code   RO         8443    i.EP2_OUT_Callback  usb_endp.o
    0x08001e10   0x0000000c   Code   RO          914    i.EXTI_ClearITPendingBit  stm32f10x_exti.o
    0x08001e1c   0x00000070   Code   RO          919    i.EXTI_Init         stm32f10x_exti.o
    0x08001e8c   0x00000030   Code   RO         8195    i.Enter_LowPowerMode  hw_config.o
    0x08001ebc   0x000000e4   Code   RO         3796    i.FT5206_Init       ft5206.o
    0x08001fa0   0x00000056   Code   RO         3797    i.FT5206_RD_Reg     ft5206.o
    0x08001ff6   0x00000002   PAD
    0x08001ff8   0x00000134   Code   RO         3798    i.FT5206_Scan       ft5206.o
    0x0800212c   0x00000048   Code   RO         3799    i.FT5206_WR_Reg     ft5206.o
    0x08002174   0x0000009c   Code   RO         1145    i.GPIO_Init         stm32f10x_gpio.o
    0x08002210   0x00000058   Code   RO         1147    i.GPIO_PinRemapConfig  stm32f10x_gpio.o
    0x08002268   0x00000004   Code   RO         1152    i.GPIO_ResetBits    stm32f10x_gpio.o
    0x0800226c   0x00000004   Code   RO         1153    i.GPIO_SetBits      stm32f10x_gpio.o
    0x08002270   0x00000118   Code   RO         3756    i.GT9147_Init       gt9147.o
    0x08002388   0x00000060   Code   RO         3757    i.GT9147_RD_Reg     gt9147.o
    0x080023e8   0x00000138   Code   RO         3758    i.GT9147_Scan       gt9147.o
    0x08002520   0x0000004c   Code   RO         3759    i.GT9147_Send_Cfg   gt9147.o
    0x0800256c   0x00000052   Code   RO         3760    i.GT9147_WR_Reg     gt9147.o
    0x080025be   0x00000002   PAD
    0x080025c0   0x00000020   Code   RO         7830    i.GetEPRxAddr       usb_regs.o
    0x080025e0   0x00000020   Code   RO         7831    i.GetEPRxCount      usb_regs.o
    0x08002600   0x00000018   Code   RO         7832    i.GetEPRxStatus     usb_regs.o
    0x08002618   0x0000001c   Code   RO         7833    i.GetEPTxAddr       usb_regs.o
    0x08002634   0x000000a8   Code   RO         4586    i.Get_HzMat         text.o
    0x080026dc   0x0000001c   Code   RO         8480    i.Get_Max_Lun       usb_prop.o
    0x080026f8   0x00000034   Code   RO         8196    i.Get_SerialNum     hw_config.o
    0x0800272c   0x00000040   Code   RO         3098    i.IIC_Ack           myiic.o
    0x0800276c   0x0000003c   Code   RO         3099    i.IIC_Init          myiic.o
    0x080027a8   0x00000040   Code   RO         3100    i.IIC_NAck          myiic.o
    0x080027e8   0x0000006c   Code   RO         3101    i.IIC_Read_Byte     myiic.o
    0x08002854   0x00000060   Code   RO         3102    i.IIC_Send_Byte     myiic.o
    0x080028b4   0x00000040   Code   RO         3103    i.IIC_Start         myiic.o
    0x080028f4   0x00000044   Code   RO         3104    i.IIC_Stop          myiic.o
    0x08002938   0x00000058   Code   RO         3105    i.IIC_Wait_Ack      myiic.o
    0x08002990   0x0000005c   Code   RO         7618    i.In0_Process       usb_core.o
    0x080029ec   0x00000036   Code   RO         8197    i.IntToUnicode      hw_config.o
    0x08002a22   0x00000026   Code   RO         2954    i.Is_Leap_Year      rtc.o
    0x08002a48   0x00000060   Code   RO         2670    i.KEY_Init          key.o
    0x08002aa8   0x00000080   Code   RO         2671    i.KEY_Scan          key.o
    0x08002b28   0x00000012   Code   RO         2746    i.LCD_BGR2RGB       lcd.o
    0x08002b3a   0x00000002   PAD
    0x08002b3c   0x00000084   Code   RO         2747    i.LCD_Clear         lcd.o
    0x08002bc0   0x00000074   Code   RO         2748    i.LCD_Color_Fill    lcd.o
    0x08002c34   0x00000134   Code   RO         2751    i.LCD_Display_Dir   lcd.o
    0x08002d68   0x00000096   Code   RO         2752    i.LCD_DrawLine      lcd.o
    0x08002dfe   0x00000002   PAD
    0x08002e00   0x00000034   Code   RO         2753    i.LCD_DrawPoint     lcd.o
    0x08002e34   0x000000b0   Code   RO         2755    i.LCD_Draw_Circle   lcd.o
    0x08002ee4   0x00000250   Code   RO         2756    i.LCD_Fast_DrawPoint  lcd.o
    0x08003134   0x000000ac   Code   RO         2757    i.LCD_Fill          lcd.o
    0x080031e0   0x00003798   Code   RO         2758    i.LCD_Init          lcd.o
    0x08006978   0x00000010   Code   RO         2759    i.LCD_Pow           lcd.o
    0x08006988   0x00000070   Code   RO         2760    i.LCD_RD_DATA       lcd.o
    0x080069f8   0x00000190   Code   RO         2761    i.LCD_ReadPoint     lcd.o
    0x08006b88   0x0000000e   Code   RO         2762    i.LCD_ReadReg       lcd.o
    0x08006b96   0x00000002   PAD
    0x08006b98   0x0000009c   Code   RO         2763    i.LCD_SSD_BackLightSet  lcd.o
    0x08006c34   0x000002f4   Code   RO         2764    i.LCD_Scan_Dir      lcd.o
    0x08006f28   0x00000354   Code   RO         2765    i.LCD_SetCursor     lcd.o
    0x0800727c   0x000000cc   Code   RO         2767    i.LCD_ShowChar      lcd.o
    0x08007348   0x00000076   Code   RO         2768    i.LCD_ShowNum       lcd.o
    0x080073be   0x00000054   Code   RO         2769    i.LCD_ShowString    lcd.o
    0x08007412   0x00000086   Code   RO         2770    i.LCD_ShowxNum      lcd.o
    0x08007498   0x00000024   Code   RO         2771    i.LCD_WR_DATAX      lcd.o
    0x080074bc   0x00000024   Code   RO         2772    i.LCD_WR_REG        lcd.o
    0x080074e0   0x0000000c   Code   RO         2774    i.LCD_WriteRAM_Prepare  lcd.o
    0x080074ec   0x0000002c   Code   RO         2775    i.LCD_WriteReg      lcd.o
    0x08007518   0x00000054   Code   RO         2694    i.LED_Init          led.o
    0x0800756c   0x0000003c   Code   RO         8198    i.Leave_LowPowerMode  hw_config.o
    0x080075a8   0x00000010   Code   RO         8199    i.Led_RW_OFF        hw_config.o
    0x080075b8   0x00000010   Code   RO         8200    i.Led_RW_ON         hw_config.o
    0x080075c8   0x00000010   Code   RO         8286    i.MAL_GetStatus     mass_mal.o
    0x080075d8   0x00000030   Code   RO         8288    i.MAL_Read          mass_mal.o
    0x08007608   0x00000030   Code   RO         8289    i.MAL_Write         mass_mal.o
    0x08007638   0x00000040   Code   RO         8481    i.MASS_Data_Setup   usb_prop.o
    0x08007678   0x0000000c   Code   RO         8482    i.MASS_GetConfigDescriptor  usb_prop.o
    0x08007684   0x0000000c   Code   RO         8483    i.MASS_GetDeviceDescriptor  usb_prop.o
    0x08007690   0x00000020   Code   RO         8484    i.MASS_GetStringDescriptor  usb_prop.o
    0x080076b0   0x0000000a   Code   RO         8485    i.MASS_Get_Interface_Setting  usb_prop.o
    0x080076ba   0x00000002   PAD
    0x080076bc   0x00000050   Code   RO         8486    i.MASS_NoData_Setup  usb_prop.o
    0x0800770c   0x000000e8   Code   RO         8487    i.MASS_Reset        usb_prop.o
    0x080077f4   0x00000002   Code   RO         8488    i.MASS_Status_In    usb_prop.o
    0x080077f6   0x00000002   Code   RO         8489    i.MASS_Status_Out   usb_prop.o
    0x080077f8   0x00000024   Code   RO         8490    i.MASS_init         usb_prop.o
    0x0800781c   0x0000001c   Code   RO         8491    i.Mass_Storage_ClearFeature  usb_prop.o
    0x08007838   0x0000007c   Code   RO         8375    i.Mass_Storage_In   usb_bot.o
    0x080078b4   0x00000074   Code   RO         8376    i.Mass_Storage_Out  usb_bot.o
    0x08007928   0x00000034   Code   RO         8492    i.Mass_Storage_SetConfiguration  usb_prop.o
    0x0800795c   0x0000000c   Code   RO         8493    i.Mass_Storage_SetDeviceAddress  usb_prop.o
    0x08007968   0x00000002   Code   RO         7619    i.NOP_Process       usb_core.o
    0x0800796a   0x00000002   PAD
    0x0800796c   0x00000064   Code   RO          499    i.NVIC_Init         misc.o
    0x080079d0   0x00000014   Code   RO          500    i.NVIC_PriorityGroupConfig  misc.o
    0x080079e4   0x000000d4   Code   RO         7620    i.NoData_Setup0     usb_core.o
    0x08007ab8   0x00000114   Code   RO         4937    i.OSInit            os_core.o
    0x08007bcc   0x00000002   Code   RO         5549    i.OSInitHookBegin   os_cpu_c.o
    0x08007bce   0x00000002   Code   RO         5550    i.OSInitHookEnd     os_cpu_c.o
    0x08007bd0   0x00000018   Code   RO         4938    i.OSIntEnter        os_core.o
    0x08007be8   0x0000005c   Code   RO         4939    i.OSIntExit         os_core.o
    0x08007c44   0x0000002c   Code   RO         4940    i.OSSchedLock       os_core.o
    0x08007c70   0x0000003c   Code   RO         4941    i.OSSchedUnlock     os_core.o
    0x08007cac   0x00000030   Code   RO         4942    i.OSStart           os_core.o
    0x08007cdc   0x00000034   Code   RO         4943    i.OSStatInit        os_core.o
    0x08007d10   0x00000002   Code   RO         5551    i.OSTCBInitHook     os_cpu_c.o
    0x08007d12   0x00000002   PAD
    0x08007d14   0x00000088   Code   RO         5412    i.OSTaskCreate      os_task.o
    0x08007d9c   0x0000009c   Code   RO         5413    i.OSTaskCreateExt   os_task.o
    0x08007e38   0x00000002   Code   RO         5552    i.OSTaskCreateHook  os_cpu_c.o
    0x08007e3a   0x00000002   Code   RO         5554    i.OSTaskIdleHook    os_cpu_c.o
    0x08007e3c   0x00000054   Code   RO         5417    i.OSTaskNameSet     os_task.o
    0x08007e90   0x00000088   Code   RO         5421    i.OSTaskResume      os_task.o
    0x08007f18   0x00000002   Code   RO         5556    i.OSTaskStatHook    os_cpu_c.o
    0x08007f1a   0x00000002   PAD
    0x08007f1c   0x0000006c   Code   RO         5422    i.OSTaskStkChk      os_task.o
    0x08007f88   0x00000072   Code   RO         5557    i.OSTaskStkInit     os_cpu_c.o
    0x08007ffa   0x00000002   PAD
    0x08007ffc   0x00000090   Code   RO         5423    i.OSTaskSuspend     os_task.o
    0x0800808c   0x00000002   Code   RO         5558    i.OSTaskSwHook      os_cpu_c.o
    0x0800808e   0x00000002   PAD
    0x08008090   0x00000068   Code   RO         5507    i.OSTimeDly         os_time.o
    0x080080f8   0x000000a0   Code   RO         4944    i.OSTimeTick        os_core.o
    0x08008198   0x00000002   Code   RO         5559    i.OSTimeTickHook    os_cpu_c.o
    0x0800819a   0x00000002   PAD
    0x0800819c   0x00000048   Code   RO         5106    i.OS_FlagInit       os_flag.o
    0x080081e4   0x00000070   Code   RO         4951    i.OS_InitTCBList    os_core.o
    0x08008254   0x00000012   Code   RO         4952    i.OS_MemClr         os_core.o
    0x08008266   0x00000002   PAD
    0x08008268   0x00000044   Code   RO         5295    i.OS_QInit          os_q.o
    0x080082ac   0x00000048   Code   RO         4954    i.OS_Sched          os_core.o
    0x080082f4   0x00000020   Code   RO         4955    i.OS_SchedNew       os_core.o
    0x08008314   0x000000e8   Code   RO         4957    i.OS_TCBInit        os_core.o
    0x080083fc   0x0000001c   Code   RO         4958    i.OS_TaskIdle       os_core.o
    0x08008418   0x00000058   Code   RO         4959    i.OS_TaskStat       os_core.o
    0x08008470   0x00000038   Code   RO         4960    i.OS_TaskStatStkChk  os_core.o
    0x080084a8   0x00000016   Code   RO         5425    i.OS_TaskStkClr     os_task.o
    0x080084be   0x00000002   PAD
    0x080084c0   0x000000b0   Code   RO         3448    i.OTT2001A_Init     ott2001a.o
    0x08008570   0x00000060   Code   RO         3449    i.OTT2001A_RD_Reg   ott2001a.o
    0x080085d0   0x00000164   Code   RO         3450    i.OTT2001A_Scan     ott2001a.o
    0x08008734   0x0000001e   Code   RO         3451    i.OTT2001A_SensorControl  ott2001a.o
    0x08008752   0x00000052   Code   RO         3452    i.OTT2001A_WR_Reg   ott2001a.o
    0x080087a4   0x00000048   Code   RO         7621    i.Out0_Process      usb_core.o
    0x080087ec   0x00000020   Code   RO         7793    i.PMAToUserBufferCopy  usb_mem.o
    0x0800880c   0x0000000c   Code   RO         1253    i.PWR_BackupAccessCmd  stm32f10x_pwr.o
    0x08008818   0x00000044   Code   RO         7622    i.Post0_Process     usb_core.o
    0x0800885c   0x00000024   Code   RO         8588    i.PowerOn           usb_pwr.o
    0x08008880   0x00000014   Code   RO         1313    i.RCC_ADCCLKConfig  stm32f10x_rcc.o
    0x08008894   0x00000018   Code   RO         1315    i.RCC_APB1PeriphClockCmd  stm32f10x_rcc.o
    0x080088ac   0x00000018   Code   RO         1317    i.RCC_APB2PeriphClockCmd  stm32f10x_rcc.o
    0x080088c4   0x00000018   Code   RO         1318    i.RCC_APB2PeriphResetCmd  stm32f10x_rcc.o
    0x080088dc   0x0000000c   Code   RO         1320    i.RCC_BackupResetCmd  stm32f10x_rcc.o
    0x080088e8   0x00000094   Code   RO         1325    i.RCC_GetClocksFreq  stm32f10x_rcc.o
    0x0800897c   0x00000030   Code   RO         1326    i.RCC_GetFlagStatus  stm32f10x_rcc.o
    0x080089ac   0x00000020   Code   RO         1333    i.RCC_LSEConfig     stm32f10x_rcc.o
    0x080089cc   0x0000000c   Code   RO         1340    i.RCC_RTCCLKCmd     stm32f10x_rcc.o
    0x080089d8   0x00000010   Code   RO         1341    i.RCC_RTCCLKConfig  stm32f10x_rcc.o
    0x080089e8   0x000000fc   Code   RO         2955    i.RTC_Alarm_Set     rtc.o
    0x08008ae4   0x00000010   Code   RO         1514    i.RTC_ClearITPendingBit  stm32f10x_rtc.o
    0x08008af4   0x00000010   Code   RO         1515    i.RTC_EnterConfigMode  stm32f10x_rtc.o
    0x08008b04   0x00000010   Code   RO         1516    i.RTC_ExitConfigMode  stm32f10x_rtc.o
    0x08008b14   0x000000dc   Code   RO         2956    i.RTC_Get           rtc.o
    0x08008bf0   0x00000014   Code   RO         1517    i.RTC_GetCounter    stm32f10x_rtc.o
    0x08008c04   0x00000020   Code   RO         1520    i.RTC_GetITStatus   stm32f10x_rtc.o
    0x08008c24   0x00000050   Code   RO         2957    i.RTC_Get_Week      rtc.o
    0x08008c74   0x0000002a   Code   RO         2958    i.RTC_IRQHandler    rtc.o
    0x08008c9e   0x00000002   PAD
    0x08008ca0   0x00000018   Code   RO         1521    i.RTC_ITConfig      stm32f10x_rtc.o
    0x08008cb8   0x000000d2   Code   RO         2959    i.RTC_Init          rtc.o
    0x08008d8a   0x00000002   PAD
    0x08008d8c   0x000000cc   Code   RO         2960    i.RTC_Set           rtc.o
    0x08008e58   0x00000020   Code   RO         1523    i.RTC_SetCounter    stm32f10x_rtc.o
    0x08008e78   0x00000020   Code   RO         1524    i.RTC_SetPrescaler  stm32f10x_rtc.o
    0x08008e98   0x00000010   Code   RO         1525    i.RTC_WaitForLastTask  stm32f10x_rtc.o
    0x08008ea8   0x00000018   Code   RO         1526    i.RTC_WaitForSynchro  stm32f10x_rtc.o
    0x08008ec0   0x000000f0   Code   RO         8324    i.Read_Memory       memory.o
    0x08008fb0   0x00000094   Code   RO         8589    i.Resume            usb_pwr.o
    0x08009044   0x00000020   Code   RO         8590    i.Resume_Init       usb_pwr.o
    0x08009064   0x00000074   Code   RO         8632    i.SCSI_Address_Management  usb_scsi.o
    0x080090d8   0x00000030   Code   RO         8633    i.SCSI_Format_Cmd   usb_scsi.o
    0x08009108   0x00000034   Code   RO         8634    i.SCSI_Inquiry_Cmd  usb_scsi.o
    0x0800913c   0x00000034   Code   RO         8635    i.SCSI_Invalid_Cmd  usb_scsi.o
    0x08009170   0x0000000c   Code   RO         8636    i.SCSI_ModeSense10_Cmd  usb_scsi.o
    0x0800917c   0x0000000c   Code   RO         8637    i.SCSI_ModeSense6_Cmd  usb_scsi.o
    0x08009188   0x00000068   Code   RO         8638    i.SCSI_Read10_Cmd   usb_scsi.o
    0x080091f0   0x00000070   Code   RO         8639    i.SCSI_ReadCapacity10_Cmd  usb_scsi.o
    0x08009260   0x0000006c   Code   RO         8640    i.SCSI_ReadFormatCapacity_Cmd  usb_scsi.o
    0x080092cc   0x00000018   Code   RO         8641    i.SCSI_RequestSense_Cmd  usb_scsi.o
    0x080092e4   0x00000008   Code   RO         8642    i.SCSI_Start_Stop_Unit_Cmd  usb_scsi.o
    0x080092ec   0x00000038   Code   RO         8643    i.SCSI_TestUnitReady_Cmd  usb_scsi.o
    0x08009324   0x00000034   Code   RO         8645    i.SCSI_Verify10_Cmd  usb_scsi.o
    0x08009358   0x00000068   Code   RO         8646    i.SCSI_Write10_Cmd  usb_scsi.o
    0x080093c0   0x00000014   Code   RO         3643    i.SD_DisSelect      mmc_sd.o
    0x080093d4   0x0000002a   Code   RO         3645    i.SD_GetCSD         mmc_sd.o
    0x080093fe   0x00000028   Code   RO         3646    i.SD_GetResponse    mmc_sd.o
    0x08009426   0x0000006e   Code   RO         3647    i.SD_GetSectorCount  mmc_sd.o
    0x08009494   0x00000158   Code   RO         3649    i.SD_Initialize     mmc_sd.o
    0x080095ec   0x0000006c   Code   RO         3650    i.SD_ReadDisk       mmc_sd.o
    0x08009658   0x00000032   Code   RO         3651    i.SD_RecvData       mmc_sd.o
    0x0800968a   0x00000002   PAD
    0x0800968c   0x00000044   Code   RO         3652    i.SD_SPI_Init       mmc_sd.o
    0x080096d0   0x00000004   Code   RO         3653    i.SD_SPI_ReadWriteByte  mmc_sd.o
    0x080096d4   0x00000006   Code   RO         3654    i.SD_SPI_SpeedHigh  mmc_sd.o
    0x080096da   0x00000006   Code   RO         3655    i.SD_SPI_SpeedLow   mmc_sd.o
    0x080096e0   0x00000020   Code   RO         3656    i.SD_Select         mmc_sd.o
    0x08009700   0x00000050   Code   RO         3657    i.SD_SendBlock      mmc_sd.o
    0x08009750   0x0000005e   Code   RO         3658    i.SD_SendCmd        mmc_sd.o
    0x080097ae   0x00000020   Code   RO         3659    i.SD_WaitReady      mmc_sd.o
    0x080097ce   0x00000002   PAD
    0x080097d0   0x00000080   Code   RO         3660    i.SD_WriteDisk      mmc_sd.o
    0x08009850   0x0000007c   Code   RO         3152    i.SPI1_Init         spi.o
    0x080098cc   0x00000050   Code   RO         3153    i.SPI1_ReadWriteByte  spi.o
    0x0800991c   0x00000024   Code   RO         3154    i.SPI1_SetSpeed     spi.o
    0x08009940   0x00000014   Code   RO         1607    i.SPI_Cmd           stm32f10x_spi.o
    0x08009954   0x00000020   Code   RO         3183    i.SPI_FLASH_Write_Enable  flash.o
    0x08009974   0x0000002c   Code   RO         3185    i.SPI_Flash_Erase_Chip  flash.o
    0x080099a0   0x00000058   Code   RO         3186    i.SPI_Flash_Erase_Sector  flash.o
    0x080099f8   0x0000004c   Code   RO         3187    i.SPI_Flash_Init    flash.o
    0x08009a44   0x00000050   Code   RO         3189    i.SPI_Flash_Read    flash.o
    0x08009a94   0x00000044   Code   RO         3190    i.SPI_Flash_ReadID  flash.o
    0x08009ad8   0x00000024   Code   RO         3191    i.SPI_Flash_ReadSR  flash.o
    0x08009afc   0x0000000c   Code   RO         3193    i.SPI_Flash_Wait_Busy  flash.o
    0x08009b08   0x000000a8   Code   RO         3194    i.SPI_Flash_Write   flash.o
    0x08009bb0   0x0000003e   Code   RO         3195    i.SPI_Flash_Write_NoCheck  flash.o
    0x08009bee   0x00000002   PAD
    0x08009bf0   0x00000058   Code   RO         3196    i.SPI_Flash_Write_Page  flash.o
    0x08009c48   0x0000000e   Code   RO         1615    i.SPI_I2S_GetFlagStatus  stm32f10x_spi.o
    0x08009c56   0x00000004   Code   RO         1618    i.SPI_I2S_ReceiveData  stm32f10x_spi.o
    0x08009c5a   0x00000004   Code   RO         1619    i.SPI_I2S_SendData  stm32f10x_spi.o
    0x08009c5e   0x00000038   Code   RO         1620    i.SPI_Init          stm32f10x_spi.o
    0x08009c96   0x00000002   PAD
    0x08009c98   0x00000010   Code   RO         7841    i.SetBTABLE         usb_regs.o
    0x08009ca8   0x00000048   Code   RO         7623    i.SetDeviceAddress  usb_core.o
    0x08009cf0   0x00000020   Code   RO         7855    i.SetEPRxAddr       usb_regs.o
    0x08009d10   0x00000040   Code   RO         7856    i.SetEPRxCount      usb_regs.o
    0x08009d50   0x00000030   Code   RO         7857    i.SetEPRxStatus     usb_regs.o
    0x08009d80   0x00000024   Code   RO         7858    i.SetEPRxValid      usb_regs.o
    0x08009da4   0x00000020   Code   RO         7859    i.SetEPTxAddr       usb_regs.o
    0x08009dc4   0x0000001c   Code   RO         7860    i.SetEPTxCount      usb_regs.o
    0x08009de0   0x00000030   Code   RO         7861    i.SetEPTxStatus     usb_regs.o
    0x08009e10   0x0000001c   Code   RO         7863    i.SetEPType         usb_regs.o
    0x08009e2c   0x000000a8   Code   RO          433    i.SetSysClockTo72   system_stm32f10x.o
    0x08009ed4   0x00000040   Code   RO         8377    i.Set_CSW           usb_bot.o
    0x08009f14   0x0000000c   Code   RO         8647    i.Set_Scsi_Sense_Data  usb_scsi.o
    0x08009f20   0x00000018   Code   RO         8201    i.Set_USBClock      hw_config.o
    0x08009f38   0x00000068   Code   RO         7624    i.Setup0_Process    usb_core.o
    0x08009fa0   0x000000a4   Code   RO         4587    i.Show_Font         text.o
    0x0800a044   0x000000ae   Code   RO         4588    i.Show_Str          text.o
    0x0800a0f2   0x00000002   PAD
    0x0800a0f4   0x000000fc   Code   RO         7625    i.Standard_ClearFeature  usb_core.o
    0x0800a1f0   0x00000028   Code   RO         7626    i.Standard_GetConfiguration  usb_core.o
    0x0800a218   0x0000001c   Code   RO         7627    i.Standard_GetDescriptorData  usb_core.o
    0x0800a234   0x00000028   Code   RO         7628    i.Standard_GetInterface  usb_core.o
    0x0800a25c   0x00000094   Code   RO         7629    i.Standard_GetStatus  usb_core.o
    0x0800a2f0   0x00000038   Code   RO         7630    i.Standard_SetConfiguration  usb_core.o
    0x0800a328   0x00000024   Code   RO         7631    i.Standard_SetDeviceFeature  usb_core.o
    0x0800a34c   0x00000088   Code   RO         7632    i.Standard_SetEndPointFeature  usb_core.o
    0x0800a3d4   0x00000048   Code   RO         7633    i.Standard_SetInterface  usb_core.o
    0x0800a41c   0x00000020   Code   RO         8591    i.Suspend           usb_pwr.o
    0x0800a43c   0x00000018   Code   RO          503    i.SysTick_CLKSourceConfig  misc.o
    0x0800a454   0x00000020   Code   RO         2531    i.SysTick_Handler   delay.o
    0x0800a474   0x00000050   Code   RO          435    i.SystemInit        system_stm32f10x.o
    0x0800a4c4   0x00000088   Code   RO         2708    i.TIM2_IRQHandler   timer.o
    0x0800a54c   0x00000034   Code   RO         2709    i.TIM3_IRQHandler   timer.o
    0x0800a580   0x000000f8   Code   RO         3562    i.TIM5_IRQHandler   remote.o
    0x0800a678   0x00000006   Code   RO         1754    i.TIM_ClearFlag     stm32f10x_tim.o
    0x0800a67e   0x00000006   Code   RO         1755    i.TIM_ClearITPendingBit  stm32f10x_tim.o
    0x0800a684   0x00000004   Code   RO         1775    i.TIM_GetCapture1   stm32f10x_tim.o
    0x0800a688   0x00000004   Code   RO         1776    i.TIM_GetCapture2   stm32f10x_tim.o
    0x0800a68c   0x00000018   Code   RO         1781    i.TIM_GetITStatus   stm32f10x_tim.o
    0x0800a6a4   0x0000000c   Code   RO         1791    i.TIM_OC1PolarityConfig  stm32f10x_tim.o
    0x0800a6b0   0x00000014   Code   RO         1796    i.TIM_OC2PolarityConfig  stm32f10x_tim.o
    0x0800a6c4   0x00000004   Code   RO         1825    i.TIM_SetCounter    stm32f10x_tim.o
    0x0800a6c8   0x00000178   Code   RO         3285    i.TP_Adj_Info_Show  touch.o
    0x0800a840   0x000003e8   Code   RO         3286    i.TP_Adjust         touch.o
    0x0800ac28   0x00000070   Code   RO         3288    i.TP_Drow_Touch_Point  touch.o
    0x0800ac98   0x0000007c   Code   RO         3289    i.TP_Get_Adjdata    touch.o
    0x0800ad14   0x000000e0   Code   RO         3290    i.TP_Init           touch.o
    0x0800adf4   0x00000068   Code   RO         3291    i.TP_Read_AD        touch.o
    0x0800ae5c   0x00000060   Code   RO         3292    i.TP_Read_XOY       touch.o
    0x0800aebc   0x00000028   Code   RO         3293    i.TP_Read_XY        touch.o
    0x0800aee4   0x0000007c   Code   RO         3294    i.TP_Read_XY2       touch.o
    0x0800af60   0x00000068   Code   RO         3295    i.TP_Save_Adjdata   touch.o
    0x0800afc8   0x000000b4   Code   RO         3296    i.TP_Scan           touch.o
    0x0800b07c   0x00000034   Code   RO         3297    i.TP_Write_Byte     touch.o
    0x0800b0b0   0x00000034   Code   RO         8378    i.Transfer_Data_Request  usb_bot.o
    0x0800b0e4   0x0000006c   Code   RO         2627    i.USART1_IRQHandler  usart.o
    0x0800b150   0x00000014   Code   RO         2283    i.USART_Cmd         stm32f10x_usart.o
    0x0800b164   0x0000003e   Code   RO         2287    i.USART_GetITStatus  stm32f10x_usart.o
    0x0800b1a2   0x00000030   Code   RO         2289    i.USART_ITConfig    stm32f10x_usart.o
    0x0800b1d2   0x00000002   PAD
    0x0800b1d4   0x000000ac   Code   RO         2290    i.USART_Init        stm32f10x_usart.o
    0x0800b280   0x00000008   Code   RO         2297    i.USART_ReceiveData  stm32f10x_usart.o
    0x0800b288   0x00000010   Code   RO         8202    i.USBWakeUp_IRQHandler  hw_config.o
    0x0800b298   0x00000028   Code   RO         7737    i.USB_Init          usb_init.o
    0x0800b2c0   0x00000056   Code   RO         8204    i.USB_Interrupts_Config  hw_config.o
    0x0800b316   0x00000002   PAD
    0x0800b318   0x000000bc   Code   RO         8460    i.USB_Istr          usb_istr.o
    0x0800b3d4   0x00000004   Code   RO         8205    i.USB_LP_CAN1_RX0_IRQHandler  hw_config.o
    0x0800b3d8   0x0000001c   Code   RO         8206    i.USB_NotConfigured_LED  hw_config.o
    0x0800b3f4   0x00000050   Code   RO         8207    i.USB_Port_Set      hw_config.o
    0x0800b444   0x00000020   Code   RO         8171    i.USB_SIL_Init      usb_sil.o
    0x0800b464   0x00000024   Code   RO         8172    i.USB_SIL_Read      usb_sil.o
    0x0800b488   0x00000026   Code   RO         8173    i.USB_SIL_Write     usb_sil.o
    0x0800b4ae   0x00000002   PAD
    0x0800b4b0   0x00000028   Code   RO         7794    i.UserToPMABufferCopy  usb_mem.o
    0x0800b4d8   0x0000011c   Code   RO         8325    i.Write_Memory      memory.o
    0x0800b5f4   0x00000028   Code   RO         9099    i.__ARM_fpclassify  m_ws.l(fpclassify.o)
    0x0800b61c   0x00000388   Code   RO         9052    i.__ieee754_rem_pio2  m_ws.l(rred.o)
    0x0800b9a4   0x000000fc   Code   RO         9019    i.__kernel_cos      m_ws.l(cos_i.o)
    0x0800baa0   0x000000aa   Code   RO         9101    i.__kernel_poly     m_ws.l(poly.o)
    0x0800bb4a   0x00000002   PAD
    0x0800bb4c   0x000000ec   Code   RO         9057    i.__kernel_sin      m_ws.l(sin_i.o)
    0x0800bc38   0x00000006   Code   RO         9023    i.__mathlib_dbl_infnan  m_ws.l(dunder.o)
    0x0800bc3e   0x0000000c   Code   RO         9025    i.__mathlib_dbl_invalid  m_ws.l(dunder.o)
    0x0800bc4a   0x00000002   PAD
    0x0800bc4c   0x00000010   Code   RO         9028    i.__mathlib_dbl_underflow  m_ws.l(dunder.o)
    0x0800bc5c   0x0000000e   Code   RO         8835    i._is_digit         c_w.l(__printf_wp.o)
    0x0800bc6a   0x00000002   Code   RO         2628    i._sys_exit         usart.o
    0x0800bc6c   0x00000034   Code   RO         7424    i.app_draw_smooth_line  common.o
    0x0800bca0   0x0000005c   Code   RO         7425    i.app_filebrower    common.o
    0x0800bcfc   0x0000001c   Code   RO         7426    i.app_get_icopath   common.o
    0x0800bd18   0x0000007c   Code   RO         7429    i.app_get_version   common.o
    0x0800bd94   0x0000008a   Code   RO         7431    i.app_gui_tcbar     common.o
    0x0800be1e   0x00000002   PAD
    0x0800be20   0x000003ec   Code   RO         7432    i.app_items_sel     common.o
    0x0800c20c   0x0000020c   Code   RO         7433    i.app_listbox_select  common.o
    0x0800c418   0x00000048   Code   RO         7434    i.app_read_bkcolor  common.o
    0x0800c460   0x00000048   Code   RO         7435    i.app_recover_bkcolor  common.o
    0x0800c4a8   0x00000080   Code   RO         7438    i.app_show_items    common.o
    0x0800c528   0x00000080   Code   RO         7439    i.app_show_mono_icos  common.o
    0x0800c5a8   0x0000005c   Code   RO         7440    i.app_show_nummid   common.o
    0x0800c604   0x0000000c   Code   RO         7441    i.app_srand         common.o
    0x0800c610   0x00000084   Code   RO         7444    i.app_system_parameter_init  common.o
    0x0800c694   0x00000024   Code   RO         7446    i.app_tp_is_in_area  common.o
    0x0800c6b8   0x000000ae   Code   RO         5634    i.btn_check         button.o
    0x0800c766   0x000000dc   Code   RO         5635    i.btn_creat         button.o
    0x0800c842   0x0000002a   Code   RO         5636    i.btn_delete        button.o
    0x0800c86c   0x00000042   Code   RO         5637    i.btn_draw          button.o
    0x0800c8ae   0x000000ee   Code   RO         5638    i.btn_draw_arcbtn   button.o
    0x0800c99c   0x00000080   Code   RO         5639    i.btn_draw_picbtn   button.o
    0x0800ca1c   0x0000018e   Code   RO         5640    i.btn_draw_stdbtn   button.o
    0x0800cbaa   0x00000058   Code   RO         5641    i.btn_draw_textabtn  button.o
    0x0800cc02   0x00000074   Code   RO         5642    i.btn_draw_textbbtn  button.o
    0x0800cc76   0x00000002   PAD
    0x0800cc78   0x00000050   Code   RO         5644    i.btn_read_backcolor  button.o
    0x0800ccc8   0x00000050   Code   RO         5645    i.btn_recover_backcolor  button.o
    0x0800cd18   0x0000007c   Code   RO         7223    i.calendar_alarm_init  calendar.o
    0x0800cd94   0x00000158   Code   RO         7224    i.calendar_alarm_msg  calendar.o
    0x0800ceec   0x00000038   Code   RO         7225    i.calendar_alarm_ring  calendar.o
    0x0800cf24   0x000002fc   Code   RO         7226    i.calendar_circle_clock_drawpanel  calendar.o
    0x0800d220   0x000005ca   Code   RO         7227    i.calendar_circle_clock_showtime  calendar.o
    0x0800d7ea   0x00000002   PAD
    0x0800d7ec   0x00000138   Code   RO         7228    i.calendar_date_refresh  calendar.o
    0x0800d924   0x00000418   Code   RO         7229    i.calendar_play     calendar.o
    0x0800dd3c   0x0000000a   Code   RO         7230    i.calendar_read_para  calendar.o
    0x0800dd46   0x00000026   Code   RO         7231    i.calendar_save_para  calendar.o
    0x0800dd6c   0x0000005c   Code   RO         3983    i.check_fs          ff.o
    0x0800ddc8   0x00000010   Code   RO         3984    i.chk_chr           ff.o
    0x0800ddd8   0x00000024   Code   RO         3985    i.clmt_clust        ff.o
    0x0800ddfc   0x00000018   Code   RO         3986    i.clust2sect        ff.o
    0x0800de14   0x0000009c   Code   RO         8939    i.cos               m_ws.l(cos.o)
    0x0800deb0   0x0000009e   Code   RO         3987    i.create_chain      ff.o
    0x0800df4e   0x00000002   PAD
    0x0800df50   0x00000218   Code   RO         3988    i.create_name       ff.o
    0x0800e168   0x0000004c   Code   RO         2532    i.delay_init        delay.o
    0x0800e1b4   0x00000044   Code   RO         2533    i.delay_ms          delay.o
    0x0800e1f8   0x00000044   Code   RO         2537    i.delay_us          delay.o
    0x0800e23c   0x00000042   Code   RO         3989    i.dir_alloc         ff.o
    0x0800e27e   0x00000002   PAD
    0x0800e280   0x0000012c   Code   RO         3990    i.dir_find          ff.o
    0x0800e3ac   0x000000e6   Code   RO         3991    i.dir_next          ff.o
    0x0800e492   0x00000002   PAD
    0x0800e494   0x00000100   Code   RO         3992    i.dir_read          ff.o
    0x0800e594   0x00000164   Code   RO         3993    i.dir_register      ff.o
    0x0800e6f8   0x0000007c   Code   RO         3995    i.dir_sdi           ff.o
    0x0800e774   0x0000004c   Code   RO         3899    i.disk_initialize   diskio.o
    0x0800e7c0   0x00000068   Code   RO         3900    i.disk_ioctl        diskio.o
    0x0800e828   0x00000056   Code   RO         3901    i.disk_read         diskio.o
    0x0800e87e   0x00000004   Code   RO         3902    i.disk_status       diskio.o
    0x0800e882   0x00000048   Code   RO         3903    i.disk_write        diskio.o
    0x0800e8ca   0x0000002e   Code   RO         4312    i.exf_getfree       exfuns.o
    0x0800e8f8   0x00000058   Code   RO         4313    i.exfuns_init       exfuns.o
    0x0800e950   0x00000026   Code   RO         3997    i.f_close           ff.o
    0x0800e976   0x000000c6   Code   RO         3999    i.f_getfree         ff.o
    0x0800ea3c   0x00000218   Code   RO         4002    i.f_lseek           ff.o
    0x0800ec54   0x0000018c   Code   RO         4003    i.f_mkdir           ff.o
    0x0800ede0   0x00000536   Code   RO         4004    i.f_mkfs            ff.o
    0x0800f316   0x00000002   PAD
    0x0800f318   0x00000058   Code   RO         4005    i.f_mount           ff.o
    0x0800f370   0x00000164   Code   RO         4006    i.f_open            ff.o
    0x0800f4d4   0x00000174   Code   RO         4011    i.f_read            ff.o
    0x0800f648   0x0000018c   Code   RO         4014    i.f_setlabel        ff.o
    0x0800f7d4   0x000000a6   Code   RO         4016    i.f_sync            ff.o
    0x0800f87a   0x00000002   PAD
    0x0800f87c   0x00000070   Code   RO         4525    i.ff_convert        mycc936.o
    0x0800f8ec   0x00000034   Code   RO         3904    i.ff_enter          diskio.o
    0x0800f920   0x0000001c   Code   RO         3905    i.ff_leave          diskio.o
    0x0800f93c   0x00000004   Code   RO         3906    i.ff_memalloc       diskio.o
    0x0800f940   0x00000004   Code   RO         3907    i.ff_memfree        diskio.o
    0x0800f944   0x00000024   Code   RO         4526    i.ff_wtoupper       mycc936.o
    0x0800f968   0x00000240   Code   RO         4021    i.find_volume       ff.o
    0x0800fba8   0x00000066   Code   RO         4022    i.follow_path       ff.o
    0x0800fc0e   0x00000002   PAD
    0x0800fc10   0x00000040   Code   RO         4544    i.font_init         fontupd.o
    0x0800fc50   0x00000018   Code   RO         2629    i.fputc             usart.o
    0x0800fc68   0x0000007c   Code   RO         4545    i.fupd_prog         fontupd.o
    0x0800fce4   0x0000008c   Code   RO         4023    i.gen_numname       ff.o
    0x0800fd70   0x000000be   Code   RO         4024    i.get_fat           ff.o
    0x0800fe2e   0x00000002   PAD
    0x0800fe30   0x00000040   Code   RO         3908    i.get_fattime       diskio.o
    0x0800fe70   0x0000003c   Code   RO         4026    i.get_ldnumber      ff.o
    0x0800feac   0x00000024   Code   RO         5961    i.gui_alpha_blend565  gui.o
    0x0800fed0   0x0000000c   Code   RO         5964    i.gui_disabs        gui.o
    0x0800fedc   0x00000078   Code   RO         5965    i.gui_draw_arc      gui.o
    0x0800ff54   0x000001b6   Code   RO         5966    i.gui_draw_arcrectangle  gui.o
    0x0801010a   0x00000002   PAD
    0x0801010c   0x00000050   Code   RO         5967    i.gui_draw_bigpoint  gui.o
    0x0801015c   0x00000156   Code   RO         5969    i.gui_draw_bline1   gui.o
    0x080102b2   0x000000d2   Code   RO         5970    i.gui_draw_circle8  gui.o
    0x08010384   0x00000030   Code   RO         5972    i.gui_draw_expoint  gui.o
    0x080103b4   0x00000030   Code   RO         5973    i.gui_draw_hline    gui.o
    0x080103e4   0x00000046   Code   RO         5977    i.gui_draw_rectangle  gui.o
    0x0801042a   0x00000002   PAD
    0x0801042c   0x0000006c   Code   RO         5978    i.gui_draw_smooth_rectangle  gui.o
    0x08010498   0x00000030   Code   RO         5979    i.gui_draw_vline    gui.o
    0x080104c8   0x000000b6   Code   RO         5980    i.gui_fill_circle   gui.o
    0x0801057e   0x00000002   PAD
    0x08010580   0x00000028   Code   RO         5983    i.gui_fill_rectangle  gui.o
    0x080105a8   0x00000050   Code   RO         5984    i.gui_get_key       gui.o
    0x080105f8   0x00000080   Code   RO         5986    i.gui_init          gui.o
    0x08010678   0x0000000a   Code   RO         5987    i.gui_memex_free    gui.o
    0x08010682   0x00000004   Code   RO         5988    i.gui_memex_malloc  gui.o
    0x08010686   0x0000000a   Code   RO         5989    i.gui_memin_free    gui.o
    0x08010690   0x00000004   Code   RO         5990    i.gui_memin_malloc  gui.o
    0x08010694   0x0000000e   Code   RO         5992    i.gui_memset        gui.o
    0x080106a2   0x00000024   Code   RO         5995    i.gui_pow           gui.o
    0x080106c6   0x00000002   PAD
    0x080106c8   0x000000ac   Code   RO         5997    i.gui_show_num      gui.o
    0x08010774   0x00000140   Code   RO         5998    i.gui_show_ptchar   gui.o
    0x080108b4   0x000000dc   Code   RO         5999    i.gui_show_ptfont   gui.o
    0x08010990   0x000000f8   Code   RO         6000    i.gui_show_ptstr    gui.o
    0x08010a88   0x00000078   Code   RO         6003    i.gui_show_strmid   gui.o
    0x08010b00   0x00000068   Code   RO         6004    i.gui_smooth_color  gui.o
    0x08010b68   0x00000012   Code   RO         4027    i.ld_clust          ff.o
    0x08010b7a   0x0000001e   Code   RO         6258    i.list_search       listbox.o
    0x08010b98   0x00000060   Code   RO         6260    i.listbox_addlist   listbox.o
    0x08010bf8   0x000003bc   Code   RO         6261    i.listbox_check     listbox.o
    0x08010fb4   0x000000ac   Code   RO         6262    i.listbox_creat     listbox.o
    0x08011060   0x00000030   Code   RO         6263    i.listbox_delete    listbox.o
    0x08011090   0x00000100   Code   RO         6264    i.listbox_draw_list  listbox.o
    0x08011190   0x00000026   Code   RO         6265    i.listbox_draw_listbox  listbox.o
    0x080111b6   0x00000002   PAD
    0x080111b8   0x00000028   Code   RO            1    i.main              main.o
    0x080111e0   0x00000048   Code   RO            2    i.main_task         main.o
    0x08011228   0x00000010   Code   RO         4028    i.mem_cpy           ff.o
    0x08011238   0x00000040   Code   RO         3830    i.mem_free          malloc.o
    0x08011278   0x00000028   Code   RO         3831    i.mem_init          malloc.o
    0x080112a0   0x0000005c   Code   RO         3832    i.mem_malloc        malloc.o
    0x080112fc   0x0000002c   Code   RO         3833    i.mem_perused       malloc.o
    0x08011328   0x0000000e   Code   RO         4029    i.mem_set           ff.o
    0x08011336   0x00000002   PAD
    0x08011338   0x000002d4   Code   RO         4625    i.minibmp_decode    bmp.o
    0x0801160c   0x00000032   Code   RO         4030    i.move_window       ff.o
    0x0801163e   0x00000002   PAD
    0x08011640   0x00000014   Code   RO         3834    i.myfree            malloc.o
    0x08011654   0x0000001c   Code   RO         3835    i.mymalloc          malloc.o
    0x08011670   0x0000000c   Code   RO         3837    i.mymemset          malloc.o
    0x0801167c   0x00000024   Code   RO         4777    i.piclib_alpha_blend  piclib.o
    0x080116a0   0x0000002c   Code   RO         4778    i.piclib_draw_hline  piclib.o
    0x080116cc   0x00000018   Code   RO         4779    i.piclib_fill_color  piclib.o
    0x080116e4   0x00000054   Code   RO         4780    i.piclib_init       piclib.o
    0x08011738   0x000000f4   Code   RO         4031    i.put_fat           ff.o
    0x0801182c   0x00000062   Code   RO         4033    i.remove_chain      ff.o
    0x0801188e   0x00000286   Code   RO         6481    i.scrollbar_check   scrollbar.o
    0x08011b14   0x00000072   Code   RO         6482    i.scrollbar_creat   scrollbar.o
    0x08011b86   0x0000005a   Code   RO         6484    i.scrollbar_draw_btn  scrollbar.o
    0x08011be0   0x000000f8   Code   RO         6485    i.scrollbar_draw_scrollbar  scrollbar.o
    0x08011cd8   0x00000054   Code   RO         6486    i.scrollbar_draw_sign  scrollbar.o
    0x08011d2c   0x000000d8   Code   RO         6488    i.scrollbar_setpos  scrollbar.o
    0x08011e04   0x0000008c   Code   RO            3    i.set_calendar      main.o
    0x08011e90   0x0000000a   Code   RO         7328    i.set_search_caption  settings.o
    0x08011e9a   0x00000002   PAD
    0x08011e9c   0x0000017c   Code   RO            4    i.set_time          main.o
    0x08012018   0x000000a0   Code   RO         8957    i.sin               m_ws.l(sin.o)
    0x080120b8   0x0000004c   Code   RO         8965    i.sqrt              m_ws.l(sqrt.o)
    0x08012104   0x00000010   Code   RO         4034    i.st_clust          ff.o
    0x08012114   0x0000006c   Code   RO            5    i.start_task        main.o
    0x08012180   0x0000002e   Code   RO            6    i.start_with        main.o
    0x080121ae   0x00000002   PAD
    0x080121b0   0x00000014   Code   RO            7    i.str_to_int        main.o
    0x080121c4   0x0000001a   Code   RO         4035    i.sum_sfn           ff.o
    0x080121de   0x000000b0   Code   RO         4036    i.sync_fs           ff.o
    0x0801228e   0x00000052   Code   RO         4037    i.sync_window       ff.o
    0x080122e0   0x00000444   Code   RO         7329    i.sysset_date_set   settings.o
    0x08012724   0x00000026   Code   RO         7330    i.sysset_is_leap_year  settings.o
    0x0801274a   0x00000002   PAD
    0x0801274c   0x00000340   Code   RO         7331    i.sysset_play       settings.o
    0x08012a8c   0x0000000a   Code   RO         7332    i.sysset_read_para  settings.o
    0x08012a96   0x0000001e   Code   RO         7333    i.sysset_save_para  settings.o
    0x08012ab4   0x00000370   Code   RO         7339    i.sysset_time_set   settings.o
    0x08012e24   0x00000074   Code   RO            8    i.system_error_show  main.o
    0x08012e98   0x00000158   Code   RO            9    i.system_files_erase  main.o
    0x08012ff0   0x000000ec   Code   RO           10    i.system_font_update_confirm  main.o
    0x080130dc   0x00000888   Code   RO           11    i.system_init       main.o
    0x08013964   0x00000438   Code   RO           12    i.system_usb_update_confirm  main.o
    0x08013d9c   0x000000a0   Code   RO         2630    i.uart_init         usart.o
    0x08013e3c   0x000000e8   Code   RO         4546    i.updata_fontx      fontupd.o
    0x08013f24   0x000002fc   Code   RO         4547    i.update_font       fontupd.o
    0x08014220   0x0000010c   Code   RO           13    i.usart_task        main.o
    0x0801432c   0x0000002e   Code   RO         4038    i.validate          ff.o
    0x0801435a   0x00000002   PAD
    0x0801435c   0x00000074   Code   RO           14    i.watch_task        main.o
    0x080143d0   0x0000011c   Code   RO         6544    i.window_creat      window.o
    0x080144ec   0x0000002a   Code   RO         6545    i.window_delete     window.o
    0x08014516   0x000001f4   Code   RO         6546    i.window_draw       window.o
    0x0801470a   0x00000002   PAD
    0x0801470c   0x00000050   Code   RO         6548    i.window_read_backcolor  window.o
    0x0801475c   0x00000050   Code   RO         6549    i.window_recover_backcolor  window.o
    0x080147ac   0x0000002c   Code   RO         9136    locale$$code        c_w.l(lc_ctype_c.o)
    0x080147d8   0x00000150   Code   RO         8876    x$fpl$dadd          fz_ws.l(daddsub_clz.o)
    0x08014928   0x00000010   Code   RO         9122    x$fpl$dcheck1       fz_ws.l(dcheck1.o)
    0x08014938   0x000002b0   Code   RO         8883    x$fpl$ddiv          fz_ws.l(ddiv.o)
    0x08014be8   0x0000005e   Code   RO         8886    x$fpl$dfix          fz_ws.l(dfix.o)
    0x08014c46   0x00000002   PAD
    0x08014c48   0x0000005a   Code   RO         8890    x$fpl$dfixu         fz_ws.l(dfixu.o)
    0x08014ca2   0x0000002e   Code   RO         8895    x$fpl$dflt          fz_ws.l(dflt_clz.o)
    0x08014cd0   0x00000026   Code   RO         8894    x$fpl$dfltu         fz_ws.l(dflt_clz.o)
    0x08014cf6   0x00000002   PAD
    0x08014cf8   0x00000154   Code   RO         8902    x$fpl$dmul          fz_ws.l(dmul.o)
    0x08014e4c   0x0000009c   Code   RO         9002    x$fpl$dnaninf       fz_ws.l(dnaninf.o)
    0x08014ee8   0x0000000c   Code   RO         9004    x$fpl$dretinf       fz_ws.l(dretinf.o)
    0x08014ef4   0x00000016   Code   RO         8877    x$fpl$drsb          fz_ws.l(daddsub_clz.o)
    0x08014f0a   0x00000002   PAD
    0x08014f0c   0x000001cc   Code   RO         9006    x$fpl$dsqrt         fz_ws.l(dsqrt_noumaal.o)
    0x080150d8   0x000001d4   Code   RO         8878    x$fpl$dsub          fz_ws.l(daddsub_clz.o)
    0x080152ac   0x00000056   Code   RO         8904    x$fpl$f2d           fz_ws.l(f2d.o)
    0x08015302   0x00000002   PAD
    0x08015304   0x000000c4   Code   RO         8906    x$fpl$fadd          fz_ws.l(faddsub_clz.o)
    0x080153c8   0x0000000c   Code   RO         9008    x$fpl$fcheck1       fz_ws.l(fcheck1.o)
    0x080153d4   0x00000018   Code   RO         9010    x$fpl$fcmpinf       fz_ws.l(fcmpi.o)
    0x080153ec   0x00000184   Code   RO         8913    x$fpl$fdiv          fz_ws.l(fdiv.o)
    0x08015570   0x00000068   Code   RO         8916    x$fpl$feqf          fz_ws.l(feqf.o)
    0x080155d8   0x00000036   Code   RO         8918    x$fpl$ffix          fz_ws.l(ffix.o)
    0x0801560e   0x00000002   PAD
    0x08015610   0x0000003e   Code   RO         8922    x$fpl$ffixu         fz_ws.l(ffixu.o)
    0x0801564e   0x00000002   PAD
    0x08015650   0x00000030   Code   RO         8927    x$fpl$fflt          fz_ws.l(fflt_clz.o)
    0x08015680   0x00000026   Code   RO         8926    x$fpl$ffltu         fz_ws.l(fflt_clz.o)
    0x080156a6   0x00000002   PAD
    0x080156a8   0x00000102   Code   RO         8934    x$fpl$fmul          fz_ws.l(fmul.o)
    0x080157aa   0x0000008c   Code   RO         9012    x$fpl$fnaninf       fz_ws.l(fnaninf.o)
    0x08015836   0x0000000a   Code   RO         9014    x$fpl$fretinf       fz_ws.l(fretinf.o)
    0x08015840   0x000000ea   Code   RO         8908    x$fpl$fsub          fz_ws.l(faddsub_clz.o)
    0x0801592a   0x00000064   Code   RO         9095    x$fpl$retnan        fz_ws.l(retnan.o)
    0x0801598e   0x0000005c   Code   RO         9097    x$fpl$scalbn        fz_ws.l(scalbn.o)
    0x080159ea   0x0000004c   Code   RO         8936    x$fpl$scalbnf       fz_ws.l(scalbnf.o)
    0x08015a36   0x00000030   Code   RO         9124    x$fpl$trapveneer    fz_ws.l(trapv.o)
    0x08015a66   0x00000000   Code   RO         9018    x$fpl$usenofp       fz_ws.l(usenofp.o)
    0x08015a66   0x000017c0   Data   RO         2778    .constdata          lcd.o
    0x08017226   0x00000018   Data   RO         2961    .constdata          rtc.o
    0x0801723e   0x0000000c   Data   RO         3298    .constdata          touch.o
    0x0801724a   0x0000000a   Data   RO         3453    .constdata          ott2001a.o
    0x08017254   0x000000c2   Data   RO         3761    .constdata          gt9147.o
    0x08017316   0x0000000a   Data   RO         3800    .constdata          ft5206.o
    0x08017320   0x0000003a   Data   RO         4039    .constdata          ff.o
    0x0801735a   0x000003c0   Data   RO         4527    .constdata          mycc936.o
    0x0801771a   0x00000002   PAD
    0x0801771c   0x00000010   Data   RO         4549    .constdata          fontupd.o
    0x0801772c   0x00000100   Data   RO         4964    .constdata          os_core.o
    0x0801782c   0x0000000c   Data   RO         6008    .constdata          gui.o
    0x08017838   0x0000000c   Data   RO         6010    .constdata          gui.o
    0x08017844   0x0000000c   Data   RO         6011    .constdata          gui.o
    0x08017850   0x00000030   Data   RO         6490    .constdata          scrollbar.o
    0x08017880   0x00000078   Data   RO         7233    .constdata          calendar.o
    0x080178f8   0x0000018c   Data   RO         7340    .constdata          settings.o
    0x08017a84   0x0000006c   Data   RO         7452    .constdata          common.o
    0x08017af0   0x00000030   Data   RO         7453    .constdata          common.o
    0x08017b20   0x00000048   Data   RO         7454    .constdata          common.o
    0x08017b68   0x00000060   Data   RO         7455    .constdata          common.o
    0x08017bc8   0x000000f0   Data   RO         7456    .constdata          common.o
    0x08017cb8   0x00000012   Data   RO         8424    .constdata          usb_desc.o
    0x08017cca   0x00000020   Data   RO         8425    .constdata          usb_desc.o
    0x08017cea   0x00000004   Data   RO         8426    .constdata          usb_desc.o
    0x08017cee   0x0000001a   Data   RO         8427    .constdata          usb_desc.o
    0x08017d08   0x00000020   Data   RO         8428    .constdata          usb_desc.o
    0x08017d28   0x00000010   Data   RO         8429    .constdata          usb_desc.o
    0x08017d38   0x00000028   Data   RO         8808    .constdata          c_w.l(_printf_hex_int.o)
    0x08017d60   0x00000011   Data   RO         8838    .constdata          c_w.l(__printf_flags_wp.o)
    0x08017d71   0x00000007   PAD
    0x08017d78   0x00000030   Data   RO         9020    .constdata          m_ws.l(cos_i.o)
    0x08017da8   0x000000c8   Data   RO         9054    .constdata          m_ws.l(rred.o)
    0x08017e70   0x00000028   Data   RO         9058    .constdata          m_ws.l(sin_i.o)
    0x08017e98   0x00000079   Data   RO         3299    .conststring        touch.o
    0x08017f11   0x00000003   PAD
    0x08017f14   0x0000005f   Data   RO         4550    .conststring        fontupd.o
    0x08017f73   0x00000001   PAD
    0x08017f74   0x00000011   Data   RO         6013    .conststring        gui.o
    0x08017f85   0x00000003   PAD
    0x08017f88   0x0000000d   Data   RO         6015    .conststring        gui.o
    0x08017f95   0x00000003   PAD
    0x08017f98   0x0000000d   Data   RO         6016    .conststring        gui.o
    0x08017fa5   0x00000003   PAD
    0x08017fa8   0x0000012f   Data   RO         7236    .conststring        calendar.o
    0x080180d7   0x00000001   PAD
    0x080180d8   0x000004ce   Data   RO         7344    .conststring        settings.o
    0x080185a6   0x00000002   PAD
    0x080185a8   0x000000dd   Data   RO         7461    .conststring        common.o
    0x08018685   0x00000003   PAD
    0x08018688   0x00000142   Data   RO         7462    .conststring        common.o
    0x080187ca   0x00000002   PAD
    0x080187cc   0x00000020   Data   RO         9253    Region$$Table       anon$$obj.o
    0x080187ec   0x00000110   Data   RO         9135    locale$$data        c_w.l(lc_ctype_c.o)


    Execution Region RW_IRAM1 (Base: 0x20000000, Size: 0x0000b0c0, Max: 0x0000c000, ABSOLUTE, COMPRESSED[0x0000010c])

    Base Addr    Size         Type   Attr      Idx    E Section Name        Object

    0x20000000   0x00000002   Data   RW           17    .data               main.o
    0x20000002   0x00000002   PAD
    0x20000004   0x00000014   Data   RW          436    .data               system_stm32f10x.o
    0x20000018   0x00000014   Data   RW         1345    .data               stm32f10x_rcc.o
    0x2000002c   0x00000004   Data   RW         2538    .data               delay.o
    0x20000030   0x00000002   Data   RW         2632    .data               usart.o
    0x20000032   0x00000002   PAD
    0x20000034   0x00000004   Data   RW         2633    .data               usart.o
    0x20000038   0x00000002   Data   RW         2672    .data               key.o
    0x2000003a   0x00000004   Data   RW         2712    .data               timer.o
    0x2000003e   0x00000004   Data   RW         2779    .data               lcd.o
    0x20000042   0x00000002   Data   RW         2962    .data               rtc.o
    0x20000044   0x00000002   Data   RW         3197    .data               flash.o
    0x20000046   0x00000002   PAD
    0x20000048   0x0000003c   Data   RW         3300    .data               touch.o
    0x20000084   0x00000001   Data   RW         3454    .data               ott2001a.o
    0x20000085   0x00000003   PAD
    0x20000088   0x00000008   Data   RW         3563    .data               remote.o
    0x20000090   0x00000001   Data   RW         3661    .data               mmc_sd.o
    0x20000091   0x00000001   Data   RW         3762    .data               gt9147.o
    0x20000092   0x00000001   Data   RW         3801    .data               ft5206.o
    0x20000093   0x00000001   PAD
    0x20000094   0x00000014   Data   RW         3844    .data               malloc.o
    0x200000a8   0x00000008   Data   RW         3909    .data               diskio.o
    0x200000b0   0x0000000c   Data   RW         4040    .data               ff.o
    0x200000bc   0x00000014   Data   RW         4319    .data               exfuns.o
    0x200000d0   0x00000004   Data   RW         4320    .data               exfuns.o
    0x200000d4   0x0000003c   Data   RW         4965    .data               os_core.o
    0x20000110   0x00000004   Data   RW         4966    .data               os_core.o
    0x20000114   0x00000004   Data   RW         4967    .data               os_core.o
    0x20000118   0x0000000e   Data   RW         6018    .data               gui.o
    0x20000126   0x00000001   Data   RW         6266    .data               listbox.o
    0x20000127   0x00000001   PAD
    0x20000128   0x0000000d   Data   RW         7239    .data               calendar.o
    0x20000135   0x00000001   PAD
    0x20000136   0x0000000a   Data   RW         7348    .data               settings.o
    0x20000140   0x00000004   Data   RW         7463    .data               common.o
    0x20000144   0x00000004   Data   RW         7464    .data               common.o
    0x20000148   0x00000004   Data   RW         7465    .data               common.o
    0x2000014c   0x00000004   Data   RW         7466    .data               common.o
    0x20000150   0x0000000c   Data   RW         7467    .data               common.o
    0x2000015c   0x00000004   Data   RW         7634    .data               usb_core.o
    0x20000160   0x00000001   Data   RW         7739    .data               usb_init.o
    0x20000161   0x00000003   PAD
    0x20000164   0x0000000c   Data   RW         7740    .data               usb_init.o
    0x20000170   0x00000002   Data   RW         7742    .data               usb_init.o
    0x20000172   0x00000004   Data   RW         7765    .data               usb_int.o
    0x20000176   0x00000002   PAD
    0x20000178   0x00000008   Data   RW         8291    .data               mass_mal.o
    0x20000180   0x00000008   Data   RW         8292    .data               mass_mal.o
    0x20000188   0x00000038   Data   RW         8326    .data               memory.o
    0x200001c0   0x00000005   Data   RW         8354    .data               scsi_data.o
    0x200001c5   0x00000025   Data   RW         8355    .data               scsi_data.o
    0x200001ea   0x00000024   Data   RW         8356    .data               scsi_data.o
    0x2000020e   0x00000004   Data   RW         8357    .data               scsi_data.o
    0x20000212   0x00000008   Data   RW         8358    .data               scsi_data.o
    0x2000021a   0x00000012   Data   RW         8359    .data               scsi_data.o
    0x2000022c   0x00000008   Data   RW         8360    .data               scsi_data.o
    0x20000234   0x0000000c   Data   RW         8361    .data               scsi_data.o
    0x20000240   0x00000010   Data   RW         8380    .data               usb_bot.o
    0x20000250   0x0000001a   Data   RW         8430    .data               usb_desc.o
    0x2000026a   0x00000004   Data   RW         8461    .data               usb_istr.o
    0x2000026e   0x00000002   PAD
    0x20000270   0x0000001c   Data   RW         8462    .data               usb_istr.o
    0x2000028c   0x0000001c   Data   RW         8463    .data               usb_istr.o
    0x200002a8   0x0000006c   Data   RW         8494    .data               usb_prop.o
    0x20000314   0x00000002   Data   RW         8495    .data               usb_prop.o
    0x20000316   0x00000002   PAD
    0x20000318   0x00000024   Data   RW         8496    .data               usb_prop.o
    0x2000033c   0x00000004   Data   RW         8593    .data               usb_pwr.o
    0x20000340   0x00000001   Data   RW         8594    .data               usb_pwr.o
    0x20000341   0x00000003   PAD
    0x20000344   0x00000008   Data   RW         8595    .data               usb_pwr.o
    0x2000034c   0x00000004   PAD
    0x20000350   0x00000800   Zero   RW           15    .bss                main.o
    0x20000b50   0x000000c8   Zero   RW         2631    .bss                usart.o
    0x20000c18   0x0000000e   Zero   RW         2777    .bss                lcd.o
    0x20000c26   0x00000012   Zero   RW         3155    .bss                spi.o
    0x20000c38   0x00008c00   Zero   RW         3839    .bss                malloc.o
    0x20009838   0x000008c0   Zero   RW         3840    .bss                malloc.o
    0x2000a0f8   0x00000021   Zero   RW         4548    .bss                fontupd.o
    0x2000a119   0x00000003   PAD
    0x2000a11c   0x0000003c   Zero   RW         4781    .bss                piclib.o
    0x2000a158   0x000007b8   Zero   RW         4961    .bss                os_core.o
    0x2000a910   0x00000050   Zero   RW         4962    .bss                os_core.o
    0x2000a960   0x00000078   Zero   RW         4963    .bss                os_core.o
    0x2000a9d8   0x0000001d   Zero   RW         6006    .bss                gui.o
    0x2000a9f5   0x00000001   PAD
    0x2000a9f6   0x0000000a   Zero   RW         7232    .bss                calendar.o
    0x2000aa00   0x0000001c   Zero   RW         7738    .bss                usb_init.o
    0x2000aa1c   0x00000004   PAD
    0x2000aa20   0x00000010   Zero   RW         8290    .bss                mass_mal.o
    0x2000aa30   0x00000030   Zero   RW         8379    .bss                usb_bot.o
    0x2000aa60   0x00000060   Zero   RW         9104    .bss                c_w.l(libspace.o)
    0x2000aac0   0x00000200   Zero   RW          493    HEAP                startup_stm32f10x_hd.o
    0x2000acc0   0x00000400   Zero   RW          492    STACK               startup_stm32f10x_hd.o


==============================================================================

Image component sizes


      Code (inc. data)   RO Data    RW Data    ZI Data      Debug   Object Name

       322          0          0          0          0       4840   24cxx.o
       136         10          0          0          0        619   adc.o
       724         10          0          0          0       3069   bmp.o
      1630         18          0          0          0       9826   button.o
      4178        190        423         13         10       8727   calendar.o
      2634        134       1107         28          0      12929   common.o
         0          0          0          0          0         32   core_cm3.o
       596         70          0          0          0       5017   ctiic.o
       244         36          0          4          0     217057   delay.o
       494         50          0          8          0       7218   diskio.o
       224         24          0          0          0       1749   ds18b20.o
       134          4          0         24          0       2365   exfuns.o
      7928        150         58         12          0      34524   ff.o
         0          0          0          0          0       1080   filelistbox.o
       754         54          0          2          0       7205   flash.o
      1184        156        111          0         33       4786   fontupd.o
       694         34         10          1          0       3585   ft5206.o
       846         64        194          1          0       4322   gt9147.o
      3252        108         79         14         29      21023   gui.o
       484        132          0          0          0       6556   hw_config.o
       224         28          0          2          0       1758   key.o
     18922        240       6080          4         14      28114   lcd.o
        84         10          0          0          0        531   led.o
      1596         22          0          1          0       6434   listbox.o
      5150       1282          0          2       2048     297677   main.o
       300         30          0         20      38080       5289   malloc.o
       112          0          0         16         16       2635   mass_mal.o
       524         42          0         56          0       2631   memory.o
       144         16          0          0          0       2029   misc.o
      1164         32          0          1          0      10776   mmc_sd.o
       148         14        960          0          0       1735   mycc936.o
       612         70          0          0          0       4394   myiic.o
      1394        160        256         68       2176      17847   os_core.o
       180         36          0          0          0        356   os_cpu_a.o
       130          0          0          0          0      12931   os_cpu_c.o
        72         12          0          0          0        586   os_flag.o
        68         10          0          0          0        559   os_q.o
       786         78          0          0          0       5335   os_task.o
       104         22          0          0          0        604   os_time.o
       740         56         10          1          0       4880   ott2001a.o
       188         38          0          0         60       3769   piclib.o
         0          0          0          0          0        908   progressbar.o
       248         12          0          8          0       1038   remote.o
      1046         68         24          2          0       5569   rtc.o
      1398         10         48          0          0       5448   scrollbar.o
         0          0          0        128          0       1090   scsi_data.o
      2892        154       1626         10          0       8142   settings.o
       240         28          0          0         18       1969   spi.o
        64         26        304          0       1536        824   startup_stm32f10x_hd.o
       208         22          0          0          0       5927   stm32f10x_adc.o
        50          8          0          0          0       2668   stm32f10x_bkp.o
       124         10          0          0          0       1533   stm32f10x_exti.o
       252          6          0          0          0       3546   stm32f10x_gpio.o
        12          6          0          0          0        506   stm32f10x_pwr.o
       360         68          0         20          0       8210   stm32f10x_rcc.o
       228         50          0          0          0       5666   stm32f10x_rtc.o
        98          0          0          0          0       3730   stm32f10x_spi.o
        80          0          0          0          0       5670   stm32f10x_tim.o
       310          6          0          0          0       4730   stm32f10x_usart.o
       248         24          0         20          0       1809   system_stm32f10x.o
       506         16          0          0          0       2815   text.o
       188         14          0          4          0       1507   timer.o
      2536        194        133         60          0       9855   touch.o
       294         28          0          6        200       4196   usart.o
       810         74          0         16         48       5075   usb_bot.o
      2186        284          0          4          0      13659   usb_core.o
         0          0        128         26          0       1000   usb_desc.o
         8          0          0          0          0        905   usb_endp.o
        40         18          0         15         28       4026   usb_init.o
       344         30          0          4          0       1556   usb_int.o
       188         22          0         60          0       1496   usb_istr.o
        72         10          0          0          0       1508   usb_mem.o
       602        126          0        146          0      11202   usb_prop.o
       248         34          0         13          0       3640   usb_pwr.o
       570        102          0          0          0       8670   usb_regs.o
       872        130          0          0          0       9088   usb_scsi.o
       106          8          0          0          0       1902   usb_sil.o
       986         16          0          0          0       4707   window.o

    ----------------------------------------------------------------------
     77610       5046      11606        844      44308     923189   Object Totals
         0          0         32          0          0          0   (incl. Generated)
        96          0         23         24         12          0   (incl. Padding)

    ----------------------------------------------------------------------

      Code (inc. data)   RO Data    RW Data    ZI Data      Debug   Library Member Name

        60          8          0          0          0         84   __0sscanf.o
        90          0          0          0          0          0   __dczerorl2.o
         8          0          0          0          0         68   __main.o
       312          4         17          0          0         92   __printf_flags_wp.o
        14          0          0          0          0         68   __printf_wp.o
         0          0          0          0          0          0   __rtentry.o
        12          0          0          0          0          0   __rtentry2.o
         6          0          0          0          0          0   __rtentry4.o
        52          8          0          0          0          0   __scatter.o
        28          0          0          0          0          0   __scatter_zi.o
        28          0          0          0          0         68   _chval.o
        44          0          0          0          0        108   _printf_char.o
        48          6          0          0          0         96   _printf_char_common.o
        36          4          0          0          0         80   _printf_char_file.o
         6          0          0          0          0          0   _printf_d.o
       120         16          0          0          0         92   _printf_dec.o
        88          4         40          0          0         88   _printf_hex_int.o
       178          0          0          0          0         88   _printf_intcommon.o
        78          0          0          0          0        108   _printf_pad.o
         0          0          0          0          0          0   _printf_percent.o
         4          0          0          0          0          0   _printf_percent_end.o
         6          0          0          0          0          0   _printf_s.o
        82          0          0          0          0         80   _printf_str.o
         6          0          0          0          0          0   _printf_x.o
        22          0          0          0          0        100   _rserrno.o
       884          6          0          0          0        100   _scanf.o
       332          0          0          0          0         96   _scanf_int.o
        64          0          0          0          0         84   _sgetc.o
        10          0          0          0          0         68   _sputc.o
        12          0          0          0          0         72   exit.o
         8          0          0          0          0         68   ferror.o
         6          0          0          0          0        152   heapauxi.o
        18          0          0          0          0         76   isspace.o
        44         10        272          0          0         76   lc_ctype_c.o
         2          0          0          0          0          0   libinit.o
        20          0          0          0          0          0   libinit2.o
         2          0          0          0          0          0   libshutdown.o
         2          0          0          0          0          0   libshutdown2.o
         8          4          0          0         96         68   libspace.o
        72          0          0          0          0         76   llsdiv.o
       238          0          0          0          0        100   lludivv7m.o
        88          0          0          0          0         76   memcmp.o
        24          4          0          0          0         84   noretval__2printf.o
        40          6          0          0          0         84   noretval__2sprintf.o
        16          4          0          0          0         76   rt_ctype_table.o
         8          4          0          0          0         68   rt_errno_addr_intlibspace.o
         8          4          0          0          0         68   rt_locale_intlibspace.o
        78          0          0          0          0         80   rt_memclr_w.o
       138          0          0          0          0         68   rt_memcpy_v6.o
       100          0          0          0          0         80   rt_memcpy_w.o
         2          0          0          0          0          0   rtexit.o
        10          0          0          0          0          0   rtexit2.o
        44          8          0          0          0         84   scanf_char.o
        24          0          0          0          0         68   strcat.o
       128          0          0          0          0         68   strcmpv7m.o
        72          0          0          0          0         80   strcpy.o
        62          0          0          0          0         76   strlen.o
        74          0          0          0          0         80   sys_stackheap_outer.o
         2          0          0          0          0         68   use_no_semi.o
         2          0          0          0          0         68   use_no_semi_2.o
       826         16          0          0          0        348   daddsub_clz.o
        16          4          0          0          0         68   dcheck1.o
       688        140          0          0          0        208   ddiv.o
        94          4          0          0          0         92   dfix.o
        90          4          0          0          0         92   dfixu.o
        84          0          0          0          0        136   dflt_clz.o
       340         12          0          0          0        104   dmul.o
       156          4          0          0          0         92   dnaninf.o
        12          0          0          0          0         68   dretinf.o
       460         56          0          0          0        120   dsqrt_noumaal.o
        86          4          0          0          0         84   f2d.o
       430          8          0          0          0        168   faddsub_clz.o
        12          4          0          0          0         68   fcheck1.o
        24          0          0          0          0         68   fcmpi.o
       388         76          0          0          0         96   fdiv.o
       104          4          0          0          0         84   feqf.o
        54          4          0          0          0         84   ffix.o
        62          4          0          0          0         84   ffixu.o
        86          0          0          0          0        136   fflt_clz.o
       258          4          0          0          0         84   fmul.o
       140          4          0          0          0         84   fnaninf.o
        10          0          0          0          0         68   fretinf.o
       100          0          0          0          0         68   retnan.o
        92          0          0          0          0         68   scalbn.o
        76          0          0          0          0         68   scalbnf.o
        48          0          0          0          0         68   trapv.o
         0          0          0          0          0          0   usenofp.o
       156          8          0          0          0        104   cos.o
       252         22         48          0          0        124   cos_i.o
        34          6          0          0          0        204   dunder.o
        40          0          0          0          0         68   fpclassify.o
       170          0          0          0          0         96   poly.o
       904         76        200          0          0        140   rred.o
       160         10          0          0          0        108   sin.o
       236         12         40          0          0        128   sin_i.o
        76          0          0          0          0         84   sqrt.o

    ----------------------------------------------------------------------
     10764        586        624          0         96       7296   Library Totals
        30          0          7          0          0          0   (incl. Padding)

    ----------------------------------------------------------------------

      Code (inc. data)   RO Data    RW Data    ZI Data      Debug   Library Name

      3970        100        329          0         96       3532   c_w.l
      4736        352          0          0          0       2708   fz_ws.l
      2028        134        288          0          0       1056   m_ws.l

    ----------------------------------------------------------------------
     10764        586        624          0         96       7296   Library Totals

    ----------------------------------------------------------------------

==============================================================================


      Code (inc. data)   RO Data    RW Data    ZI Data      Debug   

     88374       5632      12230        844      44404     900633   Grand Totals
     88374       5632      12230        268      44404     900633   ELF Image Totals (compressed)
     88374       5632      12230        268          0          0   ROM Totals

==============================================================================

    Total RO  Size (Code + RO Data)               100604 (  98.25kB)
    Total RW  Size (RW Data + ZI Data)             45248 (  44.19kB)
    Total ROM Size (Code + RO Data + RW Data)     100872 (  98.51kB)

==============================================================================

